Archive member included to satisfy reference by file (symbol)

d:/programs/app/a_build/stm32cubeide/stm32cubeide/plugins/com.st.stm32cube.ide.mcu.externaltools.gnu-tools-for-stm32.9-2020-q2-update.win32_2.0.0.202105311346/tools/bin/../lib/gcc/arm-none-eabi/9.3.1/../../../../arm-none-eabi/lib/thumb/v7e-m+fp/hard\libc_nano.a(lib_a-errno.o)
                              ./Core/Src/syscalls.o (__errno)
d:/programs/app/a_build/stm32cubeide/stm32cubeide/plugins/com.st.stm32cube.ide.mcu.externaltools.gnu-tools-for-stm32.9-2020-q2-update.win32_2.0.0.202105311346/tools/bin/../lib/gcc/arm-none-eabi/9.3.1/../../../../arm-none-eabi/lib/thumb/v7e-m+fp/hard\libc_nano.a(lib_a-exit.o)
                              d:/programs/app/a_build/stm32cubeide/stm32cubeide/plugins/com.st.stm32cube.ide.mcu.externaltools.gnu-tools-for-stm32.9-2020-q2-update.win32_2.0.0.202105311346/tools/bin/../lib/gcc/arm-none-eabi/9.3.1/../../../../arm-none-eabi/lib/thumb/v7e-m+fp/hard/crt0.o (exit)
d:/programs/app/a_build/stm32cubeide/stm32cubeide/plugins/com.st.stm32cube.ide.mcu.externaltools.gnu-tools-for-stm32.9-2020-q2-update.win32_2.0.0.202105311346/tools/bin/../lib/gcc/arm-none-eabi/9.3.1/../../../../arm-none-eabi/lib/thumb/v7e-m+fp/hard\libc_nano.a(lib_a-fread.o)
                              ./Middlewares/Third_Party/LibJPEG/source/jdatasrc.o (fread)
d:/programs/app/a_build/stm32cubeide/stm32cubeide/plugins/com.st.stm32cube.ide.mcu.externaltools.gnu-tools-for-stm32.9-2020-q2-update.win32_2.0.0.202105311346/tools/bin/../lib/gcc/arm-none-eabi/9.3.1/../../../../arm-none-eabi/lib/thumb/v7e-m+fp/hard\libc_nano.a(lib_a-fwrite.o)
                              ./Middlewares/Third_Party/LibJPEG/source/jdatadst.o (fwrite)
d:/programs/app/a_build/stm32cubeide/stm32cubeide/plugins/com.st.stm32cube.ide.mcu.externaltools.gnu-tools-for-stm32.9-2020-q2-update.win32_2.0.0.202105311346/tools/bin/../lib/gcc/arm-none-eabi/9.3.1/../../../../arm-none-eabi/lib/thumb/v7e-m+fp/hard\libc_nano.a(lib_a-impure.o)
                              d:/programs/app/a_build/stm32cubeide/stm32cubeide/plugins/com.st.stm32cube.ide.mcu.externaltools.gnu-tools-for-stm32.9-2020-q2-update.win32_2.0.0.202105311346/tools/bin/../lib/gcc/arm-none-eabi/9.3.1/../../../../arm-none-eabi/lib/thumb/v7e-m+fp/hard\libc_nano.a(lib_a-exit.o) (_global_impure_ptr)
d:/programs/app/a_build/stm32cubeide/stm32cubeide/plugins/com.st.stm32cube.ide.mcu.externaltools.gnu-tools-for-stm32.9-2020-q2-update.win32_2.0.0.202105311346/tools/bin/../lib/gcc/arm-none-eabi/9.3.1/../../../../arm-none-eabi/lib/thumb/v7e-m+fp/hard\libc_nano.a(lib_a-init.o)
                              d:/programs/app/a_build/stm32cubeide/stm32cubeide/plugins/com.st.stm32cube.ide.mcu.externaltools.gnu-tools-for-stm32.9-2020-q2-update.win32_2.0.0.202105311346/tools/bin/../lib/gcc/arm-none-eabi/9.3.1/../../../../arm-none-eabi/lib/thumb/v7e-m+fp/hard/crt0.o (__libc_init_array)
d:/programs/app/a_build/stm32cubeide/stm32cubeide/plugins/com.st.stm32cube.ide.mcu.externaltools.gnu-tools-for-stm32.9-2020-q2-update.win32_2.0.0.202105311346/tools/bin/../lib/gcc/arm-none-eabi/9.3.1/../../../../arm-none-eabi/lib/thumb/v7e-m+fp/hard\libc_nano.a(lib_a-lock.o)
                              d:/programs/app/a_build/stm32cubeide/stm32cubeide/plugins/com.st.stm32cube.ide.mcu.externaltools.gnu-tools-for-stm32.9-2020-q2-update.win32_2.0.0.202105311346/tools/bin/../lib/gcc/arm-none-eabi/9.3.1/../../../../arm-none-eabi/lib/thumb/v7e-m+fp/hard\libc_nano.a(lib_a-fread.o) (__retarget_lock_acquire_recursive)
d:/programs/app/a_build/stm32cubeide/stm32cubeide/plugins/com.st.stm32cube.ide.mcu.externaltools.gnu-tools-for-stm32.9-2020-q2-update.win32_2.0.0.202105311346/tools/bin/../lib/gcc/arm-none-eabi/9.3.1/../../../../arm-none-eabi/lib/thumb/v7e-m+fp/hard\libc_nano.a(lib_a-malloc.o)
                              ./Core/Src/main.o (malloc)
d:/programs/app/a_build/stm32cubeide/stm32cubeide/plugins/com.st.stm32cube.ide.mcu.externaltools.gnu-tools-for-stm32.9-2020-q2-update.win32_2.0.0.202105311346/tools/bin/../lib/gcc/arm-none-eabi/9.3.1/../../../../arm-none-eabi/lib/thumb/v7e-m+fp/hard\libc_nano.a(lib_a-memcpy-stub.o)
                              ./Middlewares/Third_Party/LibJPEG/source/jchuff.o (memcpy)
d:/programs/app/a_build/stm32cubeide/stm32cubeide/plugins/com.st.stm32cube.ide.mcu.externaltools.gnu-tools-for-stm32.9-2020-q2-update.win32_2.0.0.202105311346/tools/bin/../lib/gcc/arm-none-eabi/9.3.1/../../../../arm-none-eabi/lib/thumb/v7e-m+fp/hard\libc_nano.a(lib_a-memset.o)
                              d:/programs/app/a_build/stm32cubeide/stm32cubeide/plugins/com.st.stm32cube.ide.mcu.externaltools.gnu-tools-for-stm32.9-2020-q2-update.win32_2.0.0.202105311346/tools/bin/../lib/gcc/arm-none-eabi/9.3.1/../../../../arm-none-eabi/lib/thumb/v7e-m+fp/hard/crt0.o (memset)
[...]
Memory Configuration

Name             Origin             Length             Attributes
CCMRAM           0x0000000010000000 0x0000000000010000 xrw
RAM              0x0000000020000000 0x0000000000020000 xrw
FLASH            0x0000000008000000 0x0000000000080000 xr
*default*        0x0000000000000000 0xffffffffffffffff

Linker script and memory map

LOAD d:/programs/app/a_build/stm32cubeide/stm32cubeide/plugins/com.st.stm32cube.ide.mcu.externaltools.gnu-tools-for-stm32.9-2020-q2-update.win32_2.0.0.202105311346/tools/bin/../lib/gcc/arm-none-eabi/9.3.1/thumb/v7e-m+fp/hard/crti.o
LOAD d:/programs/app/a_build/stm32cubeide/stm32cubeide/plugins/com.st.stm32cube.ide.mcu.externaltools.gnu-tools-for-stm32.9-2020-q2-update.win32_2.0.0.202105311346/tools/bin/../lib/gcc/arm-none-eabi/9.3.1/thumb/v7e-m+fp/hard/crtbegin.o
LOAD d:/programs/app/a_build/stm32cubeide/stm32cubeide/plugins/com.st.stm32cube.ide.mcu.externaltools.gnu-tools-for-stm32.9-2020-q2-update.win32_2.0.0.202105311346/tools/bin/../lib/gcc/arm-none-eabi/9.3.1/../../../../arm-none-eabi/lib/thumb/v7e-m+fp/hard/crt0.o
LOAD ./Core/Src/gpio.o
LOAD ./Core/Src/main.o
LOAD ./Core/Src/stm32f4xx_hal_msp.o
LOAD ./Core/Src/stm32f4xx_it.o
LOAD ./Core/Src/syscalls.o
LOAD ./Core/Src/sysmem.o
LOAD ./Core/Src/system_stm32f4xx.o
LOAD ./Core/Src/usart.o
LOAD ./Core/Startup/startup_stm32f407vetx.o
LOAD ./Drivers/STM32F4xx_HAL_Driver/Src/stm32f4xx_hal.o
LOAD ./Drivers/STM32F4xx_HAL_Driver/Src/stm32f4xx_hal_cortex.o
LOAD ./Drivers/STM32F4xx_HAL_Driver/Src/stm32f4xx_hal_dma.o
LOAD ./Drivers/STM32F4xx_HAL_Driver/Src/stm32f4xx_hal_dma_ex.o
LOAD ./Drivers/STM32F4xx_HAL_Driver/Src/stm32f4xx_hal_exti.o
LOAD ./Drivers/STM32F4xx_HAL_Driver/Src/stm32f4xx_hal_flash.o
LOAD ./Drivers/STM32F4xx_HAL_Driver/Src/stm32f4xx_hal_flash_ex.o
LOAD ./Drivers/STM32F4xx_HAL_Driver/Src/stm32f4xx_hal_flash_ramfunc.o
LOAD ./Drivers/STM32F4xx_HAL_Driver/Src/stm32f4xx_hal_gpio.o
LOAD ./Drivers/STM32F4xx_HAL_Driver/Src/stm32f4xx_hal_pwr.o
LOAD ./Drivers/STM32F4xx_HAL_Driver/Src/stm32f4xx_hal_pwr_ex.o
LOAD ./Drivers/STM32F4xx_HAL_Driver/Src/stm32f4xx_hal_rcc.o
LOAD ./Drivers/STM32F4xx_HAL_Driver/Src/stm32f4xx_hal_rcc_ex.o
LOAD ./Drivers/STM32F4xx_HAL_Driver/Src/stm32f4xx_hal_tim.o
LOAD ./Drivers/STM32F4xx_HAL_Driver/Src/stm32f4xx_hal_tim_ex.o
LOAD ./Drivers/STM32F4xx_HAL_Driver/Src/stm32f4xx_hal_uart.o
LOAD ./LIBJPEG/App/libjpeg.o
LOAD ./Middlewares/Third_Party/LibJPEG/source/jaricom.o
LOAD ./Middlewares/Third_Party/LibJPEG/source/jcapimin.o
LOAD ./Middlewares/Third_Party/LibJPEG/source/jcapistd.o
LOAD ./Middlewares/Third_Party/LibJPEG/source/jcarith.o
LOAD ./Middlewares/Third_Party/LibJPEG/source/jccoefct.o
LOAD ./Middlewares/Third_Party/LibJPEG/source/jccolor.o
LOAD ./Middlewares/Third_Party/LibJPEG/source/jcdctmgr.o
LOAD ./Middlewares/Third_Party/LibJPEG/source/jchuff.o
LOAD ./Middlewares/Third_Party/LibJPEG/source/jcinit.o
LOAD ./Middlewares/Third_Party/LibJPEG/source/jcmainct.o
LOAD ./Middlewares/Third_Party/LibJPEG/source/jcmarker.o
LOAD ./Middlewares/Third_Party/LibJPEG/source/jcmaster.o
LOAD ./Middlewares/Third_Party/LibJPEG/source/jcomapi.o
LOAD ./Middlewares/Third_Party/LibJPEG/source/jcparam.o
LOAD ./Middlewares/Third_Party/LibJPEG/source/jcprepct.o
LOAD ./Middlewares/Third_Party/LibJPEG/source/jcsample.o
LOAD ./Middlewares/Third_Party/LibJPEG/source/jctrans.o
LOAD ./Middlewares/Third_Party/LibJPEG/source/jdapimin.o
LOAD ./Middlewares/Third_Party/LibJPEG/source/jdapistd.o
LOAD ./Middlewares/Third_Party/LibJPEG/source/jdarith.o
LOAD ./Middlewares/Third_Party/LibJPEG/source/jdatadst.o
LOAD ./Middlewares/Third_Party/LibJPEG/source/jdatasrc.o
LOAD ./Middlewares/Third_Party/LibJPEG/source/jdcoefct.o
LOAD ./Middlewares/Third_Party/LibJPEG/source/jdcolor.o
LOAD ./Middlewares/Third_Party/LibJPEG/source/jddctmgr.o
LOAD ./Middlewares/Third_Party/LibJPEG/source/jdhuff.o
LOAD ./Middlewares/Third_Party/LibJPEG/source/jdinput.o
LOAD ./Middlewares/Third_Party/LibJPEG/source/jdmainct.o
LOAD ./Middlewares/Third_Party/LibJPEG/source/jdmarker.o
LOAD ./Middlewares/Third_Party/LibJPEG/source/jdmaster.o
LOAD ./Middlewares/Third_Party/LibJPEG/source/jdmerge.o
LOAD ./Middlewares/Third_Party/LibJPEG/source/jdpostct.o
LOAD ./Middlewares/Third_Party/LibJPEG/source/jdsample.o
LOAD ./Middlewares/Third_Party/LibJPEG/source/jdtrans.o
LOAD ./Middlewares/Third_Party/LibJPEG/source/jerror.o
LOAD ./Middlewares/Third_Party/LibJPEG/source/jfdctflt.o
LOAD ./Middlewares/Third_Party/LibJPEG/source/jfdctfst.o
LOAD ./Middlewares/Third_Party/LibJPEG/source/jfdctint.o
LOAD ./Middlewares/Third_Party/LibJPEG/source/jidctflt.o
LOAD ./Middlewares/Third_Party/LibJPEG/source/jidctfst.o
LOAD ./Middlewares/Third_Party/LibJPEG/source/jidctint.o
LOAD ./Middlewares/Third_Party/LibJPEG/source/jmemmgr.o
LOAD ./Middlewares/Third_Party/LibJPEG/source/jmemnobs.o
LOAD ./Middlewares/Third_Party/LibJPEG/source/jquant1.o
LOAD ./Middlewares/Third_Party/LibJPEG/source/jquant2.o
LOAD ./Middlewares/Third_Party/LibJPEG/source/jutils.o
START GROUP
LOAD d:/programs/app/a_build/stm32cubeide/stm32cubeide/plugins/com.st.stm32cube.ide.mcu.externaltools.gnu-tools-for-stm32.9-2020-q2-update.win32_2.0.0.202105311346/tools/bin/../lib/gcc/arm-none-eabi/9.3.1/../../../../arm-none-eabi/lib/thumb/v7e-m+fp/hard\libstdc++_nano.a
LOAD d:/programs/app/a_build/stm32cubeide/stm32cubeide/plugins/com.st.stm32cube.ide.mcu.externaltools.gnu-tools-for-stm32.9-2020-q2-update.win32_2.0.0.202105311346/tools/bin/../lib/gcc/arm-none-eabi/9.3.1/../../../../arm-none-eabi/lib/thumb/v7e-m+fp/hard\libsupc++_nano.a
END GROUP
LOAD d:/programs/app/a_build/stm32cubeide/stm32cubeide/plugins/com.st.stm32cube.ide.mcu.externaltools.gnu-tools-for-stm32.9-2020-q2-update.win32_2.0.0.202105311346/tools/bin/../lib/gcc/arm-none-eabi/9.3.1/../../../../arm-none-eabi/lib/thumb/v7e-m+fp/hard\libstdc++_nano.a
LOAD d:/programs/app/a_build/stm32cubeide/stm32cubeide/plugins/com.st.stm32cube.ide.mcu.externaltools.gnu-tools-for-stm32.9-2020-q2-update.win32_2.0.0.202105311346/tools/bin/../lib/gcc/arm-none-eabi/9.3.1/../../../../arm-none-eabi/lib/thumb/v7e-m+fp/hard\libm.a
LOAD d:/programs/app/a_build/stm32cubeide/stm32cubeide/plugins/com.st.stm32cube.ide.mcu.externaltools.gnu-tools-for-stm32.9-2020-q2-update.win32_2.0.0.202105311346/tools/bin/../lib/gcc/arm-none-eabi/9.3.1/../../../../arm-none-eabi/lib/thumb/v7e-m+fp/hard\libc_nano.a
START GROUP
LOAD d:/programs/app/a_build/stm32cubeide/stm32cubeide/plugins/com.st.stm32cube.ide.mcu.externaltools.gnu-tools-for-stm32.9-2020-q2-update.win32_2.0.0.202105311346/tools/bin/../lib/gcc/arm-none-eabi/9.3.1/thumb/v7e-m+fp/hard\libgcc.a
LOAD d:/programs/app/a_build/stm32cubeide/stm32cubeide/plugins/com.st.stm32cube.ide.mcu.externaltools.gnu-tools-for-stm32.9-2020-q2-update.win32_2.0.0.202105311346/tools/bin/../lib/gcc/arm-none-eabi/9.3.1/../../../../arm-none-eabi/lib/thumb/v7e-m+fp/hard\libc_nano.a
END GROUP
START GROUP
LOAD d:/programs/app/a_build/stm32cubeide/stm32cubeide/plugins/com.st.stm32cube.ide.mcu.externaltools.gnu-tools-for-stm32.9-2020-q2-update.win32_2.0.0.202105311346/tools/bin/../lib/gcc/arm-none-eabi/9.3.1/thumb/v7e-m+fp/hard\libgcc.a
LOAD d:/programs/app/a_build/stm32cubeide/stm32cubeide/plugins/com.st.stm32cube.ide.mcu.externaltools.gnu-tools-for-stm32.9-2020-q2-update.win32_2.0.0.202105311346/tools/bin/../lib/gcc/arm-none-eabi/9.3.1/../../../../arm-none-eabi/lib/thumb/v7e-m+fp/hard\libc_nano.a
LOAD d:/programs/app/a_build/stm32cubeide/stm32cubeide/plugins/com.st.stm32cube.ide.mcu.externaltools.gnu-tools-for-stm32.9-2020-q2-update.win32_2.0.0.202105311346/tools/bin/../lib/gcc/arm-none-eabi/9.3.1/../../../../arm-none-eabi/lib/thumb/v7e-m+fp/hard\libnosys.a
END GROUP
START GROUP
LOAD d:/programs/app/a_build/stm32cubeide/stm32cubeide/plugins/com.st.stm32cube.ide.mcu.externaltools.gnu-tools-for-stm32.9-2020-q2-update.win32_2.0.0.202105311346/tools/bin/../lib/gcc/arm-none-eabi/9.3.1/thumb/v7e-m+fp/hard\libgcc.a
LOAD d:/programs/app/a_build/stm32cubeide/stm32cubeide/plugins/com.st.stm32cube.ide.mcu.externaltools.gnu-tools-for-stm32.9-2020-q2-update.win32_2.0.0.202105311346/tools/bin/../lib/gcc/arm-none-eabi/9.3.1/../../../../arm-none-eabi/lib/thumb/v7e-m+fp/hard\libc_nano.a
LOAD d:/programs/app/a_build/stm32cubeide/stm32cubeide/plugins/com.st.stm32cube.ide.mcu.externaltools.gnu-tools-for-stm32.9-2020-q2-update.win32_2.0.0.202105311346/tools/bin/../lib/gcc/arm-none-eabi/9.3.1/../../../../arm-none-eabi/lib/thumb/v7e-m+fp/hard\libnosys.a
END GROUP
LOAD d:/programs/app/a_build/stm32cubeide/stm32cubeide/plugins/com.st.stm32cube.ide.mcu.externaltools.gnu-tools-for-stm32.9-2020-q2-update.win32_2.0.0.202105311346/tools/bin/../lib/gcc/arm-none-eabi/9.3.1/thumb/v7e-m+fp/hard/crtend.o
LOAD d:/programs/app/a_build/stm32cubeide/stm32cubeide/plugins/com.st.stm32cube.ide.mcu.externaltools.gnu-tools-for-stm32.9-2020-q2-update.win32_2.0.0.202105311346/tools/bin/../lib/gcc/arm-none-eabi/9.3.1/thumb/v7e-m+fp/hard/crtn.o
                0x0000000020020000                _estack = (ORIGIN (RAM) + LENGTH (RAM))
                0x0000000000000200                _Min_Heap_Size = 0x200
                0x0000000000000400                _Min_Stack_Size = 0x400

.isr_vector     0x0000000008000000      0x188
                0x0000000008000000                . = ALIGN (0x4)
 *(.isr_vector)
 .isr_vector    0x0000000008000000      0x188 ./Core/Startup/startup_stm32f407vetx.o
                0x0000000008000000                g_pfnVectors
                0x0000000008000188                . = ALIGN (0x4)

.text           0x0000000008000190    0x1faac
                0x0000000008000190                . = ALIGN (0x4)
 *(.text)
 .text          0x0000000008000190       0x40 d:/programs/app/a_build/stm32cubeide/stm32cubeide/plugins/com.st.stm32cube.ide.mcu.externaltools.gnu-tools-for-stm32.9-2020-q2-update.win32_2.0.0.202105311346/tools/bin/../lib/gcc/arm-none-eabi/9.3.1/thumb/v7e-m+fp/hard/crtbegin.o
 .text          0x00000000080001d0       0xa0 d:/programs/app/a_build/stm32cubeide/stm32cubeide/plugins/com.st.stm32cube.ide.mcu.externaltools.gnu-tools-for-stm32.9-2020-q2-update.win32_2.0.0.202105311346/tools/bin/../lib/gcc/arm-none-eabi/9.3.1/../../../../arm-none-eabi/lib/thumb/v7e-m+fp/hard\libc_nano.a(lib_a-memchr.o)
                0x00000000080001d0                memchr
 .text          0x0000000008000270      0x378 d:/programs/app/a_build/stm32cubeide/stm32cubeide/plugins/com.st.stm32cube.ide.mcu.externaltools.gnu-tools-for-stm32.9-2020-q2-update.win32_2.0.0.202105311346/tools/bin/../lib/gcc/arm-none-eabi/9.3.1/thumb/v7e-m+fp/hard\libgcc.a(_arm_addsubdf3.o)
                0x0000000008000270                __aeabi_drsub
                0x0000000008000278                __aeabi_dsub
                0x0000000008000278                __subdf3
                0x000000000800027c                __aeabi_dadd
                0x000000000800027c                __adddf3
                0x00000000080004f4                __floatunsidf
                0x00000000080004f4                __aeabi_ui2d
                0x0000000008000514                __floatsidf
                0x0000000008000514                __aeabi_i2d
                0x0000000008000538                __aeabi_f2d
                0x0000000008000538                __extendsfdf2
                0x000000000800057c                __floatundidf
                0x000000000800057c                __aeabi_ul2d
                0x000000000800058c                __floatdidf
                0x000000000800058c                __aeabi_l2d
 .text          0x00000000080005e8      0x424 d:/programs/app/a_build/stm32cubeide/stm32cubeide/plugins/com.st.stm32cube.ide.mcu.externaltools.gnu-tools-for-stm32.9-2020-q2-update.win32_2.0.0.202105311346/tools/bin/../lib/gcc/arm-none-eabi/9.3.1/thumb/v7e-m+fp/hard\libgcc.a(_arm_muldivdf3.o)
                0x00000000080005e8                __aeabi_dmul
                0x00000000080005e8                __muldf3
                0x000000000800083c                __divdf3
                0x000000000800083c                __aeabi_ddiv
 .text          0x0000000008000a0c       0xa0 d:/programs/app/a_build/stm32cubeide/stm32cubeide/plugins/com.st.stm32cube.ide.mcu.externaltools.gnu-tools-for-stm32.9-2020-q2-update.win32_2.0.0.202105311346/tools/bin/../lib/gcc/arm-none-eabi/9.3.1/thumb/v7e-m+fp/hard\libgcc.a(_arm_truncdfsf2.o)
                0x0000000008000a0c                __truncdfsf2
                0x0000000008000a0c                __aeabi_d2f
 .text          0x0000000008000aac       0x30 d:/programs/app/a_build/stm32cubeide/stm32cubeide/plugins/com.st.stm32cube.ide.mcu.externaltools.gnu-tools-for-stm32.9-2020-q2-update.win32_2.0.0.202105311346/tools/bin/../lib/gcc/arm-none-eabi/9.3.1/thumb/v7e-m+fp/hard\libgcc.a(_aeabi_uldivmod.o)
                0x0000000008000aac                __aeabi_uldivmod
 .text          0x0000000008000adc      0x2c4 d:/programs/app/a_build/stm32cubeide/stm32cubeide/plugins/com.st.stm32cube.ide.mcu.externaltools.gnu-tools-for-stm32.9-2020-q2-update.win32_2.0.0.202105311346/tools/bin/../lib/gcc/arm-none-eabi/9.3.1/thumb/v7e-m+fp/hard\libgcc.a(_udivmoddi4.o)
                0x0000000008000adc                __udivmoddi4
 .text          0x0000000008000da0        0x4 d:/programs/app/a_build/stm32cubeide/stm32cubeide/plugins/com.st.stm32cube.ide.mcu.externaltools.gnu-tools-for-stm32.9-2020-q2-update.win32_2.0.0.202105311346/tools/bin/../lib/gcc/arm-none-eabi/9.3.1/thumb/v7e-m+fp/hard\libgcc.a(_dvmd_tls.o)
                0x0000000008000da0                __aeabi_idiv0
                0x0000000008000da0                __aeabi_ldiv0
 *(.text*)
 .text.MX_GPIO_Init
                0x0000000008000da4       0xbc ./Core/Src/gpio.o
                0x0000000008000da4                MX_GPIO_Init
 .text.main     0x0000000008000e60      0x4b4 ./Core/Src/main.o
                0x0000000008000e60                main
 .text.SystemClock_Config
                0x0000000008001314       0xbc ./Core/Src/main.o
                0x0000000008001314                SystemClock_Config
 .text.Error_Handler
                0x00000000080013d0        0xa ./Core/Src/main.o
                0x00000000080013d0                Error_Handler
 *fill*         0x00000000080013da        0x2 
 .text.HAL_MspInit
                0x00000000080013dc       0x50 ./Core/Src/stm32f4xx_hal_msp.o
                0x00000000080013dc                HAL_MspInit
 .text.NMI_Handler
                0x000000000800142c        0x6 ./Core/Src/stm32f4xx_it.o
                0x000000000800142c                NMI_Handler
 .text.HardFault_Handler
                0x0000000008001432        0x6 ./Core/Src/stm32f4xx_it.o
                0x0000000008001432                HardFault_Handler
 .text.MemManage_Handler
                0x0000000008001438        0x6 ./Core/Src/stm32f4xx_it.o
                0x0000000008001438                MemManage_Handler
 .text.BusFault_Handler
                0x000000000800143e        0x6 ./Core/Src/stm32f4xx_it.o
                0x000000000800143e                BusFault_Handler
 .text.UsageFault_Handler
                0x0000000008001444        0x6 ./Core/Src/stm32f4xx_it.o
                0x0000000008001444                UsageFault_Handler
 .text.SVC_Handler
                0x000000000800144a        0xe ./Core/Src/stm32f4xx_it.o
                0x000000000800144a                SVC_Handler
 .text.DebugMon_Handler
                0x0000000008001458        0xe ./Core/Src/stm32f4xx_it.o
                0x0000000008001458                DebugMon_Handler
 .text.PendSV_Handler
                0x0000000008001466        0xe ./Core/Src/stm32f4xx_it.o
                0x0000000008001466                PendSV_Handler
 .text.SysTick_Handler
                0x0000000008001474        0xc ./Core/Src/stm32f4xx_it.o
                0x0000000008001474                SysTick_Handler
 .text.USART1_IRQHandler
                0x0000000008001480       0x14 ./Core/Src/stm32f4xx_it.o
                0x0000000008001480                USART1_IRQHandler
 .text._sbrk    0x0000000008001494       0x6c ./Core/Src/sysmem.o
                0x0000000008001494                _sbrk
 .text.SystemInit
                0x0000000008001500       0x24 ./Core/Src/system_stm32f4xx.o
                0x0000000008001500                SystemInit
 .text.MX_USART1_UART_Init
                0x0000000008001524       0x54 ./Core/Src/usart.o
                0x0000000008001524                MX_USART1_UART_Init
 .text.HAL_UART_MspInit
                0x0000000008001578       0xa0 ./Core/Src/usart.o
                0x0000000008001578                HAL_UART_MspInit
 .text.Reset_Handler
                0x0000000008001618       0x50 ./Core/Startup/startup_stm32f407vetx.o
                0x0000000008001618                Reset_Handler
 .text.Default_Handler
                0x0000000008001668        0x2 ./Core/Startup/startup_stm32f407vetx.o
                0x0000000008001668                RTC_Alarm_IRQHandler
                0x0000000008001668                HASH_RNG_IRQHandler
                0x0000000008001668                EXTI2_IRQHandler
                0x0000000008001668                TIM8_CC_IRQHandler
                0x0000000008001668                TIM1_CC_IRQHandler
                0x0000000008001668                DMA2_Stream5_IRQHandler
                0x0000000008001668                DMA1_Stream5_IRQHandler
                0x0000000008001668                PVD_IRQHandler
                0x0000000008001668                SDIO_IRQHandler
                0x0000000008001668                TAMP_STAMP_IRQHandler
                0x0000000008001668                CAN2_RX1_IRQHandler
                0x0000000008001668                EXTI3_IRQHandler
                0x0000000008001668                TIM8_TRG_COM_TIM14_IRQHandler
                0x0000000008001668                TIM1_UP_TIM10_IRQHandler
                0x0000000008001668                TIM8_UP_TIM13_IRQHandler
                0x0000000008001668                I2C3_ER_IRQHandler
                0x0000000008001668                EXTI0_IRQHandler
                0x0000000008001668                I2C2_EV_IRQHandler
                0x0000000008001668                DMA1_Stream2_IRQHandler
                0x0000000008001668                CAN1_RX0_IRQHandler
                0x0000000008001668                FPU_IRQHandler
                0x0000000008001668                OTG_HS_WKUP_IRQHandler
                0x0000000008001668                CAN2_SCE_IRQHandler
                0x0000000008001668                DMA2_Stream2_IRQHandler
                0x0000000008001668                SPI1_IRQHandler
                0x0000000008001668                TIM6_DAC_IRQHandler
                0x0000000008001668                TIM1_BRK_TIM9_IRQHandler
                0x0000000008001668                DCMI_IRQHandler
                0x0000000008001668                CAN2_RX0_IRQHandler
                0x0000000008001668                DMA2_Stream3_IRQHandler
                0x0000000008001668                USART6_IRQHandler
                0x0000000008001668                USART3_IRQHandler
                0x0000000008001668                CAN1_RX1_IRQHandler
                0x0000000008001668                UART5_IRQHandler
                0x0000000008001668                DMA2_Stream0_IRQHandler
                0x0000000008001668                TIM4_IRQHandler
                0x0000000008001668                I2C1_EV_IRQHandler
                0x0000000008001668                DMA1_Stream6_IRQHandler
                0x0000000008001668                DMA1_Stream1_IRQHandler
                0x0000000008001668                UART4_IRQHandler
                0x0000000008001668                TIM3_IRQHandler
                0x0000000008001668                RCC_IRQHandler
                0x0000000008001668                TIM8_BRK_TIM12_IRQHandler
                0x0000000008001668                Default_Handler
                0x0000000008001668                EXTI15_10_IRQHandler
                0x0000000008001668                ADC_IRQHandler
                0x0000000008001668                DMA1_Stream7_IRQHandler
                0x0000000008001668                TIM7_IRQHandler
                0x0000000008001668                CAN2_TX_IRQHandler
                0x0000000008001668                TIM5_IRQHandler
                0x0000000008001668                DMA2_Stream7_IRQHandler
                0x0000000008001668                I2C3_EV_IRQHandler
                0x0000000008001668                EXTI9_5_IRQHandler
                0x0000000008001668                RTC_WKUP_IRQHandler
                0x0000000008001668                ETH_WKUP_IRQHandler
                0x0000000008001668                SPI2_IRQHandler
                0x0000000008001668                OTG_HS_EP1_IN_IRQHandler
                0x0000000008001668                DMA1_Stream0_IRQHandler
                0x0000000008001668                CAN1_TX_IRQHandler
                0x0000000008001668                EXTI4_IRQHandler
                0x0000000008001668                FSMC_IRQHandler
                0x0000000008001668                ETH_IRQHandler
                0x0000000008001668                OTG_HS_EP1_OUT_IRQHandler
                0x0000000008001668                WWDG_IRQHandler
                0x0000000008001668                TIM2_IRQHandler
                0x0000000008001668                OTG_FS_WKUP_IRQHandler
                0x0000000008001668                TIM1_TRG_COM_TIM11_IRQHandler
                0x0000000008001668                OTG_HS_IRQHandler
                0x0000000008001668                EXTI1_IRQHandler
                0x0000000008001668                USART2_IRQHandler
                0x0000000008001668                I2C2_ER_IRQHandler
                0x0000000008001668                DMA2_Stream1_IRQHandler
                0x0000000008001668                CAN1_SCE_IRQHandler
                0x0000000008001668                FLASH_IRQHandler
                0x0000000008001668                DMA2_Stream4_IRQHandler
                0x0000000008001668                OTG_FS_IRQHandler
                0x0000000008001668                SPI3_IRQHandler
                0x0000000008001668                DMA1_Stream4_IRQHandler
                0x0000000008001668                I2C1_ER_IRQHandler
                0x0000000008001668                DMA2_Stream6_IRQHandler
                0x0000000008001668                DMA1_Stream3_IRQHandler
 *fill*         0x000000000800166a        0x2 
 .text.HAL_Init
                0x000000000800166c       0x44 ./Drivers/STM32F4xx_HAL_Driver/Src/stm32f4xx_hal.o
                0x000000000800166c                HAL_Init
 .text.HAL_InitTick
                0x00000000080016b0       0x60 ./Drivers/STM32F4xx_HAL_Driver/Src/stm32f4xx_hal.o
                0x00000000080016b0                HAL_InitTick
 .text.HAL_IncTick
                0x0000000008001710       0x28 ./Drivers/STM32F4xx_HAL_Driver/Src/stm32f4xx_hal.o
                0x0000000008001710                HAL_IncTick
 .text.HAL_GetTick
                0x0000000008001738       0x18 ./Drivers/STM32F4xx_HAL_Driver/Src/stm32f4xx_hal.o
                0x0000000008001738                HAL_GetTick
 .text.HAL_Delay
                0x0000000008001750       0x48 ./Drivers/STM32F4xx_HAL_Driver/Src/stm32f4xx_hal.o
                0x0000000008001750                HAL_Delay
 .text.__NVIC_SetPriorityGrouping
                0x0000000008001798       0x48 ./Drivers/STM32F4xx_HAL_Driver/Src/stm32f4xx_hal_cortex.o
 .text.__NVIC_GetPriorityGrouping
                0x00000000080017e0       0x1c ./Drivers/STM32F4xx_HAL_Driver/Src/stm32f4xx_hal_cortex.o
 .text.__NVIC_EnableIRQ
                0x00000000080017fc       0x3c ./Drivers/STM32F4xx_HAL_Driver/Src/stm32f4xx_hal_cortex.o
 .text.__NVIC_SetPriority
                0x0000000008001838       0x54 ./Drivers/STM32F4xx_HAL_Driver/Src/stm32f4xx_hal_cortex.o
 .text.NVIC_EncodePriority
                0x000000000800188c       0x66 ./Drivers/STM32F4xx_HAL_Driver/Src/stm32f4xx_hal_cortex.o
 *fill*         0x00000000080018f2        0x2 
 .text.SysTick_Config
                0x00000000080018f4       0x44 ./Drivers/STM32F4xx_HAL_Driver/Src/stm32f4xx_hal_cortex.o
 .text.HAL_NVIC_SetPriorityGrouping
                0x0000000008001938       0x16 ./Drivers/STM32F4xx_HAL_Driver/Src/stm32f4xx_hal_cortex.o
                0x0000000008001938                HAL_NVIC_SetPriorityGrouping
 .text.HAL_NVIC_SetPriority
                0x000000000800194e       0x38 ./Drivers/STM32F4xx_HAL_Driver/Src/stm32f4xx_hal_cortex.o
                0x000000000800194e                HAL_NVIC_SetPriority
 .text.HAL_NVIC_EnableIRQ
                0x0000000008001986       0x1c ./Drivers/STM32F4xx_HAL_Driver/Src/stm32f4xx_hal_cortex.o
                0x0000000008001986                HAL_NVIC_EnableIRQ
 .text.HAL_SYSTICK_Config
                0x00000000080019a2       0x18 ./Drivers/STM32F4xx_HAL_Driver/Src/stm32f4xx_hal_cortex.o
                0x00000000080019a2                HAL_SYSTICK_Config
 .text.HAL_DMA_Abort
                0x00000000080019ba       0xe0 ./Drivers/STM32F4xx_HAL_Driver/Src/stm32f4xx_hal_dma.o
                0x00000000080019ba                HAL_DMA_Abort
 .text.HAL_DMA_Abort_IT
                0x0000000008001a9a       0x44 ./Drivers/STM32F4xx_HAL_Driver/Src/stm32f4xx_hal_dma.o
                0x0000000008001a9a                HAL_DMA_Abort_IT
 *fill*         0x0000000008001ade        0x2 
 .text.HAL_GPIO_Init
                0x0000000008001ae0      0x338 ./Drivers/STM32F4xx_HAL_Driver/Src/stm32f4xx_hal_gpio.o
                0x0000000008001ae0                HAL_GPIO_Init
 .text.HAL_GPIO_WritePin
                0x0000000008001e18       0x32 ./Drivers/STM32F4xx_HAL_Driver/Src/stm32f4xx_hal_gpio.o
                0x0000000008001e18                HAL_GPIO_WritePin
 .text.HAL_GPIO_TogglePin
                0x0000000008001e4a       0x34 ./Drivers/STM32F4xx_HAL_Driver/Src/stm32f4xx_hal_gpio.o
                0x0000000008001e4a                HAL_GPIO_TogglePin
 *fill*         0x0000000008001e7e        0x2 
 .text.HAL_RCC_OscConfig
                0x0000000008001e80      0x4f0 ./Drivers/STM32F4xx_HAL_Driver/Src/stm32f4xx_hal_rcc.o
                0x0000000008001e80                HAL_RCC_OscConfig
 .text.HAL_RCC_ClockConfig
                0x0000000008002370      0x1cc ./Drivers/STM32F4xx_HAL_Driver/Src/stm32f4xx_hal_rcc.o
                0x0000000008002370                HAL_RCC_ClockConfig
 .text.HAL_RCC_GetSysClockFreq
                0x000000000800253c      0x16c ./Drivers/STM32F4xx_HAL_Driver/Src/stm32f4xx_hal_rcc.o
                0x000000000800253c                HAL_RCC_GetSysClockFreq
 .text.HAL_RCC_GetHCLKFreq
                0x00000000080026a8       0x18 ./Drivers/STM32F4xx_HAL_Driver/Src/stm32f4xx_hal_rcc.o
                0x00000000080026a8                HAL_RCC_GetHCLKFreq
 .text.HAL_RCC_GetPCLK1Freq
                0x00000000080026c0       0x28 ./Drivers/STM32F4xx_HAL_Driver/Src/stm32f4xx_hal_rcc.o
                0x00000000080026c0                HAL_RCC_GetPCLK1Freq
 .text.HAL_RCC_GetPCLK2Freq
                0x00000000080026e8       0x28 ./Drivers/STM32F4xx_HAL_Driver/Src/stm32f4xx_hal_rcc.o
                0x00000000080026e8                HAL_RCC_GetPCLK2Freq
 .text.HAL_UART_Init
                0x0000000008002710       0x9a ./Drivers/STM32F4xx_HAL_Driver/Src/stm32f4xx_hal_uart.o
                0x0000000008002710                HAL_UART_Init
 .text.HAL_UART_Transmit
                0x00000000080027aa      0x124 ./Drivers/STM32F4xx_HAL_Driver/Src/stm32f4xx_hal_uart.o
                0x00000000080027aa                HAL_UART_Transmit
 .text.HAL_UART_Receive
                0x00000000080028ce      0x144 ./Drivers/STM32F4xx_HAL_Driver/Src/stm32f4xx_hal_uart.o
                0x00000000080028ce                HAL_UART_Receive
 *fill*         0x0000000008002a12        0x2 
 .text.HAL_UART_IRQHandler
                0x0000000008002a14      0x51c ./Drivers/STM32F4xx_HAL_Driver/Src/stm32f4xx_hal_uart.o
                0x0000000008002a14                HAL_UART_IRQHandler
 .text.HAL_UART_TxCpltCallback
                0x0000000008002f30       0x14 ./Drivers/STM32F4xx_HAL_Driver/Src/stm32f4xx_hal_uart.o
                0x0000000008002f30                HAL_UART_TxCpltCallback
 .text.HAL_UART_RxCpltCallback
                0x0000000008002f44       0x14 ./Drivers/STM32F4xx_HAL_Driver/Src/stm32f4xx_hal_uart.o
                0x0000000008002f44                HAL_UART_RxCpltCallback
 .text.HAL_UART_ErrorCallback
                0x0000000008002f58       0x14 ./Drivers/STM32F4xx_HAL_Driver/Src/stm32f4xx_hal_uart.o
                0x0000000008002f58                HAL_UART_ErrorCallback
 .text.HAL_UARTEx_RxEventCallback
                0x0000000008002f6c       0x18 ./Drivers/STM32F4xx_HAL_Driver/Src/stm32f4xx_hal_uart.o
                0x0000000008002f6c                HAL_UARTEx_RxEventCallback
 .text.UART_WaitOnFlagUntilTimeout
                0x0000000008002f84       0xdc ./Drivers/STM32F4xx_HAL_Driver/Src/stm32f4xx_hal_uart.o
 .text.UART_EndRxTransfer
                0x0000000008003060       0xc6 ./Drivers/STM32F4xx_HAL_Driver/Src/stm32f4xx_hal_uart.o
 .text.UART_DMAAbortOnError
                0x0000000008003126       0x28 ./Drivers/STM32F4xx_HAL_Driver/Src/stm32f4xx_hal_uart.o
 .text.UART_Transmit_IT
                0x000000000800314e       0xa0 ./Drivers/STM32F4xx_HAL_Driver/Src/stm32f4xx_hal_uart.o
 .text.UART_EndTransmit_IT
                0x00000000080031ee       0x30 ./Drivers/STM32F4xx_HAL_Driver/Src/stm32f4xx_hal_uart.o
 .text.UART_Receive_IT
                0x000000000800321e      0x176 ./Drivers/STM32F4xx_HAL_Driver/Src/stm32f4xx_hal_uart.o
 .text.UART_SetConfig
                0x0000000008003394      0x390 ./Drivers/STM32F4xx_HAL_Driver/Src/stm32f4xx_hal_uart.o
 .text.MX_LIBJPEG_Init
                0x0000000008003724        0xe ./LIBJPEG/App/libjpeg.o
                0x0000000008003724                MX_LIBJPEG_Init
 .text.jpeg_abort
                0x0000000008003732       0x56 ./Middlewares/Third_Party/LibJPEG/source/jcomapi.o
                0x0000000008003732                jpeg_abort
 .text.jpeg_destroy
                0x0000000008003788       0x2e ./Middlewares/Third_Party/LibJPEG/source/jcomapi.o
                0x0000000008003788                jpeg_destroy
 .text.jpeg_alloc_quant_table
                0x00000000080037b6       0x2a ./Middlewares/Third_Party/LibJPEG/source/jcomapi.o
                0x00000000080037b6                jpeg_alloc_quant_table
 .text.jpeg_alloc_huff_table
                0x00000000080037e0       0x2c ./Middlewares/Third_Party/LibJPEG/source/jcomapi.o
                0x00000000080037e0                jpeg_alloc_huff_table
 .text.jpeg_CreateDecompress
                0x000000000800380c      0x112 ./Middlewares/Third_Party/LibJPEG/source/jdapimin.o
                0x000000000800380c                jpeg_CreateDecompress
 .text.jpeg_destroy_decompress
                0x000000000800391e       0x16 ./Middlewares/Third_Party/LibJPEG/source/jdapimin.o
                0x000000000800391e                jpeg_destroy_decompress
 .text.default_decompress_parms
                0x0000000008003934      0x244 ./Middlewares/Third_Party/LibJPEG/source/jdapimin.o
 .text.jpeg_read_header
                0x0000000008003b78       0x8c ./Middlewares/Third_Party/LibJPEG/source/jdapimin.o
                0x0000000008003b78                jpeg_read_header
 .text.jpeg_consume_input
                0x0000000008003c04       0xc8 ./Middlewares/Third_Party/LibJPEG/source/jdapimin.o
                0x0000000008003c04                jpeg_consume_input
 .text.jpeg_finish_decompress
                0x0000000008003ccc       0xc6 ./Middlewares/Third_Party/LibJPEG/source/jdapimin.o
                0x0000000008003ccc                jpeg_finish_decompress
 .text.jpeg_start_decompress
                0x0000000008003d92       0xf8 ./Middlewares/Third_Party/LibJPEG/source/jdapistd.o
                0x0000000008003d92                jpeg_start_decompress
 .text.output_pass_setup
                0x0000000008003e8a       0xd8 ./Middlewares/Third_Party/LibJPEG/source/jdapistd.o
 .text.jpeg_read_scanlines
                0x0000000008003f62       0xb2 ./Middlewares/Third_Party/LibJPEG/source/jdapistd.o
                0x0000000008003f62                jpeg_read_scanlines
 .text.get_byte
                0x0000000008004014       0x54 ./Middlewares/Third_Party/LibJPEG/source/jdarith.o
 .text.arith_decode
                0x0000000008004068      0x14c ./Middlewares/Third_Party/LibJPEG/source/jdarith.o
 .text.process_restart
                0x00000000080041b4      0x110 ./Middlewares/Third_Party/LibJPEG/source/jdarith.o
 .text.decode_mcu_DC_first
                0x00000000080042c4      0x224 ./Middlewares/Third_Party/LibJPEG/source/jdarith.o
 .text.decode_mcu_AC_first
                0x00000000080044e8      0x200 ./Middlewares/Third_Party/LibJPEG/source/jdarith.o
 .text.decode_mcu_DC_refine
                0x00000000080046e8       0x9a ./Middlewares/Third_Party/LibJPEG/source/jdarith.o
 .text.decode_mcu_AC_refine
                0x0000000008004782      0x1dc ./Middlewares/Third_Party/LibJPEG/source/jdarith.o
 .text.decode_mcu
                0x000000000800495e      0x3c0 ./Middlewares/Third_Party/LibJPEG/source/jdarith.o
 *fill*         0x0000000008004d1e        0x2 
 .text.start_pass
                0x0000000008004d20      0x3d8 ./Middlewares/Third_Party/LibJPEG/source/jdarith.o
 .text.jinit_arith_decoder
                0x00000000080050f8       0xc4 ./Middlewares/Third_Party/LibJPEG/source/jdarith.o
                0x00000000080050f8                jinit_arith_decoder
 .text.init_mem_source
                0x00000000080051bc       0x14 ./Middlewares/Third_Party/LibJPEG/source/jdatasrc.o
 .text.fill_mem_input_buffer
                0x00000000080051d0       0x3c ./Middlewares/Third_Party/LibJPEG/source/jdatasrc.o
 .text.skip_input_data
                0x000000000800520c       0x58 ./Middlewares/Third_Party/LibJPEG/source/jdatasrc.o
 .text.term_source
                0x0000000008005264       0x14 ./Middlewares/Third_Party/LibJPEG/source/jdatasrc.o
 .text.jpeg_mem_src
                0x0000000008005278       0x94 ./Middlewares/Third_Party/LibJPEG/source/jdatasrc.o
                0x0000000008005278                jpeg_mem_src
 .text.start_iMCU_row
                0x000000000800530c       0x66 ./Middlewares/Third_Party/LibJPEG/source/jdcoefct.o
 .text.start_input_pass
                0x0000000008005372       0x1e ./Middlewares/Third_Party/LibJPEG/source/jdcoefct.o
 .text.start_output_pass
                0x0000000008005390       0x54 ./Middlewares/Third_Party/LibJPEG/source/jdcoefct.o
 .text.decompress_onepass
                0x00000000080053e4      0x206 ./Middlewares/Third_Party/LibJPEG/source/jdcoefct.o
 .text.dummy_consume_data
                0x00000000080055ea       0x16 ./Middlewares/Third_Party/LibJPEG/source/jdcoefct.o
 .text.consume_data
                0x0000000008005600      0x1b0 ./Middlewares/Third_Party/LibJPEG/source/jdcoefct.o
 .text.decompress_data
                0x00000000080057b0      0x1aa ./Middlewares/Third_Party/LibJPEG/source/jdcoefct.o
 .text.smoothing_ok
                0x000000000800595a      0x126 ./Middlewares/Third_Party/LibJPEG/source/jdcoefct.o
 .text.decompress_smooth_data
                0x0000000008005a80      0x93a ./Middlewares/Third_Party/LibJPEG/source/jdcoefct.o
 *fill*         0x00000000080063ba        0x2 
 .text.jinit_d_coef_controller
                0x00000000080063bc      0x15c ./Middlewares/Third_Party/LibJPEG/source/jdcoefct.o
                0x00000000080063bc                jinit_d_coef_controller
 .text.build_ycc_rgb_table
                0x0000000008006518      0x100 ./Middlewares/Third_Party/LibJPEG/source/jdcolor.o
 .text.ycc_rgb_convert
                0x0000000008006618      0x102 ./Middlewares/Third_Party/LibJPEG/source/jdcolor.o
 .text.build_rgb_y_table
                0x000000000800671a       0x8c ./Middlewares/Third_Party/LibJPEG/source/jdcolor.o
 .text.rgb_gray_convert
                0x00000000080067a6       0xca ./Middlewares/Third_Party/LibJPEG/source/jdcolor.o
 .text.rgb_convert
                0x0000000008006870       0x90 ./Middlewares/Third_Party/LibJPEG/source/jdcolor.o
 .text.null_convert
                0x0000000008006900       0x84 ./Middlewares/Third_Party/LibJPEG/source/jdcolor.o
 .text.grayscale_convert
                0x0000000008006984       0x2e ./Middlewares/Third_Party/LibJPEG/source/jdcolor.o
 .text.gray_rgb_convert
                0x00000000080069b2       0x66 ./Middlewares/Third_Party/LibJPEG/source/jdcolor.o
 .text.ycck_cmyk_convert
                0x0000000008006a18      0x128 ./Middlewares/Third_Party/LibJPEG/source/jdcolor.o
 .text.start_pass_dcolor
                0x0000000008006b40       0x14 ./Middlewares/Third_Party/LibJPEG/source/jdcolor.o
 .text.jinit_color_deconverter
                0x0000000008006b54      0x264 ./Middlewares/Third_Party/LibJPEG/source/jdcolor.o
                0x0000000008006b54                jinit_color_deconverter
 .text.start_pass
                0x0000000008006db8      0x660 ./Middlewares/Third_Party/LibJPEG/source/jddctmgr.o
 .text.jinit_inverse_dct
                0x0000000008007418       0x90 ./Middlewares/Third_Party/LibJPEG/source/jddctmgr.o
                0x0000000008007418                jinit_inverse_dct
 .text.jpeg_make_d_derived_tbl
                0x00000000080074a8      0x43c ./Middlewares/Third_Party/LibJPEG/source/jdhuff.o
 .text.jpeg_fill_bit_buffer
                0x00000000080078e4      0x10a ./Middlewares/Third_Party/LibJPEG/source/jdhuff.o
 *fill*         0x00000000080079ee        0x2 
 .text.jpeg_huff_decode
                0x00000000080079f0       0xc8 ./Middlewares/Third_Party/LibJPEG/source/jdhuff.o
 .text.process_restart
                0x0000000008007ab8       0x9c ./Middlewares/Third_Party/LibJPEG/source/jdhuff.o
 .text.decode_mcu_DC_first
                0x0000000008007b54      0x1fc ./Middlewares/Third_Party/LibJPEG/source/jdhuff.o
 .text.decode_mcu_AC_first
                0x0000000008007d50      0x230 ./Middlewares/Third_Party/LibJPEG/source/jdhuff.o
 .text.decode_mcu_DC_refine
                0x0000000008007f80       0xee ./Middlewares/Third_Party/LibJPEG/source/jdhuff.o
 *fill*         0x000000000800806e        0x2 
 .text.decode_mcu_AC_refine
                0x0000000008008070      0x4d4 ./Middlewares/Third_Party/LibJPEG/source/jdhuff.o
 .text.decode_mcu_sub
                0x0000000008008544      0x3f0 ./Middlewares/Third_Party/LibJPEG/source/jdhuff.o
 .text.decode_mcu
                0x0000000008008934      0x3e0 ./Middlewares/Third_Party/LibJPEG/source/jdhuff.o
 .text.start_pass_huff_decoder
                0x0000000008008d14      0x6f8 ./Middlewares/Third_Party/LibJPEG/source/jdhuff.o
 .text.jinit_huff_decoder
                0x000000000800940c       0xe8 ./Middlewares/Third_Party/LibJPEG/source/jdhuff.o
                0x000000000800940c                jinit_huff_decoder
 .text.jpeg_core_output_dimensions
                0x00000000080094f4      0x73e ./Middlewares/Third_Party/LibJPEG/source/jdinput.o
                0x00000000080094f4                jpeg_core_output_dimensions
 *fill*         0x0000000008009c32        0x2 
 .text.initial_setup
                0x0000000008009c34      0x650 ./Middlewares/Third_Party/LibJPEG/source/jdinput.o
 .text.per_scan_setup
                0x000000000800a284      0x208 ./Middlewares/Third_Party/LibJPEG/source/jdinput.o
 .text.latch_quant_tables
                0x000000000800a48c       0xac ./Middlewares/Third_Party/LibJPEG/source/jdinput.o
 .text.start_input_pass
                0x000000000800a538       0x44 ./Middlewares/Third_Party/LibJPEG/source/jdinput.o
 .text.finish_input_pass
                0x000000000800a57c       0x24 ./Middlewares/Third_Party/LibJPEG/source/jdinput.o
 .text.consume_markers
                0x000000000800a5a0      0x102 ./Middlewares/Third_Party/LibJPEG/source/jdinput.o
 *fill*         0x000000000800a6a2        0x2 
 .text.reset_input_controller
                0x000000000800a6a4       0x54 ./Middlewares/Third_Party/LibJPEG/source/jdinput.o
 .text.jinit_input_controller
                0x000000000800a6f8       0x64 ./Middlewares/Third_Party/LibJPEG/source/jdinput.o
                0x000000000800a6f8                jinit_input_controller
 .text.alloc_funny_pointers
                0x000000000800a75c       0xd8 ./Middlewares/Third_Party/LibJPEG/source/jdmainct.o
 .text.make_funny_pointers
                0x000000000800a834      0x158 ./Middlewares/Third_Party/LibJPEG/source/jdmainct.o
 .text.set_wraparound_pointers
                0x000000000800a98c      0x11a ./Middlewares/Third_Party/LibJPEG/source/jdmainct.o
 .text.set_bottom_pointers
                0x000000000800aaa6       0xdc ./Middlewares/Third_Party/LibJPEG/source/jdmainct.o
 *fill*         0x000000000800ab82        0x2 
 .text.start_pass_main
                0x000000000800ab84       0x90 ./Middlewares/Third_Party/LibJPEG/source/jdmainct.o
 .text.process_data_simple_main
                0x000000000800ac14       0x8a ./Middlewares/Third_Party/LibJPEG/source/jdmainct.o
 .text.process_data_context_main
                0x000000000800ac9e      0x176 ./Middlewares/Third_Party/LibJPEG/source/jdmainct.o
 .text.process_data_crank_post
                0x000000000800ae14       0x34 ./Middlewares/Third_Party/LibJPEG/source/jdmainct.o
 .text.jinit_d_main_controller
                0x000000000800ae48       0xfc ./Middlewares/Third_Party/LibJPEG/source/jdmainct.o
                0x000000000800ae48                jinit_d_main_controller
 .text.get_soi  0x000000000800af44       0xde ./Middlewares/Third_Party/LibJPEG/source/jdmarker.o
 .text.get_sof  0x000000000800b022      0x428 ./Middlewares/Third_Party/LibJPEG/source/jdmarker.o
 .text.get_sos  0x000000000800b44a      0x39c ./Middlewares/Third_Party/LibJPEG/source/jdmarker.o
 .text.get_dac  0x000000000800b7e6      0x1f4 ./Middlewares/Third_Party/LibJPEG/source/jdmarker.o
 .text.get_dht  0x000000000800b9da      0x4b0 ./Middlewares/Third_Party/LibJPEG/source/jdmarker.o
 *fill*         0x000000000800be8a        0x2 
 .text.get_dqt  0x000000000800be8c      0x494 ./Middlewares/Third_Party/LibJPEG/source/jdmarker.o
 .text.get_dri  0x000000000800c320      0x14c ./Middlewares/Third_Party/LibJPEG/source/jdmarker.o
 .text.examine_app0
                0x000000000800c46c      0x2c8 ./Middlewares/Third_Party/LibJPEG/source/jdmarker.o
 .text.examine_app14
                0x000000000800c734       0xfa ./Middlewares/Third_Party/LibJPEG/source/jdmarker.o
 .text.get_interesting_appn
                0x000000000800c82e      0x17e ./Middlewares/Third_Party/LibJPEG/source/jdmarker.o
 .text.skip_variable
                0x000000000800c9ac       0xe0 ./Middlewares/Third_Party/LibJPEG/source/jdmarker.o
 .text.next_marker
                0x000000000800ca8c      0x164 ./Middlewares/Third_Party/LibJPEG/source/jdmarker.o
 .text.first_marker
                0x000000000800cbf0       0xce ./Middlewares/Third_Party/LibJPEG/source/jdmarker.o
 *fill*         0x000000000800ccbe        0x2 
 .text.read_markers
                0x000000000800ccc0      0x35c ./Middlewares/Third_Party/LibJPEG/source/jdmarker.o
 .text.read_restart_marker
                0x000000000800d01c       0xa0 ./Middlewares/Third_Party/LibJPEG/source/jdmarker.o
 .text.jpeg_resync_to_restart
                0x000000000800d0bc      0x11c ./Middlewares/Third_Party/LibJPEG/source/jdmarker.o
                0x000000000800d0bc                jpeg_resync_to_restart
 .text.reset_marker_reader
                0x000000000800d1d8       0x4e ./Middlewares/Third_Party/LibJPEG/source/jdmarker.o
 *fill*         0x000000000800d226        0x2 
 .text.jinit_marker_reader
                0x000000000800d228       0x98 ./Middlewares/Third_Party/LibJPEG/source/jdmarker.o
                0x000000000800d228                jinit_marker_reader
 .text.use_merged_upsample
                0x000000000800d2c0      0x120 ./Middlewares/Third_Party/LibJPEG/source/jdmaster.o
 .text.jpeg_calc_output_dimensions
                0x000000000800d3e0      0x258 ./Middlewares/Third_Party/LibJPEG/source/jdmaster.o
                0x000000000800d3e0                jpeg_calc_output_dimensions
 .text.prepare_range_limit_table
                0x000000000800d638       0xac ./Middlewares/Third_Party/LibJPEG/source/jdmaster.o
 .text.master_selection
                0x000000000800d6e4      0x24e ./Middlewares/Third_Party/LibJPEG/source/jdmaster.o
 .text.prepare_for_output_pass
                0x000000000800d932      0x18c ./Middlewares/Third_Party/LibJPEG/source/jdmaster.o
 .text.finish_output_pass
                0x000000000800dabe       0x36 ./Middlewares/Third_Party/LibJPEG/source/jdmaster.o
 .text.jinit_master_decompress
                0x000000000800daf4       0x48 ./Middlewares/Third_Party/LibJPEG/source/jdmaster.o
                0x000000000800daf4                jinit_master_decompress
 .text.build_ycc_rgb_table
                0x000000000800db3c      0x100 ./Middlewares/Third_Party/LibJPEG/source/jdmerge.o
 .text.start_pass_merged_upsample
                0x000000000800dc3c       0x2a ./Middlewares/Third_Party/LibJPEG/source/jdmerge.o
 .text.merged_2v_upsample
                0x000000000800dc66       0xec ./Middlewares/Third_Party/LibJPEG/source/jdmerge.o
 .text.merged_1v_upsample
                0x000000000800dd52       0x4c ./Middlewares/Third_Party/LibJPEG/source/jdmerge.o
 .text.h2v1_merged_upsample
                0x000000000800dd9e      0x190 ./Middlewares/Third_Party/LibJPEG/source/jdmerge.o
 .text.h2v2_merged_upsample
                0x000000000800df2e      0x23c ./Middlewares/Third_Party/LibJPEG/source/jdmerge.o
 *fill*         0x000000000800e16a        0x2 
 .text.jinit_merged_upsampler
                0x000000000800e16c       0xa0 ./Middlewares/Third_Party/LibJPEG/source/jdmerge.o
                0x000000000800e16c                jinit_merged_upsampler
 .text.start_pass_dpost
                0x000000000800e20c       0xe8 ./Middlewares/Third_Party/LibJPEG/source/jdpostct.o
 .text.post_process_1pass
                0x000000000800e2f4       0x86 ./Middlewares/Third_Party/LibJPEG/source/jdpostct.o
 .text.post_process_prepass
                0x000000000800e37a       0xca ./Middlewares/Third_Party/LibJPEG/source/jdpostct.o
 .text.post_process_2pass
                0x000000000800e444       0xdc ./Middlewares/Third_Party/LibJPEG/source/jdpostct.o
 .text.jinit_d_post_controller
                0x000000000800e520       0xc0 ./Middlewares/Third_Party/LibJPEG/source/jdpostct.o
                0x000000000800e520                jinit_d_post_controller
 .text.start_pass_upsample
                0x000000000800e5e0       0x2e ./Middlewares/Third_Party/LibJPEG/source/jdsample.o
 .text.sep_upsample
                0x000000000800e60e      0x136 ./Middlewares/Third_Party/LibJPEG/source/jdsample.o
 .text.fullsize_upsample
                0x000000000800e744       0x20 ./Middlewares/Third_Party/LibJPEG/source/jdsample.o
 .text.noop_upsample
                0x000000000800e764       0x20 ./Middlewares/Third_Party/LibJPEG/source/jdsample.o
 .text.int_upsample
                0x000000000800e784       0xca ./Middlewares/Third_Party/LibJPEG/source/jdsample.o
 .text.h2v1_upsample
                0x000000000800e84e       0x72 ./Middlewares/Third_Party/LibJPEG/source/jdsample.o
 .text.h2v2_upsample
                0x000000000800e8c0       0x94 ./Middlewares/Third_Party/LibJPEG/source/jdsample.o
 .text.jinit_upsampler
                0x000000000800e954      0x228 ./Middlewares/Third_Party/LibJPEG/source/jdsample.o
                0x000000000800e954                jinit_upsampler
 .text.error_exit
                0x000000000800eb7c       0x20 ./Middlewares/Third_Party/LibJPEG/source/jerror.o
 .text.output_message
                0x000000000800eb9c       0x20 ./Middlewares/Third_Party/LibJPEG/source/jerror.o
 .text.emit_message
                0x000000000800ebbc       0x54 ./Middlewares/Third_Party/LibJPEG/source/jerror.o
 .text.format_message
                0x000000000800ec10      0x10a ./Middlewares/Third_Party/LibJPEG/source/jerror.o
 .text.reset_error_mgr
                0x000000000800ed1a       0x24 ./Middlewares/Third_Party/LibJPEG/source/jerror.o
 *fill*         0x000000000800ed3e        0x2 
 .text.jpeg_std_error
                0x000000000800ed40       0x80 ./Middlewares/Third_Party/LibJPEG/source/jerror.o
                0x000000000800ed40                jpeg_std_error
 .text.jpeg_idct_float
                0x000000000800edc0      0x838 ./Middlewares/Third_Party/LibJPEG/source/jidctflt.o
                0x000000000800edc0                jpeg_idct_float
 .text.jpeg_idct_ifast
                0x000000000800f5f8      0x7e6 ./Middlewares/Third_Party/LibJPEG/source/jidctfst.o
                0x000000000800f5f8                jpeg_idct_ifast
 *fill*         0x000000000800fdde        0x2 
 .text.jpeg_idct_islow
                0x000000000800fde0      0x938 ./Middlewares/Third_Party/LibJPEG/source/jidctint.o
                0x000000000800fde0                jpeg_idct_islow
 .text.jpeg_idct_7x7
                0x0000000008010718      0x668 ./Middlewares/Third_Party/LibJPEG/source/jidctint.o
                0x0000000008010718                jpeg_idct_7x7
 .text.jpeg_idct_6x6
                0x0000000008010d80      0x466 ./Middlewares/Third_Party/LibJPEG/source/jidctint.o
                0x0000000008010d80                jpeg_idct_6x6
 *fill*         0x00000000080111e6        0x2 
 .text.jpeg_idct_5x5
                0x00000000080111e8      0x3cc ./Middlewares/Third_Party/LibJPEG/source/jidctint.o
                0x00000000080111e8                jpeg_idct_5x5
 .text.jpeg_idct_4x4
                0x00000000080115b4      0x23c ./Middlewares/Third_Party/LibJPEG/source/jidctint.o
                0x00000000080115b4                jpeg_idct_4x4
 .text.jpeg_idct_3x3
                0x00000000080117f0      0x1b0 ./Middlewares/Third_Party/LibJPEG/source/jidctint.o
                0x00000000080117f0                jpeg_idct_3x3
 .text.jpeg_idct_2x2
                0x00000000080119a0      0x116 ./Middlewares/Third_Party/LibJPEG/source/jidctint.o
                0x00000000080119a0                jpeg_idct_2x2
 .text.jpeg_idct_1x1
                0x0000000008011ab6       0x5a ./Middlewares/Third_Party/LibJPEG/source/jidctint.o
                0x0000000008011ab6                jpeg_idct_1x1
 .text.jpeg_idct_9x9
                0x0000000008011b10      0x708 ./Middlewares/Third_Party/LibJPEG/source/jidctint.o
                0x0000000008011b10                jpeg_idct_9x9
 .text.jpeg_idct_10x10
                0x0000000008012218      0x7d4 ./Middlewares/Third_Party/LibJPEG/source/jidctint.o
                0x0000000008012218                jpeg_idct_10x10
 .text.jpeg_idct_11x11
                0x00000000080129ec      0x984 ./Middlewares/Third_Party/LibJPEG/source/jidctint.o
                0x00000000080129ec                jpeg_idct_11x11
 .text.jpeg_idct_12x12
                0x0000000008013370      0x91c ./Middlewares/Third_Party/LibJPEG/source/jidctint.o
                0x0000000008013370                jpeg_idct_12x12
 .text.jpeg_idct_13x13
                0x0000000008013c8c      0xafc ./Middlewares/Third_Party/LibJPEG/source/jidctint.o
                0x0000000008013c8c                jpeg_idct_13x13
 .text.jpeg_idct_14x14
                0x0000000008014788      0xa78 ./Middlewares/Third_Party/LibJPEG/source/jidctint.o
                0x0000000008014788                jpeg_idct_14x14
 .text.jpeg_idct_15x15
                0x0000000008015200      0xb08 ./Middlewares/Third_Party/LibJPEG/source/jidctint.o
                0x0000000008015200                jpeg_idct_15x15
 .text.jpeg_idct_16x16
                0x0000000008015d08      0xcdc ./Middlewares/Third_Party/LibJPEG/source/jidctint.o
                0x0000000008015d08                jpeg_idct_16x16
 .text.jpeg_idct_16x8
                0x00000000080169e4      0xb4c ./Middlewares/Third_Party/LibJPEG/source/jidctint.o
                0x00000000080169e4                jpeg_idct_16x8
 .text.jpeg_idct_14x7
                0x0000000008017530      0x888 ./Middlewares/Third_Party/LibJPEG/source/jidctint.o
                0x0000000008017530                jpeg_idct_14x7
 .text.jpeg_idct_12x6
                0x0000000008017db8      0x6dc ./Middlewares/Third_Party/LibJPEG/source/jidctint.o
                0x0000000008017db8                jpeg_idct_12x6
 .text.jpeg_idct_10x5
                0x0000000008018494      0x5dc ./Middlewares/Third_Party/LibJPEG/source/jidctint.o
                0x0000000008018494                jpeg_idct_10x5
 .text.jpeg_idct_8x4
                0x0000000008018a70      0x510 ./Middlewares/Third_Party/LibJPEG/source/jidctint.o
                0x0000000008018a70                jpeg_idct_8x4
 .text.jpeg_idct_6x3
                0x0000000008018f80      0x2c6 ./Middlewares/Third_Party/LibJPEG/source/jidctint.o
                0x0000000008018f80                jpeg_idct_6x3
 *fill*         0x0000000008019246        0x2 
 .text.jpeg_idct_4x2
                0x0000000008019248      0x184 ./Middlewares/Third_Party/LibJPEG/source/jidctint.o
                0x0000000008019248                jpeg_idct_4x2
 .text.jpeg_idct_2x1
                0x00000000080193cc       0x90 ./Middlewares/Third_Party/LibJPEG/source/jidctint.o
                0x00000000080193cc                jpeg_idct_2x1
 .text.jpeg_idct_8x16
                0x000000000801945c      0x9f4 ./Middlewares/Third_Party/LibJPEG/source/jidctint.o
                0x000000000801945c                jpeg_idct_8x16
 .text.jpeg_idct_7x14
                0x0000000008019e50      0x850 ./Middlewares/Third_Party/LibJPEG/source/jidctint.o
                0x0000000008019e50                jpeg_idct_7x14
 .text.jpeg_idct_6x12
                0x000000000801a6a0      0x6b8 ./Middlewares/Third_Party/LibJPEG/source/jidctint.o
                0x000000000801a6a0                jpeg_idct_6x12
 .text.jpeg_idct_5x10
                0x000000000801ad58      0x5e0 ./Middlewares/Third_Party/LibJPEG/source/jidctint.o
                0x000000000801ad58                jpeg_idct_5x10
 .text.jpeg_idct_4x8
                0x000000000801b338      0x62c ./Middlewares/Third_Party/LibJPEG/source/jidctint.o
                0x000000000801b338                jpeg_idct_4x8
 .text.jpeg_idct_3x6
                0x000000000801b964      0x2d0 ./Middlewares/Third_Party/LibJPEG/source/jidctint.o
                0x000000000801b964                jpeg_idct_3x6
 .text.jpeg_idct_2x4
                0x000000000801bc34      0x190 ./Middlewares/Third_Party/LibJPEG/source/jidctint.o
                0x000000000801bc34                jpeg_idct_2x4
 .text.jpeg_idct_1x2
                0x000000000801bdc4       0x92 ./Middlewares/Third_Party/LibJPEG/source/jidctint.o
                0x000000000801bdc4                jpeg_idct_1x2
 .text.out_of_memory
                0x000000000801be56       0x2c ./Middlewares/Third_Party/LibJPEG/source/jmemmgr.o
 *fill*         0x000000000801be82        0x2 
 .text.alloc_small
                0x000000000801be84      0x180 ./Middlewares/Third_Party/LibJPEG/source/jmemmgr.o
 .text.alloc_large
                0x000000000801c004       0xc6 ./Middlewares/Third_Party/LibJPEG/source/jmemmgr.o
 .text.alloc_sarray
                0x000000000801c0ca       0xc6 ./Middlewares/Third_Party/LibJPEG/source/jmemmgr.o
 .text.alloc_barray
                0x000000000801c190       0xcc ./Middlewares/Third_Party/LibJPEG/source/jmemmgr.o
 .text.request_virt_sarray
                0x000000000801c25c       0x7c ./Middlewares/Third_Party/LibJPEG/source/jmemmgr.o
 .text.request_virt_barray
                0x000000000801c2d8       0x7c ./Middlewares/Third_Party/LibJPEG/source/jmemmgr.o
 .text.realize_virt_arrays
                0x000000000801c354      0x234 ./Middlewares/Third_Party/LibJPEG/source/jmemmgr.o
 .text.do_sarray_io
                0x000000000801c588       0xf0 ./Middlewares/Third_Party/LibJPEG/source/jmemmgr.o
 .text.do_barray_io
                0x000000000801c678       0xf2 ./Middlewares/Third_Party/LibJPEG/source/jmemmgr.o
 .text.access_virt_sarray
                0x000000000801c76a      0x190 ./Middlewares/Third_Party/LibJPEG/source/jmemmgr.o
 .text.access_virt_barray
                0x000000000801c8fa      0x192 ./Middlewares/Third_Party/LibJPEG/source/jmemmgr.o
 .text.free_pool
                0x000000000801ca8c      0x15e ./Middlewares/Third_Party/LibJPEG/source/jmemmgr.o
 .text.self_destruct
                0x000000000801cbea       0x44 ./Middlewares/Third_Party/LibJPEG/source/jmemmgr.o
 *fill*         0x000000000801cc2e        0x2 
 .text.jinit_memory_mgr
                0x000000000801cc30      0x130 ./Middlewares/Third_Party/LibJPEG/source/jmemmgr.o
                0x000000000801cc30                jinit_memory_mgr
 .text.jpeg_get_small
                0x000000000801cd60       0x1a ./Middlewares/Third_Party/LibJPEG/source/jmemnobs.o
                0x000000000801cd60                jpeg_get_small
 .text.jpeg_free_small
                0x000000000801cd7a       0x1a ./Middlewares/Third_Party/LibJPEG/source/jmemnobs.o
                0x000000000801cd7a                jpeg_free_small
 .text.jpeg_get_large
                0x000000000801cd94       0x1a ./Middlewares/Third_Party/LibJPEG/source/jmemnobs.o
                0x000000000801cd94                jpeg_get_large
 .text.jpeg_free_large
                0x000000000801cdae       0x1a ./Middlewares/Third_Party/LibJPEG/source/jmemnobs.o
                0x000000000801cdae                jpeg_free_large
 .text.jpeg_mem_available
                0x000000000801cdc8       0x1c ./Middlewares/Third_Party/LibJPEG/source/jmemnobs.o
                0x000000000801cdc8                jpeg_mem_available
 .text.jpeg_open_backing_store
                0x000000000801cde4       0x26 ./Middlewares/Third_Party/LibJPEG/source/jmemnobs.o
                0x000000000801cde4                jpeg_open_backing_store
 .text.jpeg_mem_init
                0x000000000801ce0a       0x16 ./Middlewares/Third_Party/LibJPEG/source/jmemnobs.o
                0x000000000801ce0a                jpeg_mem_init
 .text.jpeg_mem_term
                0x000000000801ce20       0x14 ./Middlewares/Third_Party/LibJPEG/source/jmemnobs.o
                0x000000000801ce20                jpeg_mem_term
 .text.select_ncolors
                0x000000000801ce34      0x12c ./Middlewares/Third_Party/LibJPEG/source/jquant1.o
 .text.output_value
                0x000000000801cf60       0x32 ./Middlewares/Third_Party/LibJPEG/source/jquant1.o
 .text.largest_input_value
                0x000000000801cf92       0x32 ./Middlewares/Third_Party/LibJPEG/source/jquant1.o
 .text.create_colormap
                0x000000000801cfc4      0x14c ./Middlewares/Third_Party/LibJPEG/source/jquant1.o
 .text.create_colorindex
                0x000000000801d110      0x14e ./Middlewares/Third_Party/LibJPEG/source/jquant1.o
 *fill*         0x000000000801d25e        0x2 
 .text.make_odither_array
                0x000000000801d260       0x9c ./Middlewares/Third_Party/LibJPEG/source/jquant1.o
 .text.create_odither_tables
                0x000000000801d2fc       0x92 ./Middlewares/Third_Party/LibJPEG/source/jquant1.o
 .text.color_quantize
                0x000000000801d38e       0x9e ./Middlewares/Third_Party/LibJPEG/source/jquant1.o
 .text.color_quantize3
                0x000000000801d42c       0xb2 ./Middlewares/Third_Party/LibJPEG/source/jquant1.o
 .text.quantize_ord_dither
                0x000000000801d4de       0xfe ./Middlewares/Third_Party/LibJPEG/source/jquant1.o
 .text.quantize3_ord_dither
                0x000000000801d5dc      0x124 ./Middlewares/Third_Party/LibJPEG/source/jquant1.o
 .text.quantize_fs_dither
                0x000000000801d700      0x1ac ./Middlewares/Third_Party/LibJPEG/source/jquant1.o
 .text.alloc_fs_workspace
                0x000000000801d8ac       0x56 ./Middlewares/Third_Party/LibJPEG/source/jquant1.o
 *fill*         0x000000000801d902        0x2 
 .text.start_pass_1_quant
                0x000000000801d904      0x114 ./Middlewares/Third_Party/LibJPEG/source/jquant1.o
 .text.finish_pass_1_quant
                0x000000000801da18       0x14 ./Middlewares/Third_Party/LibJPEG/source/jquant1.o
 .text.new_color_map_1_quant
                0x000000000801da2c       0x22 ./Middlewares/Third_Party/LibJPEG/source/jquant1.o
 *fill*         0x000000000801da4e        0x2 
 .text.jinit_1pass_quantizer
                0x000000000801da50       0xb8 ./Middlewares/Third_Party/LibJPEG/source/jquant1.o
                0x000000000801da50                jinit_1pass_quantizer
 .text.prescan_quantize
                0x000000000801db08       0x98 ./Middlewares/Third_Party/LibJPEG/source/jquant2.o
 .text.find_biggest_color_pop
                0x000000000801dba0       0x3c ./Middlewares/Third_Party/LibJPEG/source/jquant2.o
 .text.find_biggest_volume
                0x000000000801dbdc       0x36 ./Middlewares/Third_Party/LibJPEG/source/jquant2.o
 .text.update_box
                0x000000000801dc12      0x3c2 ./Middlewares/Third_Party/LibJPEG/source/jquant2.o
 .text.median_cut
                0x000000000801dfd4      0x134 ./Middlewares/Third_Party/LibJPEG/source/jquant2.o
 .text.compute_color
                0x000000000801e108      0x15a ./Middlewares/Third_Party/LibJPEG/source/jquant2.o
 .text.select_colors
                0x000000000801e262       0xac ./Middlewares/Third_Party/LibJPEG/source/jquant2.o
 .text.find_nearby_colors
                0x000000000801e30e      0x44e ./Middlewares/Third_Party/LibJPEG/source/jquant2.o
 .text.find_best_colors
                0x000000000801e75c      0x21c ./Middlewares/Third_Party/LibJPEG/source/jquant2.o
 .text.fill_inverse_cmap
                0x000000000801e978      0x180 ./Middlewares/Third_Party/LibJPEG/source/jquant2.o
 .text.pass2_no_dither
                0x000000000801eaf8       0xc4 ./Middlewares/Third_Party/LibJPEG/source/jquant2.o
 .text.pass2_fs_dither
                0x000000000801ebbc      0x2a0 ./Middlewares/Third_Party/LibJPEG/source/jquant2.o
 .text.init_error_limit
                0x000000000801ee5c       0xf0 ./Middlewares/Third_Party/LibJPEG/source/jquant2.o
 .text.finish_pass1
                0x000000000801ef4c       0x34 ./Middlewares/Third_Party/LibJPEG/source/jquant2.o
 .text.finish_pass2
                0x000000000801ef80       0x14 ./Middlewares/Third_Party/LibJPEG/source/jquant2.o
 .text.start_pass_2_quant
                0x000000000801ef94      0x158 ./Middlewares/Third_Party/LibJPEG/source/jquant2.o
 .text.new_color_map_2_quant
                0x000000000801f0ec       0x22 ./Middlewares/Third_Party/LibJPEG/source/jquant2.o
 *fill*         0x000000000801f10e        0x2 
 .text.jinit_2pass_quantizer
                0x000000000801f110      0x168 ./Middlewares/Third_Party/LibJPEG/source/jquant2.o
                0x000000000801f110                jinit_2pass_quantizer
 .text.jdiv_round_up
                0x000000000801f278       0x24 ./Middlewares/Third_Party/LibJPEG/source/jutils.o
                0x000000000801f278                jdiv_round_up
 .text.jround_up
                0x000000000801f29c       0x34 ./Middlewares/Third_Party/LibJPEG/source/jutils.o
                0x000000000801f29c                jround_up
 .text.jcopy_sample_rows
                0x000000000801f2d0       0x50 ./Middlewares/Third_Party/LibJPEG/source/jutils.o
                0x000000000801f2d0                jcopy_sample_rows
 .text.jcopy_block_row
                0x000000000801f320       0x22 ./Middlewares/Third_Party/LibJPEG/source/jutils.o
                0x000000000801f320                jcopy_block_row
 *fill*         0x000000000801f342        0x2 
 .text.__errno  0x000000000801f344        0xc d:/programs/app/a_build/stm32cubeide/stm32cubeide/plugins/com.st.stm32cube.ide.mcu.externaltools.gnu-tools-for-stm32.9-2020-q2-update.win32_2.0.0.202105311346/tools/bin/../lib/gcc/arm-none-eabi/9.3.1/../../../../arm-none-eabi/lib/thumb/v7e-m+fp/hard\libc_nano.a(lib_a-errno.o)
                0x000000000801f344                __errno
 .text.__libc_init_array
                0x000000000801f350       0x48 d:/programs/app/a_build/stm32cubeide/stm32cubeide/plugins/com.st.stm32cube.ide.mcu.externaltools.gnu-tools-for-stm32.9-2020-q2-update.win32_2.0.0.202105311346/tools/bin/../lib/gcc/arm-none-eabi/9.3.1/../../../../arm-none-eabi/lib/thumb/v7e-m+fp/hard\libc_nano.a(lib_a-init.o)
                0x000000000801f350                __libc_init_array
 .text.__retarget_lock_acquire_recursive
                0x000000000801f398        0x2 d:/programs/app/a_build/stm32cubeide/stm32cubeide/plugins/com.st.stm32cube.ide.mcu.externaltools.gnu-tools-for-stm32.9-2020-q2-update.win32_2.0.0.202105311346/tools/bin/../lib/gcc/arm-none-eabi/9.3.1/../../../../arm-none-eabi/lib/thumb/v7e-m+fp/hard\libc_nano.a(lib_a-lock.o)
                0x000000000801f398                __retarget_lock_acquire_recursive
 .text.__retarget_lock_release_recursive
                0x000000000801f39a        0x2 d:/programs/app/a_build/stm32cubeide/stm32cubeide/plugins/com.st.stm32cube.ide.mcu.externaltools.gnu-tools-for-stm32.9-2020-q2-update.win32_2.0.0.202105311346/tools/bin/../lib/gcc/arm-none-eabi/9.3.1/../../../../arm-none-eabi/lib/thumb/v7e-m+fp/hard\libc_nano.a(lib_a-lock.o)
                0x000000000801f39a                __retarget_lock_release_recursive
 .text.malloc   0x000000000801f39c       0x10 d:/programs/app/a_build/stm32cubeide/stm32cubeide/plugins/com.st.stm32cube.ide.mcu.externaltools.gnu-tools-for-stm32.9-2020-q2-update.win32_2.0.0.202105311346/tools/bin/../lib/gcc/arm-none-eabi/9.3.1/../../../../arm-none-eabi/lib/thumb/v7e-m+fp/hard\libc_nano.a(lib_a-malloc.o)
                0x000000000801f39c                malloc
 .text.free     0x000000000801f3ac       0x10 d:/programs/app/a_build/stm32cubeide/stm32cubeide/plugins/com.st.stm32cube.ide.mcu.externaltools.gnu-tools-for-stm32.9-2020-q2-update.win32_2.0.0.202105311346/tools/bin/../lib/gcc/arm-none-eabi/9.3.1/../../../../arm-none-eabi/lib/thumb/v7e-m+fp/hard\libc_nano.a(lib_a-malloc.o)
                0x000000000801f3ac                free
 .text.memcpy   0x000000000801f3bc       0x1c d:/programs/app/a_build/stm32cubeide/stm32cubeide/plugins/com.st.stm32cube.ide.mcu.externaltools.gnu-tools-for-stm32.9-2020-q2-update.win32_2.0.0.202105311346/tools/bin/../lib/gcc/arm-none-eabi/9.3.1/../../../../arm-none-eabi/lib/thumb/v7e-m+fp/hard\libc_nano.a(lib_a-memcpy-stub.o)
                0x000000000801f3bc                memcpy
 .text.memset   0x000000000801f3d8       0x10 d:/programs/app/a_build/stm32cubeide/stm32cubeide/plugins/com.st.stm32cube.ide.mcu.externaltools.gnu-tools-for-stm32.9-2020-q2-update.win32_2.0.0.202105311346/tools/bin/../lib/gcc/arm-none-eabi/9.3.1/../../../../arm-none-eabi/lib/thumb/v7e-m+fp/hard\libc_nano.a(lib_a-memset.o)
                0x000000000801f3d8                memset
 .text._free_r  0x000000000801f3e8       0xa0 d:/programs/app/a_build/stm32cubeide/stm32cubeide/plugins/com.st.stm32cube.ide.mcu.externaltools.gnu-tools-for-stm32.9-2020-q2-update.win32_2.0.0.202105311346/tools/bin/../lib/gcc/arm-none-eabi/9.3.1/../../../../arm-none-eabi/lib/thumb/v7e-m+fp/hard\libc_nano.a(lib_a-nano-freer.o)
                0x000000000801f3e8                _free_r
 .text._malloc_r
                0x000000000801f488       0xb4 d:/programs/app/a_build/stm32cubeide/stm32cubeide/plugins/com.st.stm32cube.ide.mcu.externaltools.gnu-tools-for-stm32.9-2020-q2-update.win32_2.0.0.202105311346/tools/bin/../lib/gcc/arm-none-eabi/9.3.1/../../../../arm-none-eabi/lib/thumb/v7e-m+fp/hard\libc_nano.a(lib_a-nano-mallocr.o)
                0x000000000801f488                _malloc_r
 .text._sbrk_r  0x000000000801f53c       0x20 d:/programs/app/a_build/stm32cubeide/stm32cubeide/plugins/com.st.stm32cube.ide.mcu.externaltools.gnu-tools-for-stm32.9-2020-q2-update.win32_2.0.0.202105311346/tools/bin/../lib/gcc/arm-none-eabi/9.3.1/../../../../arm-none-eabi/lib/thumb/v7e-m+fp/hard\libc_nano.a(lib_a-sbrkr.o)
                0x000000000801f53c                _sbrk_r
 .text.sprintf  0x000000000801f55c       0x40 d:/programs/app/a_build/stm32cubeide/stm32cubeide/plugins/com.st.stm32cube.ide.mcu.externaltools.gnu-tools-for-stm32.9-2020-q2-update.win32_2.0.0.202105311346/tools/bin/../lib/gcc/arm-none-eabi/9.3.1/../../../../arm-none-eabi/lib/thumb/v7e-m+fp/hard\libc_nano.a(lib_a-sprintf.o)
                0x000000000801f55c                siprintf
                0x000000000801f55c                sprintf
 .text.__malloc_lock
                0x000000000801f59c        0xc d:/programs/app/a_build/stm32cubeide/stm32cubeide/plugins/com.st.stm32cube.ide.mcu.externaltools.gnu-tools-for-stm32.9-2020-q2-update.win32_2.0.0.202105311346/tools/bin/../lib/gcc/arm-none-eabi/9.3.1/../../../../arm-none-eabi/lib/thumb/v7e-m+fp/hard\libc_nano.a(lib_a-mlock.o)
                0x000000000801f59c                __malloc_lock
 .text.__malloc_unlock
                0x000000000801f5a8        0xc d:/programs/app/a_build/stm32cubeide/stm32cubeide/plugins/com.st.stm32cube.ide.mcu.externaltools.gnu-tools-for-stm32.9-2020-q2-update.win32_2.0.0.202105311346/tools/bin/../lib/gcc/arm-none-eabi/9.3.1/../../../../arm-none-eabi/lib/thumb/v7e-m+fp/hard\libc_nano.a(lib_a-mlock.o)
                0x000000000801f5a8                __malloc_unlock
 .text.__ssputs_r
                0x000000000801f5b4       0xb6 d:/programs/app/a_build/stm32cubeide/stm32cubeide/plugins/com.st.stm32cube.ide.mcu.externaltools.gnu-tools-for-stm32.9-2020-q2-update.win32_2.0.0.202105311346/tools/bin/../lib/gcc/arm-none-eabi/9.3.1/../../../../arm-none-eabi/lib/thumb/v7e-m+fp/hard\libc_nano.a(lib_a-nano-svfprintf.o)
                0x000000000801f5b4                __ssputs_r
 *fill*         0x000000000801f66a        0x2 
 .text._svfprintf_r
                0x000000000801f66c      0x200 d:/programs/app/a_build/stm32cubeide/stm32cubeide/plugins/com.st.stm32cube.ide.mcu.externaltools.gnu-tools-for-stm32.9-2020-q2-update.win32_2.0.0.202105311346/tools/bin/../lib/gcc/arm-none-eabi/9.3.1/../../../../arm-none-eabi/lib/thumb/v7e-m+fp/hard\libc_nano.a(lib_a-nano-svfprintf.o)
                0x000000000801f66c                _svfiprintf_r
                0x000000000801f66c                _svfprintf_r
 .text._printf_common
                0x000000000801f86c       0xda d:/programs/app/a_build/stm32cubeide/stm32cubeide/plugins/com.st.stm32cube.ide.mcu.externaltools.gnu-tools-for-stm32.9-2020-q2-update.win32_2.0.0.202105311346/tools/bin/../lib/gcc/arm-none-eabi/9.3.1/../../../../arm-none-eabi/lib/thumb/v7e-m+fp/hard\libc_nano.a(lib_a-nano-vfprintf_i.o)
                0x000000000801f86c                _printf_common
 *fill*         0x000000000801f946        0x2 
 .text._printf_i
                0x000000000801f948      0x24c d:/programs/app/a_build/stm32cubeide/stm32cubeide/plugins/com.st.stm32cube.ide.mcu.externaltools.gnu-tools-for-stm32.9-2020-q2-update.win32_2.0.0.202105311346/tools/bin/../lib/gcc/arm-none-eabi/9.3.1/../../../../arm-none-eabi/lib/thumb/v7e-m+fp/hard\libc_nano.a(lib_a-nano-vfprintf_i.o)
                0x000000000801f948                _printf_i
 .text.memmove  0x000000000801fb94       0x34 d:/programs/app/a_build/stm32cubeide/stm32cubeide/plugins/com.st.stm32cube.ide.mcu.externaltools.gnu-tools-for-stm32.9-2020-q2-update.win32_2.0.0.202105311346/tools/bin/../lib/gcc/arm-none-eabi/9.3.1/../../../../arm-none-eabi/lib/thumb/v7e-m+fp/hard\libc_nano.a(lib_a-memmove.o)
                0x000000000801fb94                memmove
 .text._realloc_r
                0x000000000801fbc8       0x4c d:/programs/app/a_build/stm32cubeide/stm32cubeide/plugins/com.st.stm32cube.ide.mcu.externaltools.gnu-tools-for-stm32.9-2020-q2-update.win32_2.0.0.202105311346/tools/bin/../lib/gcc/arm-none-eabi/9.3.1/../../../../arm-none-eabi/lib/thumb/v7e-m+fp/hard\libc_nano.a(lib_a-nano-reallocr.o)
                0x000000000801fbc8                _realloc_r
 .text._malloc_usable_size_r
                0x000000000801fc14       0x10 d:/programs/app/a_build/stm32cubeide/stm32cubeide/plugins/com.st.stm32cube.ide.mcu.externaltools.gnu-tools-for-stm32.9-2020-q2-update.win32_2.0.0.202105311346/tools/bin/../lib/gcc/arm-none-eabi/9.3.1/../../../../arm-none-eabi/lib/thumb/v7e-m+fp/hard\libc_nano.a(lib_a-nano-msizer.o)
                0x000000000801fc14                _malloc_usable_size_r
 *(.glue_7)
 .glue_7        0x000000000801fc24        0x0 linker stubs
 *(.glue_7t)
 .glue_7t       0x000000000801fc24        0x0 linker stubs
 *(.eh_frame)
 .eh_frame      0x000000000801fc24        0x0 d:/programs/app/a_build/stm32cubeide/stm32cubeide/plugins/com.st.stm32cube.ide.mcu.externaltools.gnu-tools-for-stm32.9-2020-q2-update.win32_2.0.0.202105311346/tools/bin/../lib/gcc/arm-none-eabi/9.3.1/thumb/v7e-m+fp/hard/crtbegin.o
 *(.init)
 .init          0x000000000801fc24        0x4 d:/programs/app/a_build/stm32cubeide/stm32cubeide/plugins/com.st.stm32cube.ide.mcu.externaltools.gnu-tools-for-stm32.9-2020-q2-update.win32_2.0.0.202105311346/tools/bin/../lib/gcc/arm-none-eabi/9.3.1/thumb/v7e-m+fp/hard/crti.o
                0x000000000801fc24                _init
 .init          0x000000000801fc28        0x8 d:/programs/app/a_build/stm32cubeide/stm32cubeide/plugins/com.st.stm32cube.ide.mcu.externaltools.gnu-tools-for-stm32.9-2020-q2-update.win32_2.0.0.202105311346/tools/bin/../lib/gcc/arm-none-eabi/9.3.1/thumb/v7e-m+fp/hard/crtn.o
 *(.fini)
 .fini          0x000000000801fc30        0x4 d:/programs/app/a_build/stm32cubeide/stm32cubeide/plugins/com.st.stm32cube.ide.mcu.externaltools.gnu-tools-for-stm32.9-2020-q2-update.win32_2.0.0.202105311346/tools/bin/../lib/gcc/arm-none-eabi/9.3.1/thumb/v7e-m+fp/hard/crti.o
                0x000000000801fc30                _fini
 .fini          0x000000000801fc34        0x8 d:/programs/app/a_build/stm32cubeide/stm32cubeide/plugins/com.st.stm32cube.ide.mcu.externaltools.gnu-tools-for-stm32.9-2020-q2-update.win32_2.0.0.202105311346/tools/bin/../lib/gcc/arm-none-eabi/9.3.1/thumb/v7e-m+fp/hard/crtn.o
                0x000000000801fc3c                . = ALIGN (0x4)
                0x000000000801fc3c                _etext = .

.vfp11_veneer   0x000000000801fc3c        0x0
 .vfp11_veneer  0x000000000801fc3c        0x0 linker stubs

.v4_bx          0x000000000801fc3c        0x0
 .v4_bx         0x000000000801fc3c        0x0 linker stubs

.iplt           0x000000000801fc3c        0x0
 .iplt          0x000000000801fc3c        0x0 d:/programs/app/a_build/stm32cubeide/stm32cubeide/plugins/com.st.stm32cube.ide.mcu.externaltools.gnu-tools-for-stm32.9-2020-q2-update.win32_2.0.0.202105311346/tools/bin/../lib/gcc/arm-none-eabi/9.3.1/thumb/v7e-m+fp/hard/crtbegin.o

.rodata         0x000000000801fc40     0x21c0
                0x000000000801fc40                . = ALIGN (0x4)
 *(.rodata)
 .rodata        0x000000000801fc40        0x2 ./Core/Src/main.o
 *fill*         0x000000000801fc42        0x2 
 .rodata        0x000000000801fc44     0x130f ./Middlewares/Third_Party/LibJPEG/source/jerror.o
 *(.rodata*)
 *fill*         0x0000000008020f53        0x1 
 .rodata.AHBPrescTable
                0x0000000008020f54       0x10 ./Core/Src/system_stm32f4xx.o
                0x0000000008020f54                AHBPrescTable
 .rodata.APBPrescTable
                0x0000000008020f64        0x8 ./Core/Src/system_stm32f4xx.o
                0x0000000008020f64                APBPrescTable
 .rodata.jpeg_aritab
                0x0000000008020f6c      0x1c8 ./Middlewares/Third_Party/LibJPEG/source/jaricom.o
                0x0000000008020f6c                jpeg_aritab
 .rodata.mybuffer.7894
                0x0000000008021134        0x4 ./Middlewares/Third_Party/LibJPEG/source/jdatasrc.o
 .rodata.aanscales.8566
                0x0000000008021138       0x80 ./Middlewares/Third_Party/LibJPEG/source/jddctmgr.o
 .rodata.aanscalefactor.8574
                0x00000000080211b8       0x40 ./Middlewares/Third_Party/LibJPEG/source/jddctmgr.o
 .rodata.jpeg_zigzag_order
                0x00000000080211f8      0x100 ./Middlewares/Third_Party/LibJPEG/source/jdhuff.o
 .rodata.jpeg_zigzag_order7
                0x00000000080212f8       0xc4 ./Middlewares/Third_Party/LibJPEG/source/jdhuff.o
 .rodata.jpeg_zigzag_order6
                0x00000000080213bc       0x90 ./Middlewares/Third_Party/LibJPEG/source/jdhuff.o
 .rodata.jpeg_zigzag_order5
                0x000000000802144c       0x64 ./Middlewares/Third_Party/LibJPEG/source/jdhuff.o
 .rodata.jpeg_zigzag_order4
                0x00000000080214b0       0x40 ./Middlewares/Third_Party/LibJPEG/source/jdhuff.o
 .rodata.jpeg_zigzag_order3
                0x00000000080214f0       0x24 ./Middlewares/Third_Party/LibJPEG/source/jdhuff.o
 .rodata.jpeg_zigzag_order2
                0x0000000008021514       0x10 ./Middlewares/Third_Party/LibJPEG/source/jdhuff.o
 .rodata.bmask  0x0000000008021524       0x40 ./Middlewares/Third_Party/LibJPEG/source/jdhuff.o
 .rodata.jpeg_std_message_table
                0x0000000008021564      0x200 ./Middlewares/Third_Party/LibJPEG/source/jerror.o
                0x0000000008021564                jpeg_std_message_table
 .rodata.first_pool_slop
                0x0000000008021764        0x8 ./Middlewares/Third_Party/LibJPEG/source/jmemmgr.o
 .rodata.extra_pool_slop
                0x000000000802176c        0x8 ./Middlewares/Third_Party/LibJPEG/source/jmemmgr.o
 .rodata.base_dither_matrix
                0x0000000008021774      0x100 ./Middlewares/Third_Party/LibJPEG/source/jquant1.o
 .rodata.RGB_order.8177
                0x0000000008021874        0xc ./Middlewares/Third_Party/LibJPEG/source/jquant1.o
 .rodata.jpeg_natural_order
                0x0000000008021880      0x140 ./Middlewares/Third_Party/LibJPEG/source/jutils.o
                0x0000000008021880                jpeg_natural_order
 .rodata.jpeg_natural_order7
                0x00000000080219c0      0x104 ./Middlewares/Third_Party/LibJPEG/source/jutils.o
                0x00000000080219c0                jpeg_natural_order7
 .rodata.jpeg_natural_order6
                0x0000000008021ac4       0xd0 ./Middlewares/Third_Party/LibJPEG/source/jutils.o
                0x0000000008021ac4                jpeg_natural_order6
 .rodata.jpeg_natural_order5
                0x0000000008021b94       0xa4 ./Middlewares/Third_Party/LibJPEG/source/jutils.o
                0x0000000008021b94                jpeg_natural_order5
 .rodata.jpeg_natural_order4
                0x0000000008021c38       0x80 ./Middlewares/Third_Party/LibJPEG/source/jutils.o
                0x0000000008021c38                jpeg_natural_order4
 .rodata.jpeg_natural_order3
                0x0000000008021cb8       0x64 ./Middlewares/Third_Party/LibJPEG/source/jutils.o
                0x0000000008021cb8                jpeg_natural_order3
 .rodata.jpeg_natural_order2
                0x0000000008021d1c       0x50 ./Middlewares/Third_Party/LibJPEG/source/jutils.o
                0x0000000008021d1c                jpeg_natural_order2
 .rodata.__sf_fake_stderr
                0x0000000008021d6c       0x20 d:/programs/app/a_build/stm32cubeide/stm32cubeide/plugins/com.st.stm32cube.ide.mcu.externaltools.gnu-tools-for-stm32.9-2020-q2-update.win32_2.0.0.202105311346/tools/bin/../lib/gcc/arm-none-eabi/9.3.1/../../../../arm-none-eabi/lib/thumb/v7e-m+fp/hard\libc_nano.a(lib_a-findfp.o)
                0x0000000008021d6c                __sf_fake_stderr
 .rodata.__sf_fake_stdin
                0x0000000008021d8c       0x20 d:/programs/app/a_build/stm32cubeide/stm32cubeide/plugins/com.st.stm32cube.ide.mcu.externaltools.gnu-tools-for-stm32.9-2020-q2-update.win32_2.0.0.202105311346/tools/bin/../lib/gcc/arm-none-eabi/9.3.1/../../../../arm-none-eabi/lib/thumb/v7e-m+fp/hard\libc_nano.a(lib_a-findfp.o)
                0x0000000008021d8c                __sf_fake_stdin
 .rodata.__sf_fake_stdout
                0x0000000008021dac       0x20 d:/programs/app/a_build/stm32cubeide/stm32cubeide/plugins/com.st.stm32cube.ide.mcu.externaltools.gnu-tools-for-stm32.9-2020-q2-update.win32_2.0.0.202105311346/tools/bin/../lib/gcc/arm-none-eabi/9.3.1/../../../../arm-none-eabi/lib/thumb/v7e-m+fp/hard\libc_nano.a(lib_a-findfp.o)
                0x0000000008021dac                __sf_fake_stdout
 .rodata._svfprintf_r.str1.1
                0x0000000008021dcc       0x11 d:/programs/app/a_build/stm32cubeide/stm32cubeide/plugins/com.st.stm32cube.ide.mcu.externaltools.gnu-tools-for-stm32.9-2020-q2-update.win32_2.0.0.202105311346/tools/bin/../lib/gcc/arm-none-eabi/9.3.1/../../../../arm-none-eabi/lib/thumb/v7e-m+fp/hard\libc_nano.a(lib_a-nano-svfprintf.o)
 .rodata._printf_i.str1.1
                0x0000000008021ddd       0x22 d:/programs/app/a_build/stm32cubeide/stm32cubeide/plugins/com.st.stm32cube.ide.mcu.externaltools.gnu-tools-for-stm32.9-2020-q2-update.win32_2.0.0.202105311346/tools/bin/../lib/gcc/arm-none-eabi/9.3.1/../../../../arm-none-eabi/lib/thumb/v7e-m+fp/hard\libc_nano.a(lib_a-nano-vfprintf_i.o)
                0x0000000008021e00                . = ALIGN (0x4)
 *fill*         0x0000000008021dff        0x1 

.ARM.extab      0x0000000008021e00        0x0
                0x0000000008021e00                . = ALIGN (0x4)
 *(.ARM.extab* .gnu.linkonce.armextab.*)
                0x0000000008021e00                . = ALIGN (0x4)

.ARM            0x0000000008021e00        0x8
                0x0000000008021e00                . = ALIGN (0x4)
                0x0000000008021e00                __exidx_start = .
 *(.ARM.exidx*)
 .ARM.exidx     0x0000000008021e00        0x8 d:/programs/app/a_build/stm32cubeide/stm32cubeide/plugins/com.st.stm32cube.ide.mcu.externaltools.gnu-tools-for-stm32.9-2020-q2-update.win32_2.0.0.202105311346/tools/bin/../lib/gcc/arm-none-eabi/9.3.1/thumb/v7e-m+fp/hard\libgcc.a(_udivmoddi4.o)
                0x0000000008021e08                __exidx_end = .
                0x0000000008021e08                . = ALIGN (0x4)

.rel.dyn        0x0000000008021e08        0x0
 .rel.iplt      0x0000000008021e08        0x0 d:/programs/app/a_build/stm32cubeide/stm32cubeide/plugins/com.st.stm32cube.ide.mcu.externaltools.gnu-tools-for-stm32.9-2020-q2-update.win32_2.0.0.202105311346/tools/bin/../lib/gcc/arm-none-eabi/9.3.1/thumb/v7e-m+fp/hard/crtbegin.o

.preinit_array  0x0000000008021e08        0x0
                0x0000000008021e08                . = ALIGN (0x4)
                0x0000000008021e08                PROVIDE (__preinit_array_start = .)
 *(.preinit_array*)
                0x0000000008021e08                PROVIDE (__preinit_array_end = .)
                0x0000000008021e08                . = ALIGN (0x4)

.init_array     0x0000000008021e08        0x4
                0x0000000008021e08                . = ALIGN (0x4)
                0x0000000008021e08                PROVIDE (__init_array_start = .)
 *(SORT_BY_NAME(.init_array.*))
 *(.init_array*)
 .init_array    0x0000000008021e08        0x4 d:/programs/app/a_build/stm32cubeide/stm32cubeide/plugins/com.st.stm32cube.ide.mcu.externaltools.gnu-tools-for-stm32.9-2020-q2-update.win32_2.0.0.202105311346/tools/bin/../lib/gcc/arm-none-eabi/9.3.1/thumb/v7e-m+fp/hard/crtbegin.o
                0x0000000008021e0c                PROVIDE (__init_array_end = .)
                0x0000000008021e0c                . = ALIGN (0x4)

.fini_array     0x0000000008021e0c        0x4
                0x0000000008021e0c                . = ALIGN (0x4)
                [!provide]                        PROVIDE (__fini_array_start = .)
 *(SORT_BY_NAME(.fini_array.*))
 *(.fini_array*)
 .fini_array    0x0000000008021e0c        0x4 d:/programs/app/a_build/stm32cubeide/stm32cubeide/plugins/com.st.stm32cube.ide.mcu.externaltools.gnu-tools-for-stm32.9-2020-q2-update.win32_2.0.0.202105311346/tools/bin/../lib/gcc/arm-none-eabi/9.3.1/thumb/v7e-m+fp/hard/crtbegin.o
                [!provide]                        PROVIDE (__fini_array_end = .)
                0x0000000008021e10                . = ALIGN (0x4)
                0x0000000008021e10                _sidata = LOADADDR (.data)

.data           0x0000000020000000       0x70 load address 0x0000000008021e10
                0x0000000020000000                . = ALIGN (0x4)
                0x0000000020000000                _sdata = .
 *(.data)
 *(.data*)
 .data.SystemCoreClock
                0x0000000020000000        0x4 ./Core/Src/system_stm32f4xx.o
                0x0000000020000000                SystemCoreClock
 .data.uwTickPrio
                0x0000000020000004        0x4 ./Drivers/STM32F4xx_HAL_Driver/Src/stm32f4xx_hal.o
                0x0000000020000004                uwTickPrio
 .data.uwTickFreq
                0x0000000020000008        0x1 ./Drivers/STM32F4xx_HAL_Driver/Src/stm32f4xx_hal.o
                0x0000000020000008                uwTickFreq
 *fill*         0x0000000020000009        0x3 
 .data._impure_ptr
                0x000000002000000c        0x4 d:/programs/app/a_build/stm32cubeide/stm32cubeide/plugins/com.st.stm32cube.ide.mcu.externaltools.gnu-tools-for-stm32.9-2020-q2-update.win32_2.0.0.202105311346/tools/bin/../lib/gcc/arm-none-eabi/9.3.1/../../../../arm-none-eabi/lib/thumb/v7e-m+fp/hard\libc_nano.a(lib_a-impure.o)
                0x000000002000000c                _impure_ptr
 .data.impure_data
                0x0000000020000010       0x60 d:/programs/app/a_build/stm32cubeide/stm32cubeide/plugins/com.st.stm32cube.ide.mcu.externaltools.gnu-tools-for-stm32.9-2020-q2-update.win32_2.0.0.202105311346/tools/bin/../lib/gcc/arm-none-eabi/9.3.1/../../../../arm-none-eabi/lib/thumb/v7e-m+fp/hard\libc_nano.a(lib_a-impure.o)
 *(.RamFunc)
 *(.RamFunc*)
                0x0000000020000070                . = ALIGN (0x4)
                0x0000000020000070                _edata = .
                0x0000000008021e80                _siccmram = LOADADDR (.ccmram)

.igot.plt       0x0000000020000070        0x0 load address 0x0000000008021e80
 .igot.plt      0x0000000020000070        0x0 d:/programs/app/a_build/stm32cubeide/stm32cubeide/plugins/com.st.stm32cube.ide.mcu.externaltools.gnu-tools-for-stm32.9-2020-q2-update.win32_2.0.0.202105311346/tools/bin/../lib/gcc/arm-none-eabi/9.3.1/thumb/v7e-m+fp/hard/crtbegin.o

.ccmram         0x0000000010000000        0x0 load address 0x0000000008021e80
                0x0000000010000000                . = ALIGN (0x4)
                0x0000000010000000                _sccmram = .
 *(.ccmram)
 *(.ccmram*)
                0x0000000010000000                . = ALIGN (0x4)
                0x0000000010000000                _eccmram = .
                0x0000000010000000                . = ALIGN (0x4)

.bss            0x0000000020000070       0x80
                0x0000000020000070                _sbss = .
                0x0000000020000070                __bss_start__ = _sbss
 *(.bss)
 .bss           0x0000000020000070       0x1c d:/programs/app/a_build/stm32cubeide/stm32cubeide/plugins/com.st.stm32cube.ide.mcu.externaltools.gnu-tools-for-stm32.9-2020-q2-update.win32_2.0.0.202105311346/tools/bin/../lib/gcc/arm-none-eabi/9.3.1/thumb/v7e-m+fp/hard/crtbegin.o
 *(.bss*)
 .bss.__sbrk_heap_end
                0x000000002000008c        0x4 ./Core/Src/sysmem.o
 .bss.__malloc_free_list
                0x0000000020000090        0x4 d:/programs/app/a_build/stm32cubeide/stm32cubeide/plugins/com.st.stm32cube.ide.mcu.externaltools.gnu-tools-for-stm32.9-2020-q2-update.win32_2.0.0.202105311346/tools/bin/../lib/gcc/arm-none-eabi/9.3.1/../../../../arm-none-eabi/lib/thumb/v7e-m+fp/hard\libc_nano.a(lib_a-nano-mallocr.o)
                0x0000000020000090                __malloc_free_list
 .bss.__malloc_sbrk_start
                0x0000000020000094        0x4 d:/programs/app/a_build/stm32cubeide/stm32cubeide/plugins/com.st.stm32cube.ide.mcu.externaltools.gnu-tools-for-stm32.9-2020-q2-update.win32_2.0.0.202105311346/tools/bin/../lib/gcc/arm-none-eabi/9.3.1/../../../../arm-none-eabi/lib/thumb/v7e-m+fp/hard\libc_nano.a(lib_a-nano-mallocr.o)
                0x0000000020000094                __malloc_sbrk_start
 *(COMMON)
 COMMON         0x0000000020000098       0x44 ./Core/Src/usart.o
                0x0000000020000098                huart1
 COMMON         0x00000000200000dc        0x4 ./Drivers/STM32F4xx_HAL_Driver/Src/stm32f4xx_hal.o
                0x00000000200000dc                uwTick
 COMMON         0x00000000200000e0        0x9 d:/programs/app/a_build/stm32cubeide/stm32cubeide/plugins/com.st.stm32cube.ide.mcu.externaltools.gnu-tools-for-stm32.9-2020-q2-update.win32_2.0.0.202105311346/tools/bin/../lib/gcc/arm-none-eabi/9.3.1/../../../../arm-none-eabi/lib/thumb/v7e-m+fp/hard\libc_nano.a(lib_a-lock.o)
                0x00000000200000e0                __lock___atexit_recursive_mutex
                0x00000000200000e1                __lock___arc4random_mutex
                0x00000000200000e2                __lock___env_recursive_mutex
                0x00000000200000e3                __lock___sinit_recursive_mutex
                0x00000000200000e4                __lock___malloc_recursive_mutex
                0x00000000200000e5                __lock___at_quick_exit_mutex
                0x00000000200000e6                __lock___dd_hash_mutex
                0x00000000200000e7                __lock___tz_mutex
                0x00000000200000e8                __lock___sfp_recursive_mutex
 *fill*         0x00000000200000e9        0x3 
 COMMON         0x00000000200000ec        0x4 d:/programs/app/a_build/stm32cubeide/stm32cubeide/plugins/com.st.stm32cube.ide.mcu.externaltools.gnu-tools-for-stm32.9-2020-q2-update.win32_2.0.0.202105311346/tools/bin/../lib/gcc/arm-none-eabi/9.3.1/../../../../arm-none-eabi/lib/thumb/v7e-m+fp/hard\libc_nano.a(lib_a-reent.o)
                0x00000000200000ec                errno
                0x00000000200000f0                . = ALIGN (0x4)
                0x00000000200000f0                _ebss = .
                0x00000000200000f0                __bss_end__ = _ebss

._user_heap_stack
                0x00000000200000f0      0x600
                0x00000000200000f0                . = ALIGN (0x8)
                [!provide]                        PROVIDE (end = .)
                0x00000000200000f0                PROVIDE (_end = .)
                0x00000000200002f0                . = (. + _Min_Heap_Size)
 *fill*         0x00000000200000f0      0x200 
                0x00000000200006f0                . = (. + _Min_Stack_Size)
 *fill*         0x00000000200002f0      0x400 
                0x00000000200006f0                . = ALIGN (0x8)

/DISCARD/
 libc.a(*)
 libm.a(*)
 libgcc.a(*)

.ARM.attributes
                0x0000000000000000       0x30
 *(.ARM.attributes)
 .ARM.attributes
                0x0000000000000000       0x1e d:/programs/app/a_build/stm32cubeide/stm32cubeide/plugins/com.st.stm32cube.ide.mcu.externaltools.gnu-tools-for-stm32.9-2020-q2-update.win32_2.0.0.202105311346/tools/bin/../lib/gcc/arm-none-eabi/9.3.1/thumb/v7e-m+fp/hard/crti.o
 .ARM.attributes
                0x000000000000001e       0x34 d:/programs/app/a_build/stm32cubeide/stm32cubeide/plugins/com.st.stm32cube.ide.mcu.externaltools.gnu-tools-for-stm32.9-2020-q2-update.win32_2.0.0.202105311346/tools/bin/../lib/gcc/arm-none-eabi/9.3.1/thumb/v7e-m+fp/hard/crtbegin.o
 .ARM.attributes
                0x0000000000000052       0x34 ./Core/Src/gpio.o
 .ARM.attributes
                0x0000000000000086       0x34 ./Core/Src/main.o
 .ARM.attributes
                0x00000000000000ba       0x34 ./Core/Src/stm32f4xx_hal_msp.o
 .ARM.attributes
                0x00000000000000ee       0x34 ./Core/Src/stm32f4xx_it.o
 .ARM.attributes
                0x0000000000000122       0x34 ./Core/Src/sysmem.o
 .ARM.attributes
                0x0000000000000156       0x34 ./Core/Src/system_stm32f4xx.o
 .ARM.attributes
                0x000000000000018a       0x34 ./Core/Src/usart.o
 .ARM.attributes
                0x00000000000001be       0x21 ./Core/Startup/startup_stm32f407vetx.o
 .ARM.attributes
                0x00000000000001df       0x34 ./Drivers/STM32F4xx_HAL_Driver/Src/stm32f4xx_hal.o
 .ARM.attributes
                0x0000000000000213       0x34 ./Drivers/STM32F4xx_HAL_Driver/Src/stm32f4xx_hal_cortex.o
 .ARM.attributes
                0x0000000000000247       0x34 ./Drivers/STM32F4xx_HAL_Driver/Src/stm32f4xx_hal_dma.o
 .ARM.attributes
                0x000000000000027b       0x34 ./Drivers/STM32F4xx_HAL_Driver/Src/stm32f4xx_hal_gpio.o
 .ARM.attributes
                0x00000000000002af       0x34 ./Drivers/STM32F4xx_HAL_Driver/Src/stm32f4xx_hal_rcc.o
 .ARM.attributes
                0x00000000000002e3       0x34 ./Drivers/STM32F4xx_HAL_Driver/Src/stm32f4xx_hal_uart.o
 .ARM.attributes
                0x0000000000000317       0x34 ./LIBJPEG/App/libjpeg.o
 .ARM.attributes
                0x000000000000034b       0x39 ./Middlewares/Third_Party/LibJPEG/source/jaricom.o
 .ARM.attributes
                0x0000000000000384       0x34 ./Middlewares/Third_Party/LibJPEG/source/jcomapi.o
 .ARM.attributes
                0x00000000000003b8       0x34 ./Middlewares/Third_Party/LibJPEG/source/jdapimin.o
 .ARM.attributes
                0x00000000000003ec       0x34 ./Middlewares/Third_Party/LibJPEG/source/jdapistd.o
 .ARM.attributes
                0x0000000000000420       0x34 ./Middlewares/Third_Party/LibJPEG/source/jdarith.o
 .ARM.attributes
                0x0000000000000454       0x34 ./Middlewares/Third_Party/LibJPEG/source/jdatasrc.o
 .ARM.attributes
                0x0000000000000488       0x34 ./Middlewares/Third_Party/LibJPEG/source/jdcoefct.o
 .ARM.attributes
                0x00000000000004bc       0x34 ./Middlewares/Third_Party/LibJPEG/source/jdcolor.o
 .ARM.attributes
                0x00000000000004f0       0x34 ./Middlewares/Third_Party/LibJPEG/source/jddctmgr.o
 .ARM.attributes
                0x0000000000000524       0x34 ./Middlewares/Third_Party/LibJPEG/source/jdhuff.o
 .ARM.attributes
                0x0000000000000558       0x34 ./Middlewares/Third_Party/LibJPEG/source/jdinput.o
 .ARM.attributes
                0x000000000000058c       0x34 ./Middlewares/Third_Party/LibJPEG/source/jdmainct.o
 .ARM.attributes
                0x00000000000005c0       0x34 ./Middlewares/Third_Party/LibJPEG/source/jdmarker.o
 .ARM.attributes
                0x00000000000005f4       0x34 ./Middlewares/Third_Party/LibJPEG/source/jdmaster.o
 .ARM.attributes
                0x0000000000000628       0x34 ./Middlewares/Third_Party/LibJPEG/source/jdmerge.o
 .ARM.attributes
                0x000000000000065c       0x34 ./Middlewares/Third_Party/LibJPEG/source/jdpostct.o
 .ARM.attributes
                0x0000000000000690       0x34 ./Middlewares/Third_Party/LibJPEG/source/jdsample.o
 .ARM.attributes
                0x00000000000006c4       0x34 ./Middlewares/Third_Party/LibJPEG/source/jerror.o
 .ARM.attributes