Archive member included to satisfy reference by file (symbol)

d:/programs/app/a_build/stm32cubeide/stm32cubeide/plugins/com.st.stm32cube.ide.mcu.externaltools.gnu-tools-for-stm32.9-2020-q2-update.win32_2.0.0.202105311346/tools/bin/../lib/gcc/arm-none-eabi/9.3.1/../../../../arm-none-eabi/lib/thumb/v7e-m+fp/hard\libc_nano.a(lib_a-errno.o)
                              ./Core/Src/syscalls.o (__errno)
d:/programs/app/a_build/stm32cubeide/stm32cubeide/plugins/com.st.stm32cube.ide.mcu.externaltools.gnu-tools-for-stm32.9-2020-q2-update.win32_2.0.0.202105311346/tools/bin/../lib/gcc/arm-none-eabi/9.3.1/../../../../arm-none-eabi/lib/thumb/v7e-m+fp/hard\libc_nano.a(lib_a-exit.o)
                              d:/programs/app/a_build/stm32cubeide/stm32cubeide/plugins/com.st.stm32cube.ide.mcu.externaltools.gnu-tools-for-stm32.9-2020-q2-update.win32_2.0.0.202105311346/tools/bin/../lib/gcc/arm-none-eabi/9.3.1/../../../../arm-none-eabi/lib/thumb/v7e-m+fp/hard/crt0.o (exit)
d:/programs/app/a_build/stm32cubeide/stm32cubeide/plugins/com.st.stm32cube.ide.mcu.externaltools.gnu-tools-for-stm32.9-2020-q2-update.win32_2.0.0.202105311346/tools/bin/../lib/gcc/arm-none-eabi/9.3.1/../../../../arm-none-eabi/lib/thumb/v7e-m+fp/hard\libc_nano.a(lib_a-impure.o)
                              d:/programs/app/a_build/stm32cubeide/stm32cubeide/plugins/com.st.stm32cube.ide.mcu.externaltools.gnu-tools-for-stm32.9-2020-q2-update.win32_2.0.0.202105311346/tools/bin/../lib/gcc/arm-none-eabi/9.3.1/../../../../arm-none-eabi/lib/thumb/v7e-m+fp/hard\libc_nano.a(lib_a-exit.o) (_global_impure_ptr)
d:/programs/app/a_build/stm32cubeide/stm32cubeide/plugins/com.st.stm32cube.ide.mcu.externaltools.gnu-tools-for-stm32.9-2020-q2-update.win32_2.0.0.202105311346/tools/bin/../lib/gcc/arm-none-eabi/9.3.1/../../../../arm-none-eabi/lib/thumb/v7e-m+fp/hard\libc_nano.a(lib_a-init.o)
                              d:/programs/app/a_build/stm32cubeide/stm32cubeide/plugins/com.st.stm32cube.ide.mcu.externaltools.gnu-tools-for-stm32.9-2020-q2-update.win32_2.0.0.202105311346/tools/bin/../lib/gcc/arm-none-eabi/9.3.1/../../../../arm-none-eabi/lib/thumb/v7e-m+fp/hard/crt0.o (__libc_init_array)
d:/programs/app/a_build/stm32cubeide/stm32cubeide/plugins/com.st.stm32cube.ide.mcu.externaltools.gnu-tools-for-stm32.9-2020-q2-update.win32_2.0.0.202105311346/tools/bin/../lib/gcc/arm-none-eabi/9.3.1/../../../../arm-none-eabi/lib/thumb/v7e-m+fp/hard\libc_nano.a(lib_a-memcpy-stub.o)
                              ./Middlewares/Third_Party/FreeRTOS/Source/CMSIS_RTOS_V2/cmsis_os2.o (memcpy)
d:/programs/app/a_build/stm32cubeide/stm32cubeide/plugins/com.st.stm32cube.ide.mcu.externaltools.gnu-tools-for-stm32.9-2020-q2-update.win32_2.0.0.202105311346/tools/bin/../lib/gcc/arm-none-eabi/9.3.1/../../../../arm-none-eabi/lib/thumb/v7e-m+fp/hard\libc_nano.a(lib_a-memset.o)
                              d:/programs/app/a_build/stm32cubeide/stm32cubeide/plugins/com.st.stm32cube.ide.mcu.externaltools.gnu-tools-for-stm32.9-2020-q2-update.win32_2.0.0.202105311346/tools/bin/../lib/gcc/arm-none-eabi/9.3.1/../../../../arm-none-eabi/lib/thumb/v7e-m+fp/hard/crt0.o (memset)
d:/programs/app/a_build/stm32cubeide/stm32cubeide/plugins/com.st.stm32cube.ide.mcu.externaltools.gnu-tools-for-stm32.9-2020-q2-update.win32_2.0.0.202105311346/tools/bin/../lib/gcc/arm-none-eabi/9.3.1/thumb/v7e-m+fp/hard\libgcc.a(_aeabi_uldivmod.o)
                              ./Drivers/STM32F4xx_HAL_Driver/Src/stm32f4xx_hal_rcc.o (__aeabi_uldivmod)
d:/programs/app/a_build/stm32cubeide/stm32cubeide/plugins/com.st.stm32cube.ide.mcu.externaltools.gnu-tools-for-stm32.9-2020-q2-update.win32_2.0.0.202105311346/tools/bin/../lib/gcc/arm-none-eabi/9.3.1/thumb/v7e-m+fp/hard\libgcc.a(_udivmoddi4.o)
                              d:/programs/app/a_build/stm32cubeide/stm32cubeide/plugins/com.st.stm32cube.ide.mcu.externaltools.gnu-tools-for-stm32.9-2020-q2-update.win32_2.0.0.202105311346/tools/bin/../lib/gcc/arm-none-eabi/9.3.1/thumb/v7e-m+fp/hard\libgcc.a(_aeabi_uldivmod.o) (__udivmoddi4)
d:/programs/app/a_build/stm32cubeide/stm32cubeide/plugins/com.st.stm32cube.ide.mcu.externaltools.gnu-tools-for-stm32.9-2020-q2-update.win32_2.0.0.202105311346/tools/bin/../lib/gcc/arm-none-eabi/9.3.1/thumb/v7e-m+fp/hard\libgcc.a(_dvmd_tls.o)
                              d:/programs/app/a_build/stm32cubeide/stm32cubeide/plugins/com.st.stm32cube.ide.mcu.externaltools.gnu-tools-for-stm32.9-2020-q2-update.win32_2.0.0.202105311346/tools/bin/../lib/gcc/arm-none-eabi/9.3.1/thumb/v7e-m+fp/hard\libgcc.a(_aeabi_uldivmod.o) (__aeabi_ldiv0)

Allocating common symbols
Common symbol       size              file

task_led1Handle     0x4               ./Core/Src/freertos.o
uwTick              0x4               ./Drivers/STM32F4xx_HAL_Driver/Src/stm32f4xx_hal.o
xQueueRegistry      0x40              ./Middlewares/Third_Party/FreeRTOS/Source/queue.o
pFlash              0x20              ./Drivers/STM32F4xx_HAL_Driver/Src/stm32f4xx_hal_flash.o
[...]
Memory Configuration

Name             Origin             Length             Attributes
CCMRAM           0x0000000010000000 0x0000000000010000 xrw
RAM              0x0000000020000000 0x0000000000020000 xrw
FLASH            0x0000000008000000 0x0000000000080000 xr
*default*        0x0000000000000000 0xffffffffffffffff

Linker script and memory map

LOAD d:/programs/app/a_build/stm32cubeide/stm32cubeide/plugins/com.st.stm32cube.ide.mcu.externaltools.gnu-tools-for-stm32.9-2020-q2-update.win32_2.0.0.202105311346/tools/bin/../lib/gcc/arm-none-eabi/9.3.1/thumb/v7e-m+fp/hard/crti.o
LOAD d:/programs/app/a_build/stm32cubeide/stm32cubeide/plugins/com.st.stm32cube.ide.mcu.externaltools.gnu-tools-for-stm32.9-2020-q2-update.win32_2.0.0.202105311346/tools/bin/../lib/gcc/arm-none-eabi/9.3.1/thumb/v7e-m+fp/hard/crtbegin.o
LOAD d:/programs/app/a_build/stm32cubeide/stm32cubeide/plugins/com.st.stm32cube.ide.mcu.externaltools.gnu-tools-for-stm32.9-2020-q2-update.win32_2.0.0.202105311346/tools/bin/../lib/gcc/arm-none-eabi/9.3.1/../../../../arm-none-eabi/lib/thumb/v7e-m+fp/hard/crt0.o
LOAD ./Core/Src/freertos.o
LOAD ./Core/Src/gpio.o
LOAD ./Core/Src/main.o
LOAD ./Core/Src/stm32f4xx_hal_msp.o
LOAD ./Core/Src/stm32f4xx_it.o
LOAD ./Core/Src/syscalls.o
LOAD ./Core/Src/sysmem.o
LOAD ./Core/Src/system_stm32f4xx.o
LOAD ./Core/Startup/startup_stm32f407vetx.o
LOAD ./Drivers/STM32F4xx_HAL_Driver/Src/stm32f4xx_hal.o
LOAD ./Drivers/STM32F4xx_HAL_Driver/Src/stm32f4xx_hal_cortex.o
LOAD ./Drivers/STM32F4xx_HAL_Driver/Src/stm32f4xx_hal_dma.o
LOAD ./Drivers/STM32F4xx_HAL_Driver/Src/stm32f4xx_hal_dma_ex.o
LOAD ./Drivers/STM32F4xx_HAL_Driver/Src/stm32f4xx_hal_exti.o
LOAD ./Drivers/STM32F4xx_HAL_Driver/Src/stm32f4xx_hal_flash.o
LOAD ./Drivers/STM32F4xx_HAL_Driver/Src/stm32f4xx_hal_flash_ex.o
LOAD ./Drivers/STM32F4xx_HAL_Driver/Src/stm32f4xx_hal_flash_ramfunc.o
LOAD ./Drivers/STM32F4xx_HAL_Driver/Src/stm32f4xx_hal_gpio.o
LOAD ./Drivers/STM32F4xx_HAL_Driver/Src/stm32f4xx_hal_pwr.o
LOAD ./Drivers/STM32F4xx_HAL_Driver/Src/stm32f4xx_hal_pwr_ex.o
LOAD ./Drivers/STM32F4xx_HAL_Driver/Src/stm32f4xx_hal_rcc.o
LOAD ./Drivers/STM32F4xx_HAL_Driver/Src/stm32f4xx_hal_rcc_ex.o
LOAD ./Drivers/STM32F4xx_HAL_Driver/Src/stm32f4xx_hal_tim.o
LOAD ./Drivers/STM32F4xx_HAL_Driver/Src/stm32f4xx_hal_tim_ex.o
LOAD ./Middlewares/Third_Party/FreeRTOS/Source/CMSIS_RTOS_V2/cmsis_os2.o
LOAD ./Middlewares/Third_Party/FreeRTOS/Source/croutine.o
LOAD ./Middlewares/Third_Party/FreeRTOS/Source/event_groups.o
LOAD ./Middlewares/Third_Party/FreeRTOS/Source/list.o
LOAD ./Middlewares/Third_Party/FreeRTOS/Source/queue.o
LOAD ./Middlewares/Third_Party/FreeRTOS/Source/stream_buffer.o
LOAD ./Middlewares/Third_Party/FreeRTOS/Source/tasks.o
LOAD ./Middlewares/Third_Party/FreeRTOS/Source/timers.o
LOAD ./Middlewares/Third_Party/FreeRTOS/Source/portable/GCC/ARM_CM4F/port.o
LOAD ./Middlewares/Third_Party/FreeRTOS/Source/portable/MemMang/heap_4.o
START GROUP
LOAD d:/programs/app/a_build/stm32cubeide/stm32cubeide/plugins/com.st.stm32cube.ide.mcu.externaltools.gnu-tools-for-stm32.9-2020-q2-update.win32_2.0.0.202105311346/tools/bin/../lib/gcc/arm-none-eabi/9.3.1/../../../../arm-none-eabi/lib/thumb/v7e-m+fp/hard\libstdc++_nano.a
LOAD d:/programs/app/a_build/stm32cubeide/stm32cubeide/plugins/com.st.stm32cube.ide.mcu.externaltools.gnu-tools-for-stm32.9-2020-q2-update.win32_2.0.0.202105311346/tools/bin/../lib/gcc/arm-none-eabi/9.3.1/../../../../arm-none-eabi/lib/thumb/v7e-m+fp/hard\libsupc++_nano.a
END GROUP
LOAD d:/programs/app/a_build/stm32cubeide/stm32cubeide/plugins/com.st.stm32cube.ide.mcu.externaltools.gnu-tools-for-stm32.9-2020-q2-update.win32_2.0.0.202105311346/tools/bin/../lib/gcc/arm-none-eabi/9.3.1/../../../../arm-none-eabi/lib/thumb/v7e-m+fp/hard\libstdc++_nano.a
LOAD d:/programs/app/a_build/stm32cubeide/stm32cubeide/plugins/com.st.stm32cube.ide.mcu.externaltools.gnu-tools-for-stm32.9-2020-q2-update.win32_2.0.0.202105311346/tools/bin/../lib/gcc/arm-none-eabi/9.3.1/../../../../arm-none-eabi/lib/thumb/v7e-m+fp/hard\libm.a
LOAD d:/programs/app/a_build/stm32cubeide/stm32cubeide/plugins/com.st.stm32cube.ide.mcu.externaltools.gnu-tools-for-stm32.9-2020-q2-update.win32_2.0.0.202105311346/tools/bin/../lib/gcc/arm-none-eabi/9.3.1/../../../../arm-none-eabi/lib/thumb/v7e-m+fp/hard\libc_nano.a
START GROUP
LOAD d:/programs/app/a_build/stm32cubeide/stm32cubeide/plugins/com.st.stm32cube.ide.mcu.externaltools.gnu-tools-for-stm32.9-2020-q2-update.win32_2.0.0.202105311346/tools/bin/../lib/gcc/arm-none-eabi/9.3.1/thumb/v7e-m+fp/hard\libgcc.a
LOAD d:/programs/app/a_build/stm32cubeide/stm32cubeide/plugins/com.st.stm32cube.ide.mcu.externaltools.gnu-tools-for-stm32.9-2020-q2-update.win32_2.0.0.202105311346/tools/bin/../lib/gcc/arm-none-eabi/9.3.1/../../../../arm-none-eabi/lib/thumb/v7e-m+fp/hard\libc_nano.a
END GROUP
START GROUP
LOAD d:/programs/app/a_build/stm32cubeide/stm32cubeide/plugins/com.st.stm32cube.ide.mcu.externaltools.gnu-tools-for-stm32.9-2020-q2-update.win32_2.0.0.202105311346/tools/bin/../lib/gcc/arm-none-eabi/9.3.1/thumb/v7e-m+fp/hard\libgcc.a
LOAD d:/programs/app/a_build/stm32cubeide/stm32cubeide/plugins/com.st.stm32cube.ide.mcu.externaltools.gnu-tools-for-stm32.9-2020-q2-update.win32_2.0.0.202105311346/tools/bin/../lib/gcc/arm-none-eabi/9.3.1/../../../../arm-none-eabi/lib/thumb/v7e-m+fp/hard\libc_nano.a
LOAD d:/programs/app/a_build/stm32cubeide/stm32cubeide/plugins/com.st.stm32cube.ide.mcu.externaltools.gnu-tools-for-stm32.9-2020-q2-update.win32_2.0.0.202105311346/tools/bin/../lib/gcc/arm-none-eabi/9.3.1/../../../../arm-none-eabi/lib/thumb/v7e-m+fp/hard\libnosys.a
END GROUP
START GROUP
LOAD d:/programs/app/a_build/stm32cubeide/stm32cubeide/plugins/com.st.stm32cube.ide.mcu.externaltools.gnu-tools-for-stm32.9-2020-q2-update.win32_2.0.0.202105311346/tools/bin/../lib/gcc/arm-none-eabi/9.3.1/thumb/v7e-m+fp/hard\libgcc.a
LOAD d:/programs/app/a_build/stm32cubeide/stm32cubeide/plugins/com.st.stm32cube.ide.mcu.externaltools.gnu-tools-for-stm32.9-2020-q2-update.win32_2.0.0.202105311346/tools/bin/../lib/gcc/arm-none-eabi/9.3.1/../../../../arm-none-eabi/lib/thumb/v7e-m+fp/hard\libc_nano.a
LOAD d:/programs/app/a_build/stm32cubeide/stm32cubeide/plugins/com.st.stm32cube.ide.mcu.externaltools.gnu-tools-for-stm32.9-2020-q2-update.win32_2.0.0.202105311346/tools/bin/../lib/gcc/arm-none-eabi/9.3.1/../../../../arm-none-eabi/lib/thumb/v7e-m+fp/hard\libnosys.a
END GROUP
LOAD d:/programs/app/a_build/stm32cubeide/stm32cubeide/plugins/com.st.stm32cube.ide.mcu.externaltools.gnu-tools-for-stm32.9-2020-q2-update.win32_2.0.0.202105311346/tools/bin/../lib/gcc/arm-none-eabi/9.3.1/thumb/v7e-m+fp/hard/crtend.o
LOAD d:/programs/app/a_build/stm32cubeide/stm32cubeide/plugins/com.st.stm32cube.ide.mcu.externaltools.gnu-tools-for-stm32.9-2020-q2-update.win32_2.0.0.202105311346/tools/bin/../lib/gcc/arm-none-eabi/9.3.1/thumb/v7e-m+fp/hard/crtn.o
                0x0000000020020000                _estack = (ORIGIN (RAM) + LENGTH (RAM))
                0x0000000000000200                _Min_Heap_Size = 0x200
                0x0000000000000400                _Min_Stack_Size = 0x400

.isr_vector     0x0000000008000000      0x188
                0x0000000008000000                . = ALIGN (0x4)
 *(.isr_vector)
 .isr_vector    0x0000000008000000      0x188 ./Core/Startup/startup_stm32f407vetx.o
                0x0000000008000000                g_pfnVectors
                0x0000000008000188                . = ALIGN (0x4)

.text           0x0000000008000190     0x4088
                0x0000000008000190                . = ALIGN (0x4)
 *(.text)
 .text          0x0000000008000190       0x40 d:/programs/app/a_build/stm32cubeide/stm32cubeide/plugins/com.st.stm32cube.ide.mcu.externaltools.gnu-tools-for-stm32.9-2020-q2-update.win32_2.0.0.202105311346/tools/bin/../lib/gcc/arm-none-eabi/9.3.1/thumb/v7e-m+fp/hard/crtbegin.o
 .text          0x00000000080001d0       0x30 d:/programs/app/a_build/stm32cubeide/stm32cubeide/plugins/com.st.stm32cube.ide.mcu.externaltools.gnu-tools-for-stm32.9-2020-q2-update.win32_2.0.0.202105311346/tools/bin/../lib/gcc/arm-none-eabi/9.3.1/thumb/v7e-m+fp/hard\libgcc.a(_aeabi_uldivmod.o)
                0x00000000080001d0                __aeabi_uldivmod
 .text          0x0000000008000200      0x2c4 d:/programs/app/a_build/stm32cubeide/stm32cubeide/plugins/com.st.stm32cube.ide.mcu.externaltools.gnu-tools-for-stm32.9-2020-q2-update.win32_2.0.0.202105311346/tools/bin/../lib/gcc/arm-none-eabi/9.3.1/thumb/v7e-m+fp/hard\libgcc.a(_udivmoddi4.o)
                0x0000000008000200                __udivmoddi4
 .text          0x00000000080004c4        0x4 d:/programs/app/a_build/stm32cubeide/stm32cubeide/plugins/com.st.stm32cube.ide.mcu.externaltools.gnu-tools-for-stm32.9-2020-q2-update.win32_2.0.0.202105311346/tools/bin/../lib/gcc/arm-none-eabi/9.3.1/thumb/v7e-m+fp/hard\libgcc.a(_dvmd_tls.o)
                0x00000000080004c4                __aeabi_idiv0
                0x00000000080004c4                __aeabi_ldiv0
 *(.text*)
 .text.MX_FREERTOS_Init
                0x00000000080004c8       0x40 ./Core/Src/freertos.o
                0x00000000080004c8                MX_FREERTOS_Init
 .text.task_led0_start
                0x0000000008000508       0x28 ./Core/Src/freertos.o
                0x0000000008000508                task_led0_start
 .text.task_led1_start
                0x0000000008000530       0x28 ./Core/Src/freertos.o
                0x0000000008000530                task_led1_start
 .text.MX_GPIO_Init
                0x0000000008000558       0xa0 ./Core/Src/gpio.o
                0x0000000008000558                MX_GPIO_Init
 .text.main     0x00000000080005f8       0x1e ./Core/Src/main.o
                0x00000000080005f8                main
 *fill*         0x0000000008000616        0x2 
 .text.SystemClock_Config
                0x0000000008000618       0xd4 ./Core/Src/main.o
                0x0000000008000618                SystemClock_Config
 .text.Error_Handler
                0x00000000080006ec        0xa ./Core/Src/main.o
                0x00000000080006ec                Error_Handler
 *fill*         0x00000000080006f6        0x2 
 .text.HAL_MspInit
                0x00000000080006f8       0x58 ./Core/Src/stm32f4xx_hal_msp.o
                0x00000000080006f8                HAL_MspInit
 .text.NMI_Handler
                0x0000000008000750        0x6 ./Core/Src/stm32f4xx_it.o
                0x0000000008000750                NMI_Handler
 .text.HardFault_Handler
                0x0000000008000756        0x6 ./Core/Src/stm32f4xx_it.o
                0x0000000008000756                HardFault_Handler
 .text.MemManage_Handler
                0x000000000800075c        0x6 ./Core/Src/stm32f4xx_it.o
                0x000000000800075c                MemManage_Handler
 .text.BusFault_Handler
                0x0000000008000762        0x6 ./Core/Src/stm32f4xx_it.o
                0x0000000008000762                BusFault_Handler
 .text.UsageFault_Handler
                0x0000000008000768        0x6 ./Core/Src/stm32f4xx_it.o
                0x0000000008000768                UsageFault_Handler
 .text.DebugMon_Handler
                0x000000000800076e        0xe ./Core/Src/stm32f4xx_it.o
                0x000000000800076e                DebugMon_Handler
 .text.SysTick_Handler
                0x000000000800077c       0x1a ./Core/Src/stm32f4xx_it.o
                0x000000000800077c                SysTick_Handler
 *fill*         0x0000000008000796        0x2 
 .text.SystemInit
                0x0000000008000798       0x24 ./Core/Src/system_stm32f4xx.o
                0x0000000008000798                SystemInit
 .text.Reset_Handler
                0x00000000080007bc       0x50 ./Core/Startup/startup_stm32f407vetx.o
                0x00000000080007bc                Reset_Handler
 .text.Default_Handler
                0x000000000800080c        0x2 ./Core/Startup/startup_stm32f407vetx.o
                0x000000000800080c                RTC_Alarm_IRQHandler
                0x000000000800080c                HASH_RNG_IRQHandler
                0x000000000800080c                EXTI2_IRQHandler
                0x000000000800080c                TIM8_CC_IRQHandler
                0x000000000800080c                TIM1_CC_IRQHandler
                0x000000000800080c                DMA2_Stream5_IRQHandler
                0x000000000800080c                DMA1_Stream5_IRQHandler
                0x000000000800080c                PVD_IRQHandler
                0x000000000800080c                SDIO_IRQHandler
                0x000000000800080c                TAMP_STAMP_IRQHandler
                0x000000000800080c                CAN2_RX1_IRQHandler
                0x000000000800080c                EXTI3_IRQHandler
                0x000000000800080c                TIM8_TRG_COM_TIM14_IRQHandler
                0x000000000800080c                TIM1_UP_TIM10_IRQHandler
                0x000000000800080c                TIM8_UP_TIM13_IRQHandler
                0x000000000800080c                I2C3_ER_IRQHandler
                0x000000000800080c                EXTI0_IRQHandler
                0x000000000800080c                I2C2_EV_IRQHandler
                0x000000000800080c                DMA1_Stream2_IRQHandler
                0x000000000800080c                CAN1_RX0_IRQHandler
                0x000000000800080c                FPU_IRQHandler
                0x000000000800080c                OTG_HS_WKUP_IRQHandler
                0x000000000800080c                CAN2_SCE_IRQHandler
                0x000000000800080c                DMA2_Stream2_IRQHandler
                0x000000000800080c                SPI1_IRQHandler
                0x000000000800080c                TIM6_DAC_IRQHandler
                0x000000000800080c                TIM1_BRK_TIM9_IRQHandler
                0x000000000800080c                DCMI_IRQHandler
                0x000000000800080c                CAN2_RX0_IRQHandler
                0x000000000800080c                DMA2_Stream3_IRQHandler
                0x000000000800080c                USART6_IRQHandler
                0x000000000800080c                USART3_IRQHandler
                0x000000000800080c                CAN1_RX1_IRQHandler
                0x000000000800080c                UART5_IRQHandler
                0x000000000800080c                DMA2_Stream0_IRQHandler
                0x000000000800080c                TIM4_IRQHandler
                0x000000000800080c                I2C1_EV_IRQHandler
                0x000000000800080c                DMA1_Stream6_IRQHandler
                0x000000000800080c                DMA1_Stream1_IRQHandler
                0x000000000800080c                UART4_IRQHandler
                0x000000000800080c                TIM3_IRQHandler
                0x000000000800080c                RCC_IRQHandler
                0x000000000800080c                TIM8_BRK_TIM12_IRQHandler
                0x000000000800080c                Default_Handler
                0x000000000800080c                EXTI15_10_IRQHandler
                0x000000000800080c                ADC_IRQHandler
                0x000000000800080c                DMA1_Stream7_IRQHandler
                0x000000000800080c                TIM7_IRQHandler
                0x000000000800080c                CAN2_TX_IRQHandler
                0x000000000800080c                TIM5_IRQHandler
                0x000000000800080c                DMA2_Stream7_IRQHandler
                0x000000000800080c                I2C3_EV_IRQHandler
                0x000000000800080c                EXTI9_5_IRQHandler
                0x000000000800080c                RTC_WKUP_IRQHandler
                0x000000000800080c                ETH_WKUP_IRQHandler
                0x000000000800080c                SPI2_IRQHandler
                0x000000000800080c                OTG_HS_EP1_IN_IRQHandler
                0x000000000800080c                DMA1_Stream0_IRQHandler
                0x000000000800080c                CAN1_TX_IRQHandler
                0x000000000800080c                EXTI4_IRQHandler
                0x000000000800080c                FSMC_IRQHandler
                0x000000000800080c                ETH_IRQHandler
                0x000000000800080c                OTG_HS_EP1_OUT_IRQHandler
                0x000000000800080c                WWDG_IRQHandler
                0x000000000800080c                TIM2_IRQHandler
                0x000000000800080c                OTG_FS_WKUP_IRQHandler
                0x000000000800080c                TIM1_TRG_COM_TIM11_IRQHandler
                0x000000000800080c                OTG_HS_IRQHandler
                0x000000000800080c                EXTI1_IRQHandler
                0x000000000800080c                USART2_IRQHandler
                0x000000000800080c                I2C2_ER_IRQHandler
                0x000000000800080c                DMA2_Stream1_IRQHandler
                0x000000000800080c                CAN1_SCE_IRQHandler
                0x000000000800080c                FLASH_IRQHandler
                0x000000000800080c                DMA2_Stream4_IRQHandler
                0x000000000800080c                USART1_IRQHandler
                0x000000000800080c                OTG_FS_IRQHandler
                0x000000000800080c                SPI3_IRQHandler
                0x000000000800080c                DMA1_Stream4_IRQHandler
                0x000000000800080c                I2C1_ER_IRQHandler
                0x000000000800080c                DMA2_Stream6_IRQHandler
                0x000000000800080c                DMA1_Stream3_IRQHandler
 *fill*         0x000000000800080e        0x2 
 .text.HAL_Init
                0x0000000008000810       0x44 ./Drivers/STM32F4xx_HAL_Driver/Src/stm32f4xx_hal.o
                0x0000000008000810                HAL_Init
 .text.HAL_InitTick
                0x0000000008000854       0x60 ./Drivers/STM32F4xx_HAL_Driver/Src/stm32f4xx_hal.o
                0x0000000008000854                HAL_InitTick
 .text.HAL_IncTick
                0x00000000080008b4       0x28 ./Drivers/STM32F4xx_HAL_Driver/Src/stm32f4xx_hal.o
                0x00000000080008b4                HAL_IncTick
 .text.HAL_GetTick
                0x00000000080008dc       0x18 ./Drivers/STM32F4xx_HAL_Driver/Src/stm32f4xx_hal.o
                0x00000000080008dc                HAL_GetTick
 .text.__NVIC_SetPriorityGrouping
                0x00000000080008f4       0x48 ./Drivers/STM32F4xx_HAL_Driver/Src/stm32f4xx_hal_cortex.o
 .text.__NVIC_GetPriorityGrouping
                0x000000000800093c       0x1c ./Drivers/STM32F4xx_HAL_Driver/Src/stm32f4xx_hal_cortex.o
 .text.__NVIC_SetPriority
                0x0000000008000958       0x54 ./Drivers/STM32F4xx_HAL_Driver/Src/stm32f4xx_hal_cortex.o
 .text.NVIC_EncodePriority
                0x00000000080009ac       0x66 ./Drivers/STM32F4xx_HAL_Driver/Src/stm32f4xx_hal_cortex.o
 *fill*         0x0000000008000a12        0x2 
 .text.SysTick_Config
                0x0000000008000a14       0x44 ./Drivers/STM32F4xx_HAL_Driver/Src/stm32f4xx_hal_cortex.o
 .text.HAL_NVIC_SetPriorityGrouping
                0x0000000008000a58       0x16 ./Drivers/STM32F4xx_HAL_Driver/Src/stm32f4xx_hal_cortex.o
                0x0000000008000a58                HAL_NVIC_SetPriorityGrouping
 .text.HAL_NVIC_SetPriority
                0x0000000008000a6e       0x38 ./Drivers/STM32F4xx_HAL_Driver/Src/stm32f4xx_hal_cortex.o
                0x0000000008000a6e                HAL_NVIC_SetPriority
 .text.HAL_SYSTICK_Config
                0x0000000008000aa6       0x18 ./Drivers/STM32F4xx_HAL_Driver/Src/stm32f4xx_hal_cortex.o
                0x0000000008000aa6                HAL_SYSTICK_Config
 *fill*         0x0000000008000abe        0x2 
 .text.HAL_GPIO_Init
                0x0000000008000ac0      0x338 ./Drivers/STM32F4xx_HAL_Driver/Src/stm32f4xx_hal_gpio.o
                0x0000000008000ac0                HAL_GPIO_Init
 .text.HAL_GPIO_WritePin
                0x0000000008000df8       0x32 ./Drivers/STM32F4xx_HAL_Driver/Src/stm32f4xx_hal_gpio.o
                0x0000000008000df8                HAL_GPIO_WritePin
 .text.HAL_GPIO_TogglePin
                0x0000000008000e2a       0x34 ./Drivers/STM32F4xx_HAL_Driver/Src/stm32f4xx_hal_gpio.o
                0x0000000008000e2a                HAL_GPIO_TogglePin
 *fill*         0x0000000008000e5e        0x2 
 .text.HAL_RCC_OscConfig
                0x0000000008000e60      0x4f0 ./Drivers/STM32F4xx_HAL_Driver/Src/stm32f4xx_hal_rcc.o
                0x0000000008000e60                HAL_RCC_OscConfig
 .text.HAL_RCC_ClockConfig
                0x0000000008001350      0x1cc ./Drivers/STM32F4xx_HAL_Driver/Src/stm32f4xx_hal_rcc.o
                0x0000000008001350                HAL_RCC_ClockConfig
 .text.HAL_RCC_GetSysClockFreq
                0x000000000800151c      0x16c ./Drivers/STM32F4xx_HAL_Driver/Src/stm32f4xx_hal_rcc.o
                0x000000000800151c                HAL_RCC_GetSysClockFreq
 .text.__NVIC_SetPriority
                0x0000000008001688       0x54 ./Middlewares/Third_Party/FreeRTOS/Source/CMSIS_RTOS_V2/cmsis_os2.o
 .text.SVC_Setup
                0x00000000080016dc       0x12 ./Middlewares/Third_Party/FreeRTOS/Source/CMSIS_RTOS_V2/cmsis_os2.o
 *fill*         0x00000000080016ee        0x2 
 .text.osKernelInitialize
                0x00000000080016f0       0x48 ./Middlewares/Third_Party/FreeRTOS/Source/CMSIS_RTOS_V2/cmsis_os2.o
                0x00000000080016f0                osKernelInitialize
 .text.osKernelStart
                0x0000000008001738       0x4c ./Middlewares/Third_Party/FreeRTOS/Source/CMSIS_RTOS_V2/cmsis_os2.o
                0x0000000008001738                osKernelStart
 .text.osThreadNew
                0x0000000008001784      0x124 ./Middlewares/Third_Party/FreeRTOS/Source/CMSIS_RTOS_V2/cmsis_os2.o
                0x0000000008001784                osThreadNew
 .text.osDelay  0x00000000080018a8       0x36 ./Middlewares/Third_Party/FreeRTOS/Source/CMSIS_RTOS_V2/cmsis_os2.o
                0x00000000080018a8                osDelay
 *fill*         0x00000000080018de        0x2 
 .text.vApplicationGetIdleTaskMemory
                0x00000000080018e0       0x34 ./Middlewares/Third_Party/FreeRTOS/Source/CMSIS_RTOS_V2/cmsis_os2.o
                0x00000000080018e0                vApplicationGetIdleTaskMemory
 .text.vApplicationGetTimerTaskMemory
                0x0000000008001914       0x34 ./Middlewares/Third_Party/FreeRTOS/Source/CMSIS_RTOS_V2/cmsis_os2.o
                0x0000000008001914                vApplicationGetTimerTaskMemory
 .text.vListInitialise
                0x0000000008001948       0x40 ./Middlewares/Third_Party/FreeRTOS/Source/list.o
                0x0000000008001948                vListInitialise
 .text.vListInitialiseItem
                0x0000000008001988       0x1a ./Middlewares/Third_Party/FreeRTOS/Source/list.o
                0x0000000008001988                vListInitialiseItem
 .text.vListInsertEnd
                0x00000000080019a2       0x48 ./Middlewares/Third_Party/FreeRTOS/Source/list.o
                0x00000000080019a2                vListInsertEnd
 .text.vListInsert
                0x00000000080019ea       0x72 ./Middlewares/Third_Party/FreeRTOS/Source/list.o
                0x00000000080019ea                vListInsert
 .text.uxListRemove
                0x0000000008001a5c       0x54 ./Middlewares/Third_Party/FreeRTOS/Source/list.o
                0x0000000008001a5c                uxListRemove
 .text.xQueueGenericReset
                0x0000000008001ab0       0xd0 ./Middlewares/Third_Party/FreeRTOS/Source/queue.o
                0x0000000008001ab0                xQueueGenericReset
 .text.xQueueGenericCreateStatic
                0x0000000008001b80       0xf0 ./Middlewares/Third_Party/FreeRTOS/Source/queue.o
                0x0000000008001b80                xQueueGenericCreateStatic
 .text.prvInitialiseNewQueue
                0x0000000008001c70       0x46 ./Middlewares/Third_Party/FreeRTOS/Source/queue.o
 *fill*         0x0000000008001cb6        0x2 
 .text.xQueueGenericSend
                0x0000000008001cb8      0x1fc ./Middlewares/Third_Party/FreeRTOS/Source/queue.o
                0x0000000008001cb8                xQueueGenericSend
 .text.xQueueGenericSendFromISR
                0x0000000008001eb4      0x136 ./Middlewares/Third_Party/FreeRTOS/Source/queue.o
                0x0000000008001eb4                xQueueGenericSendFromISR
 *fill*         0x0000000008001fea        0x2 
 .text.xQueueReceive
                0x0000000008001fec      0x1c0 ./Middlewares/Third_Party/FreeRTOS/Source/queue.o
                0x0000000008001fec                xQueueReceive
 .text.prvCopyDataToQueue
                0x00000000080021ac       0xd4 ./Middlewares/Third_Party/FreeRTOS/Source/queue.o
 .text.prvCopyDataFromQueue
                0x0000000008002280       0x4c ./Middlewares/Third_Party/FreeRTOS/Source/queue.o
 .text.prvUnlockQueue
                0x00000000080022cc       0xa4 ./Middlewares/Third_Party/FreeRTOS/Source/queue.o
 .text.prvIsQueueEmpty
                0x0000000008002370       0x2c ./Middlewares/Third_Party/FreeRTOS/Source/queue.o
 .text.prvIsQueueFull
                0x000000000800239c       0x30 ./Middlewares/Third_Party/FreeRTOS/Source/queue.o
 .text.vQueueAddToRegistry
                0x00000000080023cc       0x54 ./Middlewares/Third_Party/FreeRTOS/Source/queue.o
                0x00000000080023cc                vQueueAddToRegistry
 .text.vQueueWaitForMessageRestricted
                0x0000000008002420       0x68 ./Middlewares/Third_Party/FreeRTOS/Source/queue.o
                0x0000000008002420                vQueueWaitForMessageRestricted
 .text.xTaskCreateStatic
                0x0000000008002488       0xba ./Middlewares/Third_Party/FreeRTOS/Source/tasks.o
                0x0000000008002488                xTaskCreateStatic
 .text.xTaskCreate
                0x0000000008002542       0x8a ./Middlewares/Third_Party/FreeRTOS/Source/tasks.o
                0x0000000008002542                xTaskCreate
 .text.prvInitialiseNewTask
                0x00000000080025cc      0x11e ./Middlewares/Third_Party/FreeRTOS/Source/tasks.o
 *fill*         0x00000000080026ea        0x2 
 .text.prvAddNewTaskToReadyList
                0x00000000080026ec       0xe0 ./Middlewares/Third_Party/FreeRTOS/Source/tasks.o
 .text.vTaskDelay
                0x00000000080027cc       0x68 ./Middlewares/Third_Party/FreeRTOS/Source/tasks.o
                0x00000000080027cc                vTaskDelay
 .text.vTaskStartScheduler
                0x0000000008002834       0xcc ./Middlewares/Third_Party/FreeRTOS/Source/tasks.o
                0x0000000008002834                vTaskStartScheduler
 .text.vTaskSuspendAll
                0x0000000008002900       0x1c ./Middlewares/Third_Party/FreeRTOS/Source/tasks.o
                0x0000000008002900                vTaskSuspendAll
 .text.xTaskResumeAll
                0x000000000800291c      0x13c ./Middlewares/Third_Party/FreeRTOS/Source/tasks.o
                0x000000000800291c                xTaskResumeAll
 .text.xTaskGetTickCount
                0x0000000008002a58       0x20 ./Middlewares/Third_Party/FreeRTOS/Source/tasks.o
                0x0000000008002a58                xTaskGetTickCount
 .text.xTaskIncrementTick
                0x0000000008002a78      0x174 ./Middlewares/Third_Party/FreeRTOS/Source/tasks.o
                0x0000000008002a78                xTaskIncrementTick
 .text.vTaskSwitchContext
                0x0000000008002bec       0xbc ./Middlewares/Third_Party/FreeRTOS/Source/tasks.o
                0x0000000008002bec                vTaskSwitchContext
 .text.vTaskPlaceOnEventList
                0x0000000008002ca8       0x48 ./Middlewares/Third_Party/FreeRTOS/Source/tasks.o
                0x0000000008002ca8                vTaskPlaceOnEventList
 .text.vTaskPlaceOnEventListRestricted
                0x0000000008002cf0       0x58 ./Middlewares/Third_Party/FreeRTOS/Source/tasks.o
                0x0000000008002cf0                vTaskPlaceOnEventListRestricted
 .text.xTaskRemoveFromEventList
                0x0000000008002d48       0xc8 ./Middlewares/Third_Party/FreeRTOS/Source/tasks.o
                0x0000000008002d48                xTaskRemoveFromEventList
 .text.vTaskInternalSetTimeOutState
                0x0000000008002e10       0x2c ./Middlewares/Third_Party/FreeRTOS/Source/tasks.o
                0x0000000008002e10                vTaskInternalSetTimeOutState
 .text.xTaskCheckForTimeOut
                0x0000000008002e3c       0xc4 ./Middlewares/Third_Party/FreeRTOS/Source/tasks.o
                0x0000000008002e3c                xTaskCheckForTimeOut
 .text.vTaskMissedYield
                0x0000000008002f00       0x18 ./Middlewares/Third_Party/FreeRTOS/Source/tasks.o
                0x0000000008002f00                vTaskMissedYield
 .text.prvIdleTask
                0x0000000008002f18       0x30 ./Middlewares/Third_Party/FreeRTOS/Source/tasks.o
 .text.prvInitialiseTaskLists
                0x0000000008002f48       0x80 ./Middlewares/Third_Party/FreeRTOS/Source/tasks.o
 .text.prvCheckTasksWaitingTermination
                0x0000000008002fc8       0x5c ./Middlewares/Third_Party/FreeRTOS/Source/tasks.o
 .text.prvDeleteTCB
                0x0000000008003024       0x5e ./Middlewares/Third_Party/FreeRTOS/Source/tasks.o
 *fill*         0x0000000008003082        0x2 
 .text.prvResetNextTaskUnblockTime
                0x0000000008003084       0x40 ./Middlewares/Third_Party/FreeRTOS/Source/tasks.o
 .text.xTaskGetSchedulerState
                0x00000000080030c4       0x3c ./Middlewares/Third_Party/FreeRTOS/Source/tasks.o
                0x00000000080030c4                xTaskGetSchedulerState
 .text.xTaskPriorityDisinherit
                0x0000000008003100       0xdc ./Middlewares/Third_Party/FreeRTOS/Source/tasks.o
                0x0000000008003100                xTaskPriorityDisinherit
 .text.prvAddCurrentTaskToDelayedList
                0x00000000080031dc       0xa8 ./Middlewares/Third_Party/FreeRTOS/Source/tasks.o
 .text.xTimerCreateTimerTask
                0x0000000008003284       0x90 ./Middlewares/Third_Party/FreeRTOS/Source/timers.o
                0x0000000008003284                xTimerCreateTimerTask
 .text.xTimerGenericCommand
                0x0000000008003314       0x9c ./Middlewares/Third_Party/FreeRTOS/Source/timers.o
                0x0000000008003314                xTimerGenericCommand
 .text.prvProcessExpiredTimer
                0x00000000080033b0       0x98 ./Middlewares/Third_Party/FreeRTOS/Source/timers.o
 .text.prvTimerTask
                0x0000000008003448       0x24 ./Middlewares/Third_Party/FreeRTOS/Source/timers.o
 .text.prvProcessTimerOrBlockTask
                0x000000000800346c       0x9c ./Middlewares/Third_Party/FreeRTOS/Source/timers.o
 .text.prvGetNextExpireTime
                0x0000000008003508       0x48 ./Middlewares/Third_Party/FreeRTOS/Source/timers.o
 .text.prvSampleTimeNow
                0x0000000008003550       0x40 ./Middlewares/Third_Party/FreeRTOS/Source/timers.o
 .text.prvInsertTimerInActiveList
                0x0000000008003590       0x84 ./Middlewares/Third_Party/FreeRTOS/Source/timers.o
 .text.prvProcessReceivedCommands
                0x0000000008003614      0x1c4 ./Middlewares/Third_Party/FreeRTOS/Source/timers.o
 .text.prvSwitchTimerLists
                0x00000000080037d8       0xc8 ./Middlewares/Third_Party/FreeRTOS/Source/timers.o
 .text.prvCheckForValidListAndQueue
                0x00000000080038a0       0x80 ./Middlewares/Third_Party/FreeRTOS/Source/timers.o
 .text.pxPortInitialiseStack
                0x0000000008003920       0x68 ./Middlewares/Third_Party/FreeRTOS/Source/portable/GCC/ARM_CM4F/port.o
                0x0000000008003920                pxPortInitialiseStack
 .text.prvTaskExitError
                0x0000000008003988       0x58 ./Middlewares/Third_Party/FreeRTOS/Source/portable/GCC/ARM_CM4F/port.o
 .text.SVC_Handler
                0x00000000080039e0       0x28 ./Middlewares/Third_Party/FreeRTOS/Source/portable/GCC/ARM_CM4F/port.o
                0x00000000080039e0                SVC_Handler
 .text.prvPortStartFirstTask
                0x0000000008003a08       0x28 ./Middlewares/Third_Party/FreeRTOS/Source/portable/GCC/ARM_CM4F/port.o
 .text.xPortStartScheduler
                0x0000000008003a30      0x144 ./Middlewares/Third_Party/FreeRTOS/Source/portable/GCC/ARM_CM4F/port.o
                0x0000000008003a30                xPortStartScheduler
 .text.vPortEnterCritical
                0x0000000008003b74       0x60 ./Middlewares/Third_Party/FreeRTOS/Source/portable/GCC/ARM_CM4F/port.o
                0x0000000008003b74                vPortEnterCritical
 .text.vPortExitCritical
                0x0000000008003bd4       0x54 ./Middlewares/Third_Party/FreeRTOS/Source/portable/GCC/ARM_CM4F/port.o
                0x0000000008003bd4                vPortExitCritical
 *fill*         0x0000000008003c28        0x8 
 .text.PendSV_Handler
                0x0000000008003c30       0x68 ./Middlewares/Third_Party/FreeRTOS/Source/portable/GCC/ARM_CM4F/port.o
                0x0000000008003c30                PendSV_Handler
 .text.xPortSysTickHandler
                0x0000000008003c98       0x44 ./Middlewares/Third_Party/FreeRTOS/Source/portable/GCC/ARM_CM4F/port.o
                0x0000000008003c98                xPortSysTickHandler
 .text.vPortSetupTimerInterrupt
                0x0000000008003cdc       0x48 ./Middlewares/Third_Party/FreeRTOS/Source/portable/GCC/ARM_CM4F/port.o
                0x0000000008003cdc                vPortSetupTimerInterrupt
 .text.vPortEnableVFP
                0x0000000008003d24       0x14 ./Middlewares/Third_Party/FreeRTOS/Source/portable/GCC/ARM_CM4F/port.o
 .text.vPortValidateInterruptPriority
                0x0000000008003d38       0x80 ./Middlewares/Third_Party/FreeRTOS/Source/portable/GCC/ARM_CM4F/port.o
                0x0000000008003d38                vPortValidateInterruptPriority
 .text.pvPortMalloc
                0x0000000008003db8      0x198 ./Middlewares/Third_Party/FreeRTOS/Source/portable/MemMang/heap_4.o
                0x0000000008003db8                pvPortMalloc
 .text.vPortFree
                0x0000000008003f50       0xc4 ./Middlewares/Third_Party/FreeRTOS/Source/portable/MemMang/heap_4.o
                0x0000000008003f50                vPortFree
 .text.prvHeapInit
                0x0000000008004014       0xc4 ./Middlewares/Third_Party/FreeRTOS/Source/portable/MemMang/heap_4.o
 .text.prvInsertBlockIntoFreeList
                0x00000000080040d8       0xb4 ./Middlewares/Third_Party/FreeRTOS/Source/portable/MemMang/heap_4.o
 .text.__libc_init_array
                0x000000000800418c       0x48 d:/programs/app/a_build/stm32cubeide/stm32cubeide/plugins/com.st.stm32cube.ide.mcu.externaltools.gnu-tools-for-stm32.9-2020-q2-update.win32_2.0.0.202105311346/tools/bin/../lib/gcc/arm-none-eabi/9.3.1/../../../../arm-none-eabi/lib/thumb/v7e-m+fp/hard\libc_nano.a(lib_a-init.o)
                0x000000000800418c                __libc_init_array
 .text.memcpy   0x00000000080041d4       0x1c d:/programs/app/a_build/stm32cubeide/stm32cubeide/plugins/com.st.stm32cube.ide.mcu.externaltools.gnu-tools-for-stm32.9-2020-q2-update.win32_2.0.0.202105311346/tools/bin/../lib/gcc/arm-none-eabi/9.3.1/../../../../arm-none-eabi/lib/thumb/v7e-m+fp/hard\libc_nano.a(lib_a-memcpy-stub.o)
                0x00000000080041d4                memcpy
 .text.memset   0x00000000080041f0       0x10 d:/programs/app/a_build/stm32cubeide/stm32cubeide/plugins/com.st.stm32cube.ide.mcu.externaltools.gnu-tools-for-stm32.9-2020-q2-update.win32_2.0.0.202105311346/tools/bin/../lib/gcc/arm-none-eabi/9.3.1/../../../../arm-none-eabi/lib/thumb/v7e-m+fp/hard\libc_nano.a(lib_a-memset.o)
                0x00000000080041f0                memset
 *(.glue_7)
 .glue_7        0x0000000008004200        0x0 linker stubs
 *(.glue_7t)
 .glue_7t       0x0000000008004200        0x0 linker stubs
 *(.eh_frame)
 .eh_frame      0x0000000008004200        0x0 d:/programs/app/a_build/stm32cubeide/stm32cubeide/plugins/com.st.stm32cube.ide.mcu.externaltools.gnu-tools-for-stm32.9-2020-q2-update.win32_2.0.0.202105311346/tools/bin/../lib/gcc/arm-none-eabi/9.3.1/thumb/v7e-m+fp/hard/crtbegin.o
 *(.init)
 .init          0x0000000008004200        0x4 d:/programs/app/a_build/stm32cubeide/stm32cubeide/plugins/com.st.stm32cube.ide.mcu.externaltools.gnu-tools-for-stm32.9-2020-q2-update.win32_2.0.0.202105311346/tools/bin/../lib/gcc/arm-none-eabi/9.3.1/thumb/v7e-m+fp/hard/crti.o
                0x0000000008004200                _init
 .init          0x0000000008004204        0x8 d:/programs/app/a_build/stm32cubeide/stm32cubeide/plugins/com.st.stm32cube.ide.mcu.externaltools.gnu-tools-for-stm32.9-2020-q2-update.win32_2.0.0.202105311346/tools/bin/../lib/gcc/arm-none-eabi/9.3.1/thumb/v7e-m+fp/hard/crtn.o
 *(.fini)
 .fini          0x000000000800420c        0x4 d:/programs/app/a_build/stm32cubeide/stm32cubeide/plugins/com.st.stm32cube.ide.mcu.externaltools.gnu-tools-for-stm32.9-2020-q2-update.win32_2.0.0.202105311346/tools/bin/../lib/gcc/arm-none-eabi/9.3.1/thumb/v7e-m+fp/hard/crti.o
                0x000000000800420c                _fini
 .fini          0x0000000008004210        0x8 d:/programs/app/a_build/stm32cubeide/stm32cubeide/plugins/com.st.stm32cube.ide.mcu.externaltools.gnu-tools-for-stm32.9-2020-q2-update.win32_2.0.0.202105311346/tools/bin/../lib/gcc/arm-none-eabi/9.3.1/thumb/v7e-m+fp/hard/crtn.o
                0x0000000008004218                . = ALIGN (0x4)
                0x0000000008004218                _etext = .

.vfp11_veneer   0x0000000008004218        0x0
 .vfp11_veneer  0x0000000008004218        0x0 linker stubs

.v4_bx          0x0000000008004218        0x0
 .v4_bx         0x0000000008004218        0x0 linker stubs

.iplt           0x0000000008004218        0x0
 .iplt          0x0000000008004218        0x0 d:/programs/app/a_build/stm32cubeide/stm32cubeide/plugins/com.st.stm32cube.ide.mcu.externaltools.gnu-tools-for-stm32.9-2020-q2-update.win32_2.0.0.202105311346/tools/bin/../lib/gcc/arm-none-eabi/9.3.1/thumb/v7e-m+fp/hard/crtbegin.o

.rodata         0x0000000008004218       0x88
                0x0000000008004218                . = ALIGN (0x4)
 *(.rodata)
 .rodata        0x0000000008004218       0x16 ./Core/Src/freertos.o
 *fill*         0x000000000800422e        0x2 
 .rodata        0x0000000008004230        0x5 ./Middlewares/Third_Party/FreeRTOS/Source/tasks.o
 *fill*         0x0000000008004235        0x3 
 .rodata        0x0000000008004238        0xd ./Middlewares/Third_Party/FreeRTOS/Source/timers.o
 *(.rodata*)
 *fill*         0x0000000008004245        0x3 
 .rodata.task_led0_attributes
                0x0000000008004248       0x24 ./Core/Src/freertos.o
                0x0000000008004248                task_led0_attributes
 .rodata.task_led1_attributes
                0x000000000800426c       0x24 ./Core/Src/freertos.o
                0x000000000800426c                task_led1_attributes
 .rodata.AHBPrescTable
                0x0000000008004290       0x10 ./Core/Src/system_stm32f4xx.o
                0x0000000008004290                AHBPrescTable
                0x00000000080042a0                . = ALIGN (0x4)

.ARM.extab      0x00000000080042a0        0x0
                0x00000000080042a0                . = ALIGN (0x4)
 *(.ARM.extab* .gnu.linkonce.armextab.*)
                0x00000000080042a0                . = ALIGN (0x4)

.ARM            0x00000000080042a0        0x8
                0x00000000080042a0                . = ALIGN (0x4)
                0x00000000080042a0                __exidx_start = .
 *(.ARM.exidx*)
 .ARM.exidx     0x00000000080042a0        0x8 d:/programs/app/a_build/stm32cubeide/stm32cubeide/plugins/com.st.stm32cube.ide.mcu.externaltools.gnu-tools-for-stm32.9-2020-q2-update.win32_2.0.0.202105311346/tools/bin/../lib/gcc/arm-none-eabi/9.3.1/thumb/v7e-m+fp/hard\libgcc.a(_udivmoddi4.o)
                0x00000000080042a8                __exidx_end = .
                0x00000000080042a8                . = ALIGN (0x4)

.rel.dyn        0x00000000080042a8        0x0
 .rel.iplt      0x00000000080042a8        0x0 d:/programs/app/a_build/stm32cubeide/stm32cubeide/plugins/com.st.stm32cube.ide.mcu.externaltools.gnu-tools-for-stm32.9-2020-q2-update.win32_2.0.0.202105311346/tools/bin/../lib/gcc/arm-none-eabi/9.3.1/thumb/v7e-m+fp/hard/crtbegin.o

.preinit_array  0x00000000080042a8        0x0
                0x00000000080042a8                . = ALIGN (0x4)
                0x00000000080042a8                PROVIDE (__preinit_array_start = .)
 *(.preinit_array*)
                0x00000000080042a8                PROVIDE (__preinit_array_end = .)
                0x00000000080042a8                . = ALIGN (0x4)

.init_array     0x00000000080042a8        0x4
                0x00000000080042a8                . = ALIGN (0x4)
                0x00000000080042a8                PROVIDE (__init_array_start = .)
 *(SORT_BY_NAME(.init_array.*))
 *(.init_array*)
 .init_array    0x00000000080042a8        0x4 d:/programs/app/a_build/stm32cubeide/stm32cubeide/plugins/com.st.stm32cube.ide.mcu.externaltools.gnu-tools-for-stm32.9-2020-q2-update.win32_2.0.0.202105311346/tools/bin/../lib/gcc/arm-none-eabi/9.3.1/thumb/v7e-m+fp/hard/crtbegin.o
                0x00000000080042ac                PROVIDE (__init_array_end = .)
                0x00000000080042ac                . = ALIGN (0x4)

.fini_array     0x00000000080042ac        0x4
                0x00000000080042ac                . = ALIGN (0x4)
                [!provide]                        PROVIDE (__fini_array_start = .)
 *(SORT_BY_NAME(.fini_array.*))
 *(.fini_array*)
 .fini_array    0x00000000080042ac        0x4 d:/programs/app/a_build/stm32cubeide/stm32cubeide/plugins/com.st.stm32cube.ide.mcu.externaltools.gnu-tools-for-stm32.9-2020-q2-update.win32_2.0.0.202105311346/tools/bin/../lib/gcc/arm-none-eabi/9.3.1/thumb/v7e-m+fp/hard/crtbegin.o
                [!provide]                        PROVIDE (__fini_array_end = .)
                0x00000000080042b0                . = ALIGN (0x4)
                0x00000000080042b0                _sidata = LOADADDR (.data)

.data           0x0000000020000000       0x10 load address 0x00000000080042b0
                0x0000000020000000                . = ALIGN (0x4)
                0x0000000020000000                _sdata = .
 *(.data)
 *(.data*)
 .data.SystemCoreClock
                0x0000000020000000        0x4 ./Core/Src/system_stm32f4xx.o
                0x0000000020000000                SystemCoreClock
 .data.uwTickPrio
                0x0000000020000004        0x4 ./Drivers/STM32F4xx_HAL_Driver/Src/stm32f4xx_hal.o
                0x0000000020000004                uwTickPrio
 .data.uwTickFreq
                0x0000000020000008        0x1 ./Drivers/STM32F4xx_HAL_Driver/Src/stm32f4xx_hal.o
                0x0000000020000008                uwTickFreq
 *fill*         0x0000000020000009        0x3 
 .data.uxCriticalNesting
                0x000000002000000c        0x4 ./Middlewares/Third_Party/FreeRTOS/Source/portable/GCC/ARM_CM4F/port.o
 *(.RamFunc)
 *(.RamFunc*)
                0x0000000020000010                . = ALIGN (0x4)
                0x0000000020000010                _edata = .
                0x00000000080042c0                _siccmram = LOADADDR (.ccmram)

.igot.plt       0x0000000020000010        0x0 load address 0x00000000080042c0
 .igot.plt      0x0000000020000010        0x0 d:/programs/app/a_build/stm32cubeide/stm32cubeide/plugins/com.st.stm32cube.ide.mcu.externaltools.gnu-tools-for-stm32.9-2020-q2-update.win32_2.0.0.202105311346/tools/bin/../lib/gcc/arm-none-eabi/9.3.1/thumb/v7e-m+fp/hard/crtbegin.o

.ccmram         0x0000000010000000        0x0 load address 0x00000000080042c0
                0x0000000010000000                . = ALIGN (0x4)
                0x0000000010000000                _sccmram = .
 *(.ccmram)
 *(.ccmram*)
                0x0000000010000000                . = ALIGN (0x4)
                0x0000000010000000                _eccmram = .
                0x0000000010000000                . = ALIGN (0x4)

.bss            0x0000000020000010     0x4978
                0x0000000020000010                _sbss = .
                0x0000000020000010                __bss_start__ = _sbss
 *(.bss)
 .bss           0x0000000020000010       0x1c d:/programs/app/a_build/stm32cubeide/stm32cubeide/plugins/com.st.stm32cube.ide.mcu.externaltools.gnu-tools-for-stm32.9-2020-q2-update.win32_2.0.0.202105311346/tools/bin/../lib/gcc/arm-none-eabi/9.3.1/thumb/v7e-m+fp/hard/crtbegin.o
 *(.bss*)
 .bss.KernelState
                0x000000002000002c        0x4 ./Middlewares/Third_Party/FreeRTOS/Source/CMSIS_RTOS_V2/cmsis_os2.o
 .bss.Idle_TCB.9425
                0x0000000020000030       0x5c ./Middlewares/Third_Party/FreeRTOS/Source/CMSIS_RTOS_V2/cmsis_os2.o
 .bss.Idle_Stack.9426
                0x000000002000008c      0x200 ./Middlewares/Third_Party/FreeRTOS/Source/CMSIS_RTOS_V2/cmsis_os2.o
 .bss.Timer_TCB.9432
                0x000000002000028c       0x5c ./Middlewares/Third_Party/FreeRTOS/Source/CMSIS_RTOS_V2/cmsis_os2.o
 .bss.Timer_Stack.9433
                0x00000000200002e8      0x400 ./Middlewares/Third_Party/FreeRTOS/Source/CMSIS_RTOS_V2/cmsis_os2.o
 .bss.pxCurrentTCB
                0x00000000200006e8        0x4 ./Middlewares/Third_Party/FreeRTOS/Source/tasks.o
                0x00000000200006e8                pxCurrentTCB
 .bss.pxReadyTasksLists
                0x00000000200006ec      0x460 ./Middlewares/Third_Party/FreeRTOS/Source/tasks.o
 .bss.xDelayedTaskList1
                0x0000000020000b4c       0x14 ./Middlewares/Third_Party/FreeRTOS/Source/tasks.o
 .bss.xDelayedTaskList2
                0x0000000020000b60       0x14 ./Middlewares/Third_Party/FreeRTOS/Source/tasks.o
 .bss.pxDelayedTaskList
                0x0000000020000b74        0x4 ./Middlewares/Third_Party/FreeRTOS/Source/tasks.o
 .bss.pxOverflowDelayedTaskList
                0x0000000020000b78        0x4 ./Middlewares/Third_Party/FreeRTOS/Source/tasks.o
 .bss.xPendingReadyList
                0x0000000020000b7c       0x14 ./Middlewares/Third_Party/FreeRTOS/Source/tasks.o
 .bss.xTasksWaitingTermination
                0x0000000020000b90       0x14 ./Middlewares/Third_Party/FreeRTOS/Source/tasks.o
 .bss.uxDeletedTasksWaitingCleanUp
                0x0000000020000ba4        0x4 ./Middlewares/Third_Party/FreeRTOS/Source/tasks.o
 .bss.xSuspendedTaskList
                0x0000000020000ba8       0x14 ./Middlewares/Third_Party/FreeRTOS/Source/tasks.o
 .bss.uxCurrentNumberOfTasks
                0x0000000020000bbc        0x4 ./Middlewares/Third_Party/FreeRTOS/Source/tasks.o
 .bss.xTickCount
                0x0000000020000bc0        0x4 ./Middlewares/Third_Party/FreeRTOS/Source/tasks.o
 .bss.uxTopReadyPriority
                0x0000000020000bc4        0x4 ./Middlewares/Third_Party/FreeRTOS/Source/tasks.o
 .bss.xSchedulerRunning
                0x0000000020000bc8        0x4 ./Middlewares/Third_Party/FreeRTOS/Source/tasks.o
 .bss.xPendedTicks
                0x0000000020000bcc        0x4 ./Middlewares/Third_Party/FreeRTOS/Source/tasks.o
 .bss.xYieldPending
                0x0000000020000bd0        0x4 ./Middlewares/Third_Party/FreeRTOS/Source/tasks.o
 .bss.xNumOfOverflows
                0x0000000020000bd4        0x4 ./Middlewares/Third_Party/FreeRTOS/Source/tasks.o
 .bss.uxTaskNumber
                0x0000000020000bd8        0x4 ./Middlewares/Third_Party/FreeRTOS/Source/tasks.o
 .bss.xNextTaskUnblockTime
                0x0000000020000bdc        0x4 ./Middlewares/Third_Party/FreeRTOS/Source/tasks.o
 .bss.xIdleTaskHandle
                0x0000000020000be0        0x4 ./Middlewares/Third_Party/FreeRTOS/Source/tasks.o
 .bss.uxSchedulerSuspended
                0x0000000020000be4        0x4 ./Middlewares/Third_Party/FreeRTOS/Source/tasks.o
 .bss.xActiveTimerList1
                0x0000000020000be8       0x14 ./Middlewares/Third_Party/FreeRTOS/Source/timers.o
 .bss.xActiveTimerList2
                0x0000000020000bfc       0x14 ./Middlewares/Third_Party/FreeRTOS/Source/timers.o
 .bss.pxCurrentTimerList
                0x0000000020000c10        0x4 ./Middlewares/Third_Party/FreeRTOS/Source/timers.o
 .bss.pxOverflowTimerList
                0x0000000020000c14        0x4 ./Middlewares/Third_Party/FreeRTOS/Source/timers.o
 .bss.xTimerQueue
                0x0000000020000c18        0x4 ./Middlewares/Third_Party/FreeRTOS/Source/timers.o
 .bss.xTimerTaskHandle
                0x0000000020000c1c        0x4 ./Middlewares/Third_Party/FreeRTOS/Source/timers.o
 .bss.xLastTime.6927
                0x0000000020000c20        0x4 ./Middlewares/Third_Party/FreeRTOS/Source/timers.o
 .bss.ucStaticTimerQueueStorage.6978
                0x0000000020000c24       0xa0 ./Middlewares/Third_Party/FreeRTOS/Source/timers.o
 .bss.xStaticTimerQueue.6977
                0x0000000020000cc4       0x50 ./Middlewares/Third_Party/FreeRTOS/Source/timers.o
 .bss.ucMaxSysCallPriority
                0x0000000020000d14        0x1 ./Middlewares/Third_Party/FreeRTOS/Source/portable/GCC/ARM_CM4F/port.o
 *fill*         0x0000000020000d15        0x3 
 .bss.ulMaxPRIGROUPValue
                0x0000000020000d18        0x4 ./Middlewares/Third_Party/FreeRTOS/Source/portable/GCC/ARM_CM4F/port.o
 .bss.ucHeap    0x0000000020000d1c     0x3c00 ./Middlewares/Third_Party/FreeRTOS/Source/portable/MemMang/heap_4.o
 .bss.xStart    0x000000002000491c        0x8 ./Middlewares/Third_Party/FreeRTOS/Source/portable/MemMang/heap_4.o
 .bss.pxEnd     0x0000000020004924        0x4 ./Middlewares/Third_Party/FreeRTOS/Source/portable/MemMang/heap_4.o
 .bss.xFreeBytesRemaining
                0x0000000020004928        0x4 ./Middlewares/Third_Party/FreeRTOS/Source/portable/MemMang/heap_4.o
 .bss.xMinimumEverFreeBytesRemaining
                0x000000002000492c        0x4 ./Middlewares/Third_Party/FreeRTOS/Source/portable/MemMang/heap_4.o
 .bss.xNumberOfSuccessfulAllocations
                0x0000000020004930        0x4 ./Middlewares/Third_Party/FreeRTOS/Source/portable/MemMang/heap_4.o
 .bss.xNumberOfSuccessfulFrees
                0x0000000020004934        0x4 ./Middlewares/Third_Party/FreeRTOS/Source/portable/MemMang/heap_4.o
 .bss.xBlockAllocatedBit
                0x0000000020004938        0x4 ./Middlewares/Third_Party/FreeRTOS/Source/portable/MemMang/heap_4.o
 *(COMMON)
 COMMON         0x000000002000493c        0x8 ./Core/Src/freertos.o
                0x000000002000493c                task_led1Handle
                0x0000000020004940                task_led0Handle
 COMMON         0x0000000020004944        0x4 ./Drivers/STM32F4xx_HAL_Driver/Src/stm32f4xx_hal.o
                0x0000000020004944                uwTick
 COMMON         0x0000000020004948       0x40 ./Middlewares/Third_Party/FreeRTOS/Source/queue.o
                0x0000000020004948                xQueueRegistry
                0x0000000020004988                . = ALIGN (0x4)
                0x0000000020004988                _ebss = .
                0x0000000020004988                __bss_end__ = _ebss

._user_heap_stack
                0x0000000020004988      0x600
                0x0000000020004988                . = ALIGN (0x8)
                [!provide]                        PROVIDE (end = .)
                0x0000000020004988                PROVIDE (_end = .)
                0x0000000020004b88                . = (. + _Min_Heap_Size)
 *fill*         0x0000000020004988      0x200 
                0x0000000020004f88                . = (. + _Min_Stack_Size)
 *fill*         0x0000000020004b88      0x400 
                0x0000000020004f88                . = ALIGN (0x8)

/DISCARD/
 libc.a(*)
 libm.a(*)
 libgcc.a(*)

.ARM.attributes
                0x0000000000000000       0x30
 *(.ARM.attributes)
 .ARM.attributes
                0x0000000000000000       0x1e d:/programs/app/a_build/stm32cubeide/stm32cubeide/plugins/com.st.stm32cube.ide.mcu.externaltools.gnu-tools-for-stm32.9-2020-q2-update.win32_2.0.0.202105311346/tools/bin/../lib/gcc/arm-none-eabi/9.3.1/thumb/v7e-m+fp/hard/crti.o
 .ARM.attributes
                0x000000000000001e       0x34 d:/programs/app/a_build/stm32cubeide/stm32cubeide/plugins/com.st.stm32cube.ide.mcu.externaltools.gnu-tools-for-stm32.9-2020-q2-update.win32_2.0.0.202105311346/tools/bin/../lib/gcc/arm-none-eabi/9.3.1/thumb/v7e-m+fp/hard/crtbegin.o
 .ARM.attributes
                0x0000000000000052       0x34 ./Core/Src/freertos.o
 .ARM.attributes
                0x0000000000000086       0x34 ./Core/Src/gpio.o
 .ARM.attributes
                0x00000000000000ba       0x34 ./Core/Src/main.o
 .ARM.attributes
                0x00000000000000ee       0x34 ./Core/Src/stm32f4xx_hal_msp.o
 .ARM.attributes
                0x0000000000000122       0x34 ./Core/Src/stm32f4xx_it.o
 .ARM.attributes
                0x0000000000000156       0x34 ./Core/Src/system_stm32f4xx.o
 .ARM.attributes
                0x000000000000018a       0x21 ./Core/Startup/startup_stm32f407vetx.o
 .ARM.attributes
                0x00000000000001ab       0x34 ./Drivers/STM32F4xx_HAL_Driver/Src/stm32f4xx_hal.o
 .ARM.attributes
                0x00000000000001df       0x34 ./Drivers/STM32F4xx_HAL_Driver/Src/stm32f4xx_hal_cortex.o
 .ARM.attributes
                0x0000000000000213       0x34 ./Drivers/STM32F4xx_HAL_Driver/Src/stm32f4xx_hal_gpio.o
 .ARM.attributes
                0x0000000000000247       0x34 ./Drivers/STM32F4xx_HAL_Driver/Src/stm32f4xx_hal_rcc.o
 .ARM.attributes
                0x000000000000027b       0x34 ./Middlewares/Third_Party/FreeRTOS/Source/CMSIS_RTOS_V2/cmsis_os2.o
 .ARM.attributes
                0x00000000000002af       0x34 ./Middlewares/Third_Party/FreeRTOS/Source/list.o
 .ARM.attributes
                0x00000000000002e3       0x34 ./Middlewares/Third_Party/FreeRTOS/Source/queue.o
 .ARM.attributes
                0x0000000000000317       0x34 ./Middlewares/Third_Party/FreeRTOS/Source/tasks.o
 .ARM.attributes
                0x000000000000034b       0x34 ./Middlewares/Third_Party/FreeRTOS/Source/timers.o
 .ARM.attributes
                0x000000000000037f       0x34 ./Middlewares/Third_Party/FreeRTOS/Source/portable/GCC/ARM_CM4F/port.o
 .ARM.attributes
                0x00000000000003b3       0x34 ./Middlewares/Third_Party/FreeRTOS/Source/portable/MemMang/heap_4.o
 .ARM.attributes
                0x00000000000003e7       0x34 d:/programs/app/a_build/stm32cubeide/stm32cubeide/plugins/com.st.stm32cube.ide.mcu.externaltools.gnu-tools-for-stm32.9-2020-q2-update.win32_2.0.0.202105311346/tools/bin/../lib/gcc/arm-none-eabi/9.3.1/../../../../arm-none-eabi/lib/thumb/v7e-m+fp/hard\libc_nano.a(lib_a-init.o)
 .ARM.attributes
                0x000000000000041b       0x34 d:/programs/app/a_build/stm32cubeide/stm32cubeide/plugins/com.st.stm32cube.ide.mcu.externaltools.gnu-tools-for-stm32.9-2020-q2-update.win32_2.0.0.202105311346/tools/bin/../lib/gcc/arm-none-eabi/9.3.1/../../../../arm-none-eabi/lib/thumb/v7e-m+fp/hard\libc_nano.a(lib_a-memcpy-stub.o)
 .ARM.attributes
                0x000000000000044f       0x34 d:/programs/app/a_build/stm32cubeide/stm32cubeide/plugins/com.st.stm32cube.ide.mcu.externaltools.gnu-tools-for-stm32.9-2020-q2-update.win32_2.0.0.202105311346/tools/bin/../lib/gcc/arm-none-eabi/9.3.1/../../../../arm-none-eabi/lib/thumb/v7e-m+fp/hard\libc_nano.a(lib_a-memset.o)
 .ARM.attributes
                0x0000000000000483       0x1e d:/programs/app/a_build/stm32cubeide/stm32cubeide/plugins/com.st.stm32cube.ide.mcu.externaltools.gnu-tools-for-stm32.9-2020-q2-update.win32_2.0.0.202105311346/tools/bin/../lib/gcc/arm-none-eabi/9.3.1/thumb/v7e-m+fp/hard\libgcc.a(_aeabi_uldivmod.o)
 .ARM.attributes
                0x00000000000004a1       0x34 d:/programs/app/a_build/stm32cubeide/stm32cubeide/plugins/com.st.stm32cube.ide.mcu.externaltools.gnu-tools-for-stm32.9-2020-q2-update.win32_2.0.0.202105311346/tools/bin/../lib/gcc/arm-none-eabi/9.3.1/thumb/v7e-m+fp/hard\libgcc.a(_udivmoddi4.o)
 .ARM.attributes
                0x00000000000004d5       0x1e d:/programs/app/a_build/stm32cubeide/stm32cubeide/plugins/com.st.stm32cube.ide.mcu.externaltools.gnu-tools-for-stm32.9-2020-q2-update.win32_2.0.0.202105311346/tools/bin/../lib/gcc/arm-none-eabi/9.3.1/thumb/v7e-m+fp/hard\libgcc.a(_dvmd_tls.o)
 .ARM.attributes
                0x00000000000004f3       0x1e d:/programs/app/a_build/stm32cubeide/stm32cubeide/plugins/com.st.stm32cube.ide.mcu.externaltools.gnu-tools-for-stm32.9-2020-q2-update.win32_2.0.0.202105311346/tools/bin/../lib/gcc/arm-none-eabi/9.3.1/thumb/v7e-m+fp/hard/crtn.o
OUTPUT(freertos.elf elf32-littlearm)
LOAD linker stubs
LOAD d:/programs/app/a_build/stm32cubeide/stm32cubeide/plugins/com.st.stm32cube.ide.mcu.externaltools.gnu-tools-for-stm32.9-2020-q2-update.win32_2.0.0.202105311346/tools/bin/../lib/gcc/arm-none-eabi/9.3.1/../../../../arm-none-eabi/lib/thumb/v7e-m+fp/hard\libc.a
LOAD d:/programs/app/a_build/stm32cubeide/stm32cubeide/plugins/com.st.stm32cube.ide.mcu.externaltools.gnu-tools-for-stm32.9-2020-q2-update.win32_2.0.0.202105311346/tools/bin/../lib/gcc/arm-none-eabi/9.3.1/../../../../arm-none-eabi/lib/thumb/v7e-m+fp/hard\libm.a
LOAD d:/programs/app/a_build/stm32cubeide/stm32cubeide/plugins/com.st.stm32cube.ide.mcu.externaltools.gnu-tools-for-stm32.9-2020-q2-update.win32_2.0.0.202105311346/tools/bin/../lib/gcc/arm-none-eabi/9.3.1/thumb/v7e-m+fp/hard\libgcc.a

.debug_info     0x0000000000000000    0x10d87
 .debug_info    0x0000000000000000      0x51c ./Core/Src/freertos.o
 .debug_info    0x000000000000051c      0x4f5 ./Core/Src/gpio.o
 .debug_info    0x0000000000000a11      0x58c ./Core/Src/main.o
 .debug_info    0x0000000000000f9d      0x5b9 ./Core/Src/stm32f4xx_hal_msp.o
 .debug_info    0x0000000000001556      0x211 ./Core/Src/stm32f4xx_it.o
 .debug_info    0x0000000000001767      0x5a4 ./Core/Src/system_stm32f4xx.o
 .debug_info    0x0000000000001d0b       0x22 ./Core/Startup/startup_stm32f407vetx.o
 .debug_info    0x0000000000001d2d      0x9b2 ./Drivers/STM32F4xx_HAL_Driver/Src/stm32f4xx_hal.o
 .debug_info    0x00000000000026df      0xed7 ./Drivers/STM32F4xx_HAL_Driver/Src/stm32f4xx_hal_cortex.o
 .debug_info    0x00000000000035b6      0x83e ./Drivers/STM32F4xx_HAL_Driver/Src/stm32f4xx_hal_gpio.o
 .debug_info    0x0000000000003df4      0x996 ./Drivers/STM32F4xx_HAL_Driver/Src/stm32f4xx_hal_rcc.o
 .debug_info    0x000000000000478a     0x3d95 ./Middlewares/Third_Party/FreeRTOS/Source/CMSIS_RTOS_V2/cmsis_os2.o
 .debug_info    0x000000000000851f      0xb82 ./Middlewares/Third_Party/FreeRTOS/Source/list.o
 .debug_info    0x00000000000090a1     0x23b0 ./Middlewares/Third_Party/FreeRTOS/Source/queue.o
 .debug_info    0x000000000000b451     0x2ac6 ./Middlewares/Third_Party/FreeRTOS/Source/tasks.o
 .debug_info    0x000000000000df17     0x1bf5 ./Middlewares/Third_Party/FreeRTOS/Source/timers.o
 .debug_info    0x000000000000fb0c      0x4f1 ./Middlewares/Third_Party/FreeRTOS/Source/portable/GCC/ARM_CM4F/port.o
 .debug_info    0x000000000000fffd      0xd8a ./Middlewares/Third_Party/FreeRTOS/Source/portable/MemMang/heap_4.o

.debug_abbrev   0x0000000000000000     0x271f
 .debug_abbrev  0x0000000000000000      0x17a ./Core/Src/freertos.o
 .debug_abbrev  0x000000000000017a      0x14e ./Core/Src/gpio.o
 .debug_abbrev  0x00000000000002c8      0x1aa ./Core/Src/main.o
 .debug_abbrev  0x0000000000000472      0x126 ./Core/Src/stm32f4xx_hal_msp.o
 .debug_abbrev  0x0000000000000598       0xd2 ./Core/Src/stm32f4xx_it.o
 .debug_abbrev  0x000000000000066a      0x145 ./Core/Src/system_stm32f4xx.o
 .debug_abbrev  0x00000000000007af       0x12 ./Core/Startup/startup_stm32f407vetx.o
 .debug_abbrev  0x00000000000007c1      0x1ed ./Drivers/STM32F4xx_HAL_Driver/Src/stm32f4xx_hal.o
 .debug_abbrev  0x00000000000009ae      0x33c ./Drivers/STM32F4xx_HAL_Driver/Src/stm32f4xx_hal_cortex.o
 .debug_abbrev  0x0000000000000cea      0x1f1 ./Drivers/STM32F4xx_HAL_Driver/Src/stm32f4xx_hal_gpio.o
 .debug_abbrev  0x0000000000000edb      0x275 ./Drivers/STM32F4xx_HAL_Driver/Src/stm32f4xx_hal_rcc.o
 .debug_abbrev  0x0000000000001150      0x4a3 ./Middlewares/Third_Party/FreeRTOS/Source/CMSIS_RTOS_V2/cmsis_os2.o
 .debug_abbrev  0x00000000000015f3      0x1f7 ./Middlewares/Third_Party/FreeRTOS/Source/list.o
 .debug_abbrev  0x00000000000017ea      0x380 ./Middlewares/Third_Party/FreeRTOS/Source/queue.o
 .debug_abbrev  0x0000000000001b6a      0x39a ./Middlewares/Third_Party/FreeRTOS/Source/tasks.o
 .debug_abbrev  0x0000000000001f04      0x317 ./Middlewares/Third_Party/FreeRTOS/Source/timers.o
 .debug_abbrev  0x000000000000221b      0x231 ./Middlewares/Third_Party/FreeRTOS/Source/portable/GCC/ARM_CM4F/port.o
 .debug_abbrev  0x000000000000244c      0x2d3 ./Middlewares/Third_Party/FreeRTOS/Source/portable/MemMang/heap_4.o

.debug_aranges  0x0000000000000000      0xc38
 .debug_aranges
                0x0000000000000000       0x30 ./Core/Src/freertos.o
 .debug_aranges
                0x0000000000000030       0x20 ./Core/Src/gpio.o
 .debug_aranges
                0x0000000000000050       0x30 ./Core/Src/main.o
 .debug_aranges
                0x0000000000000080       0x20 ./Core/Src/stm32f4xx_hal_msp.o
 .debug_aranges
                0x00000000000000a0       0x50 ./Core/Src/stm32f4xx_it.o
 .debug_aranges
                0x00000000000000f0       0x28 ./Core/Src/system_stm32f4xx.o
 .debug_aranges
                0x0000000000000118       0x28 ./Core/Startup/startup_stm32f407vetx.o
 .debug_aranges
                0x0000000000000140       0xf0 ./Drivers/STM32F4xx_HAL_Driver/Src/stm32f4xx_hal.o
 .debug_aranges
                0x0000000000000230      0x118 ./Drivers/STM32F4xx_HAL_Driver/Src/stm32f4xx_hal_cortex.o
 .debug_aranges
                0x0000000000000348       0x58 ./Drivers/STM32F4xx_HAL_Driver/Src/stm32f4xx_hal_gpio.o
 .debug_aranges
                0x00000000000003a0       0x88 ./Drivers/STM32F4xx_HAL_Driver/Src/stm32f4xx_hal_rcc.o
 .debug_aranges
                0x0000000000000428      0x2a8 ./Middlewares/Third_Party/FreeRTOS/Source/CMSIS_RTOS_V2/cmsis_os2.o
 .debug_aranges
                0x00000000000006d0       0x40 ./Middlewares/Third_Party/FreeRTOS/Source/list.o
 .debug_aranges
                0x0000000000000710      0x158 ./Middlewares/Third_Party/FreeRTOS/Source/queue.o
 .debug_aranges
                0x0000000000000868      0x208 ./Middlewares/Third_Party/FreeRTOS/Source/tasks.o
 .debug_aranges
                0x0000000000000a70       0xf0 ./Middlewares/Third_Party/FreeRTOS/Source/timers.o
 .debug_aranges
                0x0000000000000b60       0x80 ./Middlewares/Third_Party/FreeRTOS/Source/portable/GCC/ARM_CM4F/port.o
 .debug_aranges
                0x0000000000000be0       0x58 ./Middlewares/Third_Party/FreeRTOS/Source/portable/MemMang/heap_4.o

.debug_ranges   0x0000000000000000      0xb20
 .debug_ranges  0x0000000000000000       0x20 ./Core/Src/freertos.o
 .debug_ranges  0x0000000000000020       0x10 ./Core/Src/gpio.o
 .debug_ranges  0x0000000000000030       0x20 ./Core/Src/main.o
 .debug_ranges  0x0000000000000050       0x10 ./Core/Src/stm32f4xx_hal_msp.o
 .debug_ranges  0x0000000000000060       0x40 ./Core/Src/stm32f4xx_it.o
 .debug_ranges  0x00000000000000a0       0x18 ./Core/Src/system_stm32f4xx.o
 .debug_ranges  0x00000000000000b8       0x20 ./Core/Startup/startup_stm32f407vetx.o
 .debug_ranges  0x00000000000000d8       0xe0 ./Drivers/STM32F4xx_HAL_Driver/Src/stm32f4xx_hal.o
 .debug_ranges  0x00000000000001b8      0x108 ./Drivers/STM32F4xx_HAL_Driver/Src/stm32f4xx_hal_cortex.o
 .debug_ranges  0x00000000000002c0       0x48 ./Drivers/STM32F4xx_HAL_Driver/Src/stm32f4xx_hal_gpio.o
 .debug_ranges  0x0000000000000308       0x78 ./Drivers/STM32F4xx_HAL_Driver/Src/stm32f4xx_hal_rcc.o
 .debug_ranges  0x0000000000000380      0x298 ./Middlewares/Third_Party/FreeRTOS/Source/CMSIS_RTOS_V2/cmsis_os2.o
 .debug_ranges  0x0000000000000618       0x30 ./Middlewares/Third_Party/FreeRTOS/Source/list.o
 .debug_ranges  0x0000000000000648      0x148 ./Middlewares/Third_Party/FreeRTOS/Source/queue.o
 .debug_ranges  0x0000000000000790      0x1f8 ./Middlewares/Third_Party/FreeRTOS/Source/tasks.o
 .debug_ranges  0x0000000000000988       0xe0 ./Middlewares/Third_Party/FreeRTOS/Source/timers.o
 .debug_ranges  0x0000000000000a68       0x70 ./Middlewares/Third_Party/FreeRTOS/Source/portable/GCC/ARM_CM4F/port.o
 .debug_ranges  0x0000000000000ad8       0x48 ./Middlewares/Third_Party/FreeRTOS/Source/portable/MemMang/heap_4.o

.debug_macro    0x0000000000000000    0x2135a
 .debug_macro   0x0000000000000000      0x249 ./Core/Src/freertos.o
 .debug_macro   0x0000000000000249      0xaa8 ./Core/Src/freertos.o
 .debug_macro   0x0000000000000cf1      0x174 ./Core/Src/freertos.o
 .debug_macro   0x0000000000000e65       0x22 ./Core/Src/freertos.o
 .debug_macro   0x0000000000000e87       0x8e ./Core/Src/freertos.o
 .debug_macro   0x0000000000000f15       0x51 ./Core/Src/freertos.o
 .debug_macro   0x0000000000000f66      0x103 ./Core/Src/freertos.o
 .debug_macro   0x0000000000001069       0x6a ./Core/Src/freertos.o
 .debug_macro   0x00000000000010d3      0x1df ./Core/Src/freertos.o
 .debug_macro   0x00000000000012b2      0x169 ./Core/Src/freertos.o
 .debug_macro   0x000000000000141b      0x15a ./Core/Src/freertos.o
 .debug_macro   0x0000000000001575       0xc9 ./Core/Src/freertos.o
 .debug_macro   0x000000000000163e       0x1c ./Core/Src/freertos.o
 .debug_macro   0x000000000000165a       0x26 ./Core/Src/freertos.o
 .debug_macro   0x0000000000001680      0x4c5 ./Core/Src/freertos.o
 .debug_macro   0x0000000000001b45       0xb5 ./Core/Src/freertos.o
 .debug_macro   0x0000000000001bfa       0xaa ./Core/Src/freertos.o
 .debug_macro   0x0000000000001ca4      0x28f ./Core/Src/freertos.o
 .debug_macro   0x0000000000001f33       0x2e ./Core/Src/freertos.o
 .debug_macro   0x0000000000001f61       0x2f ./Core/Src/freertos.o
 .debug_macro   0x0000000000001f90       0x1c ./Core/Src/freertos.o
 .debug_macro   0x0000000000001fac       0x22 ./Core/Src/freertos.o
 .debug_macro   0x0000000000001fce       0xdf ./Core/Src/freertos.o
 .debug_macro   0x00000000000020ad     0x102d ./Core/Src/freertos.o
 .debug_macro   0x00000000000030da      0x11f ./Core/Src/freertos.o
 .debug_macro   0x00000000000031f9    0x15e58 ./Core/Src/freertos.o
 .debug_macro   0x0000000000019051       0x6d ./Core/Src/freertos.o
 .debug_macro   0x00000000000190be     0x3666 ./Core/Src/freertos.o
 .debug_macro   0x000000000001c724       0x5c ./Core/Src/freertos.o
 .debug_macro   0x000000000001c780      0x96b ./Core/Src/freertos.o
 .debug_macro   0x000000000001d0eb      0x9fe ./Core/Src/freertos.o
 .debug_macro   0x000000000001dae9      0x116 ./Core/Src/freertos.o
 .debug_macro   0x000000000001dbff      0x13e ./Core/Src/freertos.o
 .debug_macro   0x000000000001dd3d       0xa5 ./Core/Src/freertos.o
 .debug_macro   0x000000000001dde2      0x174 ./Core/Src/freertos.o
 .debug_macro   0x000000000001df56      0x287 ./Core/Src/freertos.o
 .debug_macro   0x000000000001e1dd       0x5f ./Core/Src/freertos.o
 .debug_macro   0x000000000001e23c      0x236 ./Core/Src/freertos.o
 .debug_macro   0x000000000001e472      0x12c ./Core/Src/freertos.o
 .debug_macro   0x000000000001e59e      0x21e ./Core/Src/freertos.o
 .debug_macro   0x000000000001e7bc       0x2e ./Core/Src/freertos.o
 .debug_macro   0x000000000001e7ea      0x11a ./Core/Src/freertos.o
 .debug_macro   0x000000000001e904       0x7e ./Core/Src/freertos.o
 .debug_macro   0x000000000001e982       0x89 ./Core/Src/freertos.o
 .debug_macro   0x000000000001ea0b      0x12d ./Core/Src/freertos.o
 .debug_macro   0x000000000001eb38       0x1c ./Core/Src/freertos.o
 .debug_macro   0x000000000001eb54       0x6c ./Core/Src/freertos.o
 .debug_macro   0x000000000001ebc0       0x74 ./Core/Src/freertos.o
 .debug_macro   0x000000000001ec34       0xdd ./Core/Src/freertos.o
 .debug_macro   0x000000000001ed11      0x1c9 ./Core/Src/gpio.o
 .debug_macro   0x000000000001eeda      0x25d ./Core/Src/main.o
 .debug_macro   0x000000000001f137      0x169 ./Core/Src/main.o
 .debug_macro   0x000000000001f2a0       0x66 ./Core/Src/main.o
 .debug_macro   0x000000000001f306      0x1bf ./Core/Src/stm32f4xx_hal_msp.o
 .debug_macro   0x000000000001f4c5      0x231 ./Core/Src/stm32f4xx_it.o
 .debug_macro   0x000000000001f6f6      0x1b0 ./Core/Src/system_stm32f4xx.o
 .debug_macro   0x000000000001f8a6      0x210 ./Drivers/STM32F4xx_HAL_Driver/Src/stm32f4xx_hal.o
 .debug_macro   0x000000000001fab6      0x1b0 ./Drivers/STM32F4xx_HAL_Driver/Src/stm32f4xx_hal_cortex.o
 .debug_macro   0x000000000001fc66      0x1b6 ./Drivers/STM32F4xx_HAL_Driver/Src/stm32f4xx_hal_gpio.o
 .debug_macro   0x000000000001fe1c      0x1d4 ./Drivers/STM32F4xx_HAL_Driver/Src/stm32f4xx_hal_rcc.o
 .debug_macro   0x000000000001fff0      0x3a7 ./Middlewares/Third_Party/FreeRTOS/Source/CMSIS_RTOS_V2/cmsis_os2.o
 .debug_macro   0x0000000000020397       0x10 ./Middlewares/Third_Party/FreeRTOS/Source/CMSIS_RTOS_V2/cmsis_os2.o
 .debug_macro   0x00000000000203a7       0x20 ./Middlewares/Third_Party/FreeRTOS/Source/CMSIS_RTOS_V2/cmsis_os2.o
 .debug_macro   0x00000000000203c7       0x10 ./Middlewares/Third_Party/FreeRTOS/Source/CMSIS_RTOS_V2/cmsis_os2.o
 .debug_macro   0x00000000000203d7       0xd3 ./Middlewares/Third_Party/FreeRTOS/Source/CMSIS_RTOS_V2/cmsis_os2.o
 .debug_macro   0x00000000000204aa       0x91 ./Middlewares/Third_Party/FreeRTOS/Source/CMSIS_RTOS_V2/cmsis_os2.o
 .debug_macro   0x000000000002053b       0x8d ./Middlewares/Third_Party/FreeRTOS/Source/CMSIS_RTOS_V2/cmsis_os2.o
 .debug_macro   0x00000000000205c8       0x9a ./Middlewares/Third_Party/FreeRTOS/Source/CMSIS_RTOS_V2/cmsis_os2.o
 .debug_macro   0x0000000000020662       0x22 ./Middlewares/Third_Party/FreeRTOS/Source/CMSIS_RTOS_V2/cmsis_os2.o
 .debug_macro   0x0000000000020684       0x56 ./Middlewares/Third_Party/FreeRTOS/Source/CMSIS_RTOS_V2/cmsis_os2.o
 .debug_macro   0x00000000000206da      0x187 ./Middlewares/Third_Party/FreeRTOS/Source/list.o
 .debug_macro   0x0000000000020861      0x216 ./Middlewares/Third_Party/FreeRTOS/Source/queue.o
 .debug_macro   0x0000000000020a77       0x16 ./Middlewares/Third_Party/FreeRTOS/Source/queue.o
 .debug_macro   0x0000000000020a8d       0x87 ./Middlewares/Third_Party/FreeRTOS/Source/queue.o
 .debug_macro   0x0000000000020b14      0x27f ./Middlewares/Third_Party/FreeRTOS/Source/tasks.o
 .debug_macro   0x0000000000020d93       0x10 ./Middlewares/Third_Party/FreeRTOS/Source/tasks.o
 .debug_macro   0x0000000000020da3      0x1dc ./Middlewares/Third_Party/FreeRTOS/Source/timers.o
 .debug_macro   0x0000000000020f7f       0x97 ./Middlewares/Third_Party/FreeRTOS/Source/timers.o
 .debug_macro   0x0000000000021016      0x196 ./Middlewares/Third_Party/FreeRTOS/Source/portable/GCC/ARM_CM4F/port.o
 .debug_macro   0x00000000000211ac      0x1ae ./Middlewares/Third_Party/FreeRTOS/Source/portable/MemMang/heap_4.o

.debug_line     0x0000000000000000     0xdae5
 .debug_line    0x0000000000000000      0x856 ./Core/Src/freertos.o
 .debug_line    0x0000000000000856      0x6bc ./Core/Src/gpio.o
 .debug_line    0x0000000000000f12      0x881 ./Core/Src/main.o
 .debug_line    0x0000000000001793      0x6af ./Core/Src/stm32f4xx_hal_msp.o
 .debug_line    0x0000000000001e42      0x856 ./Core/Src/stm32f4xx_it.o
 .debug_line    0x0000000000002698      0x72f ./Core/Src/system_stm32f4xx.o
 .debug_line    0x0000000000002dc7       0x88 ./Core/Startup/startup_stm32f407vetx.o
 .debug_line    0x0000000000002e4f      0x995 ./Drivers/STM32F4xx_HAL_Driver/Src/stm32f4xx_hal.o
 .debug_line    0x00000000000037e4      0xc44 ./Drivers/STM32F4xx_HAL_Driver/Src/stm32f4xx_hal_cortex.o
 .debug_line    0x0000000000004428      0xb0b ./Drivers/STM32F4xx_HAL_Driver/Src/stm32f4xx_hal_gpio.o
 .debug_line    0x0000000000004f33      0xd0f ./Drivers/STM32F4xx_HAL_Driver/Src/stm32f4xx_hal_rcc.o
 .debug_line    0x0000000000005c42     0x2391 ./Middlewares/Third_Party/FreeRTOS/Source/CMSIS_RTOS_V2/cmsis_os2.o
 .debug_line    0x0000000000007fd3      0x747 ./Middlewares/Third_Party/FreeRTOS/Source/list.o
 .debug_line    0x000000000000871a     0x1711 ./Middlewares/Third_Party/FreeRTOS/Source/queue.o
 .debug_line    0x0000000000009e2b     0x1dc6 ./Middlewares/Third_Party/FreeRTOS/Source/tasks.o
 .debug_line    0x000000000000bbf1      0xda4 ./Middlewares/Third_Party/FreeRTOS/Source/timers.o
 .debug_line    0x000000000000c995      0x7df ./Middlewares/Third_Party/FreeRTOS/Source/portable/GCC/ARM_CM4F/port.o
 .debug_line    0x000000000000d174      0x971 ./Middlewares/Third_Party/FreeRTOS/Source/portable/MemMang/heap_4.o

.debug_str      0x0000000000000000    0xc97d9
 .debug_str     0x0000000000000000    0xbf513 ./Core/Src/freertos.o
                                      0xbf7c2 (size before relaxing)
 .debug_str     0x00000000000bf513      0x160 ./Core/Src/gpio.o
                                      0xbaaed (size before relaxing)
 .debug_str     0x00000000000bf673      0x1a3 ./Core/Src/main.o
                                      0xbf503 (size before relaxing)
 .debug_str     0x00000000000bf816      0x4fd ./Core/Src/stm32f4xx_hal_msp.o
                                      0xbaf3e (size before relaxing)
 .debug_str     0x00000000000bfd13       0xa2 ./Core/Src/stm32f4xx_it.o
                                      0xbe78c (size before relaxing)
 .debug_str     0x00000000000bfdb5       0xaf ./Core/Src/system_stm32f4xx.o
                                      0xbaa70 (size before relaxing)
 .debug_str     0x00000000000bfe64       0x36 ./Core/Startup/startup_stm32f407vetx.o
                                         0x5b (size before relaxing)
 .debug_str     0x00000000000bfe9a      0x58d ./Drivers/STM32F4xx_HAL_Driver/Src/stm32f4xx_hal.o
                                      0xbb552 (size before relaxing)
 .debug_str     0x00000000000c0427      0x389 ./Drivers/STM32F4xx_HAL_Driver/Src/stm32f4xx_hal_cortex.o
                                      0xbb341 (size before relaxing)
 .debug_str     0x00000000000c07b0      0x15f ./Drivers/STM32F4xx_HAL_Driver/Src/stm32f4xx_hal_gpio.o
                                      0xbac17 (size before relaxing)
 .debug_str     0x00000000000c090f      0x259 ./Drivers/STM32F4xx_HAL_Driver/Src/stm32f4xx_hal_rcc.o
                                      0xbae72 (size before relaxing)
 .debug_str     0x00000000000c0b68     0x5ce9 ./Middlewares/Third_Party/FreeRTOS/Source/CMSIS_RTOS_V2/cmsis_os2.o
                                      0xc51b3 (size before relaxing)
 .debug_str     0x00000000000c6851      0x219 ./Middlewares/Third_Party/FreeRTOS/Source/list.o
                                       0xab35 (size before relaxing)
 .debug_str     0x00000000000c6a6a      0x948 ./Middlewares/Third_Party/FreeRTOS/Source/queue.o
                                       0xc4b2 (size before relaxing)
 .debug_str     0x00000000000c73b2     0x12b5 ./Middlewares/Third_Party/FreeRTOS/Source/tasks.o
                                       0xd014 (size before relaxing)
 .debug_str     0x00000000000c8667      0x620 ./Middlewares/Third_Party/FreeRTOS/Source/timers.o
                                       0xca2f (size before relaxing)
 .debug_str     0x00000000000c8c87      0x817 ./Middlewares/Third_Party/FreeRTOS/Source/portable/GCC/ARM_CM4F/port.o
                                       0x8678 (size before relaxing)
 .debug_str     0x00000000000c949e      0x33b ./Middlewares/Third_Party/FreeRTOS/Source/portable/MemMang/heap_4.o
                                       0xb428 (size before relaxing)

.comment        0x0000000000000000       0x53
 .comment       0x0000000000000000       0x53 ./Core/Src/freertos.o
                                         0x54 (size before relaxing)
 .comment       0x0000000000000053       0x54 ./Core/Src/gpio.o
 .comment       0x0000000000000053       0x54 ./Core/Src/main.o
 .comment       0x0000000000000053       0x54 ./Core/Src/stm32f4xx_hal_msp.o
 .comment       0x0000000000000053       0x54 ./Core/Src/stm32f4xx_it.o
 .comment       0x0000000000000053       0x54 ./Core/Src/system_stm32f4xx.o
 .comment       0x0000000000000053       0x54 ./Drivers/STM32F4xx_HAL_Driver/Src/stm32f4xx_hal.o
 .comment       0x0000000000000053       0x54 ./Drivers/STM32F4xx_HAL_Driver/Src/stm32f4xx_hal_cortex.o
 .comment       0x0000000000000053       0x54 ./Drivers/STM32F4xx_HAL_Driver/Src/stm32f4xx_hal_gpio.o
 .comment       0x0000000000000053       0x54 ./Drivers/STM32F4xx_HAL_Driver/Src/stm32f4xx_hal_rcc.o
 .comment       0x0000000000000053       0x54 ./Middlewares/Third_Party/FreeRTOS/Source/CMSIS_RTOS_V2/cmsis_os2.o
 .comment       0x0000000000000053       0x54 ./Middlewares/Third_Party/FreeRTOS/Source/list.o
 .comment       0x0000000000000053       0x54 ./Middlewares/Third_Party/FreeRTOS/Source/queue.o
 .comment       0x0000000000000053       0x54 ./Middlewares/Third_Party/FreeRTOS/Source/tasks.o
 .comment       0x0000000000000053       0x54 ./Middlewares/Third_Party/FreeRTOS/Source/timers.o
 .comment       0x0000000000000053       0x54 ./Middlewares/Third_Party/FreeRTOS/Source/portable/GCC/ARM_CM4F/port.o
 .comment       0x0000000000000053       0x54 ./Middlewares/Third_Party/FreeRTOS/Source/portable/MemMang/heap_4.o

.debug_frame    0x0000000000000000     0x30c0
 .debug_frame   0x0000000000000000       0x6c ./Core/Src/freertos.o
 .debug_frame   0x000000000000006c       0x34 ./Core/Src/gpio.o
 .debug_frame   0x00000000000000a0       0x68 ./Core/Src/main.o
 .debug_frame   0x0000000000000108       0x34 ./Core/Src/stm32f4xx_hal_msp.o
 .debug_frame   0x000000000000013c       0xc4 ./Core/Src/stm32f4xx_it.o
 .debug_frame   0x0000000000000200       0x58 ./Core/Src/system_stm32f4xx.o
 .debug_frame   0x0000000000000258      0x374 ./Drivers/STM32F4xx_HAL_Driver/Src/stm32f4xx_hal.o
 .debug_frame   0x00000000000005cc      0x498 ./Drivers/STM32F4xx_HAL_Driver/Src/stm32f4xx_hal_cortex.o
 .debug_frame   0x0000000000000a64      0x14c ./Drivers/STM32F4xx_HAL_Driver/Src/stm32f4xx_hal_gpio.o
 .debug_frame   0x0000000000000bb0      0x1ec ./Drivers/STM32F4xx_HAL_Driver/Src/stm32f4xx_hal_rcc.o
 .debug_frame   0x0000000000000d9c      0xbc8 ./Middlewares/Third_Party/FreeRTOS/Source/CMSIS_RTOS_V2/cmsis_os2.o
 .debug_frame   0x0000000000001964       0xd8 ./Middlewares/Third_Party/FreeRTOS/Source/list.o
 .debug_frame   0x0000000000001a3c      0x5ec ./Middlewares/Third_Party/FreeRTOS/Source/queue.o
 .debug_frame   0x0000000000002028      0x8f0 ./Middlewares/Third_Party/FreeRTOS/Source/tasks.o
 .debug_frame   0x0000000000002918      0x400 ./Middlewares/Third_Party/FreeRTOS/Source/timers.o
 .debug_frame   0x0000000000002d18      0x1a8 ./Middlewares/Third_Party/FreeRTOS/Source/portable/GCC/ARM_CM4F/port.o
 .debug_frame   0x0000000000002ec0      0x12c ./Middlewares/Third_Party/FreeRTOS/Source/portable/MemMang/heap_4.o
 .debug_frame   0x0000000000002fec       0x2c d:/programs/app/a_build/stm32cubeide/stm32cubeide/plugins/com.st.stm32cube.ide.mcu.externaltools.gnu-tools-for-stm32.9-2020-q2-update.win32_2.0.0.202105311346/tools/bin/../lib/gcc/arm-none-eabi/9.3.1/../../../../arm-none-eabi/lib/thumb/v7e-m+fp/hard\libc_nano.a(lib_a-init.o)
 .debug_frame   0x0000000000003018       0x28 d:/programs/app/a_build/stm32cubeide/stm32cubeide/plugins/com.st.stm32cube.ide.mcu.externaltools.gnu-tools-for-stm32.9-2020-q2-update.win32_2.0.0.202105311346/tools/bin/../lib/gcc/arm-none-eabi/9.3.1/../../../../arm-none-eabi/lib/thumb/v7e-m+fp/hard\libc_nano.a(lib_a-memcpy-stub.o)
 .debug_frame   0x0000000000003040       0x20 d:/programs/app/a_build/stm32cubeide/stm32cubeide/plugins/com.st.stm32cube.ide.mcu.externaltools.gnu-tools-for-stm32.9-2020-q2-update.win32_2.0.0.202105311346/tools/bin/../lib/gcc/arm-none-eabi/9.3.1/../../../../arm-none-eabi/lib/thumb/v7e-m+fp/hard\libc_nano.a(lib_a-memset.o)
 .debug_frame   0x0000000000003060       0x2c d:/programs/app/a_build/stm32cubeide/stm32cubeide/plugins/com.st.stm32cube.ide.mcu.externaltools.gnu-tools-for-stm32.9-2020-q2-update.win32_2.0.0.202105311346/tools/bin/../lib/gcc/arm-none-eabi/9.3.1/thumb/v7e-m+fp/hard\libgcc.a(_aeabi_uldivmod.o)
 .debug_frame   0x000000000000308c       0x34 d:/programs/app/a_build/stm32cubeide/stm32cubeide/plugins/com.st.stm32cube.ide.mcu.externaltools.gnu-tools-for-stm32.9-2020-q2-update.win32_2.0.0.202105311346/tools/bin/../lib/gcc/arm-none-eabi/9.3.1/thumb/v7e-m+fp/hard\libgcc.a(_udivmoddi4.o)
