#-----------------------------------------------------------
# Vivado v2019.1 (64-bit)
# SW Build 2552052 on Fri May 24 14:49:42 MDT 2019
# IP Build 2548770 on Fri May 24 18:01:18 MDT 2019
# Start of session at: Tue Dec  8 15:51:38 2020
# Process ID: 1944
# Current directory: C:/Users/lenovo/Desktop/simplecpu32/Reggroup32
# Command line: vivado.exe -gui_launcher_event rodinguilauncherevent1936 C:\Users\lenovo\Desktop\simplecpu32\Reggroup32\Reggroup32.xpr
# Log file: C:/Users/lenovo/Desktop/simplecpu32/Reggroup32/vivado.log
# Journal file: C:/Users/lenovo/Desktop/simplecpu32/Reggroup32\vivado.jou
#-----------------------------------------------------------
start_gui
open_project C:/Users/lenovo/Desktop/simplecpu32/Reggroup32/Reggroup32.xpr
update_compile_order -fileset sources_1
launch_simulation
source reggroup32_tb.tcl
close_sim
launch_simulation
source reggroup32_tb.tcl
close_sim
launch_simulation
source reggroup32_tb.tcl
close_sim
launch_simulation
source reggroup32_tb.tcl
close_sim
